2025-10-06 08:59:55.655 +02:00 [INF] Applying database migrations... {"SourceContext":"Program","Application":"MiniJira"}
2025-10-06 08:59:56.356 +02:00 [WRN] The 'TaskPriority' property 'Priority' on entity type 'Task' is configured with a database-generated default, but has no configured sentinel value. The database-generated default will always be used for inserts when the property has the value 'Low', since this is the CLR default for the 'TaskPriority' type. Consider using a nullable type, using a nullable backing field, or setting the sentinel value for the property to ensure the database default is used when, and only when, appropriate. See https://aka.ms/efcore-docs-default-values for more information. {"EventId":{"Id":20601,"Name":"Microsoft.EntityFrameworkCore.Model.Validation.BoolWithDefaultWarning"},"SourceContext":"Microsoft.EntityFrameworkCore.Model.Validation","Application":"MiniJira"}
2025-10-06 08:59:56.562 +02:00 [INF] Acquiring an exclusive lock for migration application. See https://aka.ms/efcore-docs-migrations-lock for more information if this takes too long. {"EventId":{"Id":20411,"Name":"Microsoft.EntityFrameworkCore.Migrations.AcquiringMigrationLock"},"SourceContext":"Microsoft.EntityFrameworkCore.Migrations","Application":"MiniJira"}
2025-10-06 08:59:56.701 +02:00 [INF] No migrations were applied. The database is already up to date. {"EventId":{"Id":20405,"Name":"Microsoft.EntityFrameworkCore.Migrations.MigrationsNotApplied"},"SourceContext":"Microsoft.EntityFrameworkCore.Migrations","Application":"MiniJira"}
2025-10-06 08:59:56.710 +02:00 [INF] Database migrations applied successfully {"SourceContext":"Program","Application":"MiniJira"}
2025-10-06 08:59:57.487 +02:00 [ERR] Hosting failed to start {"EventId":{"Id":11,"Name":"HostedServiceStartupFaulted"},"SourceContext":"Microsoft.Extensions.Hosting.Internal.Host","Application":"MiniJira"}
System.IO.IOException: Failed to bind to address https://127.0.0.1:7105: address already in use.
 ---> Microsoft.AspNetCore.Connections.AddressInUseException: Only one usage of each socket address (protocol/network address/port) is normally permitted.
 ---> System.Net.Sockets.SocketException (10048): Only one usage of each socket address (protocol/network address/port) is normally permitted.
   at System.Net.Sockets.Socket.UpdateStatusAfterSocketErrorAndThrowException(SocketError error, Boolean disconnectOnFailure, String callerName)
   at System.Net.Sockets.Socket.DoBind(EndPoint endPointSnapshot, SocketAddress socketAddress)
   at System.Net.Sockets.Socket.Bind(EndPoint localEP)
   at Microsoft.AspNetCore.Server.Kestrel.Transport.Sockets.SocketTransportOptions.CreateDefaultBoundListenSocket(EndPoint endpoint)
   at Microsoft.AspNetCore.Server.Kestrel.Transport.Sockets.SocketConnectionListener.Bind()
   --- End of inner exception stack trace ---
   at Microsoft.AspNetCore.Server.Kestrel.Transport.Sockets.SocketConnectionListener.Bind()
   at Microsoft.AspNetCore.Server.Kestrel.Transport.Sockets.SocketTransportFactory.BindAsync(EndPoint endpoint, CancellationToken cancellationToken)
   at Microsoft.AspNetCore.Server.Kestrel.Core.Internal.Infrastructure.TransportManager.BindAsync(EndPoint endPoint, ConnectionDelegate connectionDelegate, EndpointConfig endpointConfig, CancellationToken cancellationToken)
   at Microsoft.AspNetCore.Server.Kestrel.Core.KestrelServerImpl.<>c__DisplayClass28_0`1.<<StartAsync>g__OnBind|0>d.MoveNext()
--- End of stack trace from previous location ---
   at Microsoft.AspNetCore.Server.Kestrel.Core.Internal.AddressBinder.BindEndpointAsync(ListenOptions endpoint, AddressBindContext context, CancellationToken cancellationToken)
   --- End of inner exception stack trace ---
   at Microsoft.AspNetCore.Server.Kestrel.Core.Internal.AddressBinder.BindEndpointAsync(ListenOptions endpoint, AddressBindContext context, CancellationToken cancellationToken)
   at Microsoft.AspNetCore.Server.Kestrel.Core.LocalhostListenOptions.BindAsync(AddressBindContext context, CancellationToken cancellationToken)
   at Microsoft.AspNetCore.Server.Kestrel.Core.Internal.AddressBinder.AddressesStrategy.BindAsync(AddressBindContext context, CancellationToken cancellationToken)
   at Microsoft.AspNetCore.Server.Kestrel.Core.Internal.AddressBinder.BindAsync(ListenOptions[] listenOptions, AddressBindContext context, Func`2 useHttps, CancellationToken cancellationToken)
   at Microsoft.AspNetCore.Server.Kestrel.Core.KestrelServerImpl.BindAsync(CancellationToken cancellationToken)
   at Microsoft.AspNetCore.Server.Kestrel.Core.KestrelServerImpl.StartAsync[TContext](IHttpApplication`1 application, CancellationToken cancellationToken)
   at Microsoft.AspNetCore.Hosting.GenericWebHostService.StartAsync(CancellationToken cancellationToken)
   at Microsoft.Extensions.Hosting.Internal.Host.<StartAsync>b__15_1(IHostedService service, CancellationToken token)
   at Microsoft.Extensions.Hosting.Internal.Host.ForeachService[T](IEnumerable`1 services, CancellationToken token, Boolean concurrent, Boolean abortOnFirstException, List`1 exceptions, Func`3 operation)
2025-10-06 09:00:25.327 +02:00 [INF] Applying database migrations... {"SourceContext":"Program","Application":"MiniJira"}
2025-10-06 09:00:25.883 +02:00 [WRN] The 'TaskPriority' property 'Priority' on entity type 'Task' is configured with a database-generated default, but has no configured sentinel value. The database-generated default will always be used for inserts when the property has the value 'Low', since this is the CLR default for the 'TaskPriority' type. Consider using a nullable type, using a nullable backing field, or setting the sentinel value for the property to ensure the database default is used when, and only when, appropriate. See https://aka.ms/efcore-docs-default-values for more information. {"EventId":{"Id":20601,"Name":"Microsoft.EntityFrameworkCore.Model.Validation.BoolWithDefaultWarning"},"SourceContext":"Microsoft.EntityFrameworkCore.Model.Validation","Application":"MiniJira"}
2025-10-06 09:00:26.077 +02:00 [INF] Acquiring an exclusive lock for migration application. See https://aka.ms/efcore-docs-migrations-lock for more information if this takes too long. {"EventId":{"Id":20411,"Name":"Microsoft.EntityFrameworkCore.Migrations.AcquiringMigrationLock"},"SourceContext":"Microsoft.EntityFrameworkCore.Migrations","Application":"MiniJira"}
2025-10-06 09:00:26.172 +02:00 [INF] No migrations were applied. The database is already up to date. {"EventId":{"Id":20405,"Name":"Microsoft.EntityFrameworkCore.Migrations.MigrationsNotApplied"},"SourceContext":"Microsoft.EntityFrameworkCore.Migrations","Application":"MiniJira"}
2025-10-06 09:00:26.183 +02:00 [INF] Database migrations applied successfully {"SourceContext":"Program","Application":"MiniJira"}
2025-10-06 09:00:26.644 +02:00 [INF] Now listening on: https://localhost:7105 {"EventId":{"Id":14,"Name":"ListeningOnAddress"},"SourceContext":"Microsoft.Hosting.Lifetime","Application":"MiniJira"}
2025-10-06 09:00:26.649 +02:00 [INF] Now listening on: http://localhost:5194 {"EventId":{"Id":14,"Name":"ListeningOnAddress"},"SourceContext":"Microsoft.Hosting.Lifetime","Application":"MiniJira"}
2025-10-06 09:00:26.856 +02:00 [INF] Application started. Press Ctrl+C to shut down. {"SourceContext":"Microsoft.Hosting.Lifetime","Application":"MiniJira"}
2025-10-06 09:00:26.865 +02:00 [INF] Hosting environment: Development {"SourceContext":"Microsoft.Hosting.Lifetime","Application":"MiniJira"}
2025-10-06 09:00:26.869 +02:00 [INF] Content root path: D:\KimiAi\MiniJira\MiniJira\MiniJira {"SourceContext":"Microsoft.Hosting.Lifetime","Application":"MiniJira"}
2025-10-06 09:00:29.282 +02:00 [INF] Retrieving all columns for culture en-US {"SourceContext":"MiniJira.Services.ColumnService","TransportConnectionId":"aG9KsqxYPc4B46CPsybJEA","RequestId":"0HNG4KO3L3U5I:0000000F","RequestPath":"/_blazor","ConnectionId":"0HNG4KO3L3U5I","Application":"MiniJira"}
2025-10-06 09:00:29.607 +02:00 [WRN] Compiling a query which loads related collections for more than one collection navigation, either via 'Include' or through projection, but no 'QuerySplittingBehavior' has been configured. By default, Entity Framework will use 'QuerySplittingBehavior.SingleQuery', which can potentially result in slow query performance. See https://go.microsoft.com/fwlink/?linkid=2134277 for more information. To identify the query that's triggering this warning call 'ConfigureWarnings(w => w.Throw(RelationalEventId.MultipleCollectionIncludeWarning))'. {"EventId":{"Id":20504,"Name":"Microsoft.EntityFrameworkCore.Query.MultipleCollectionIncludeWarning"},"SourceContext":"Microsoft.EntityFrameworkCore.Query","TransportConnectionId":"aG9KsqxYPc4B46CPsybJEA","RequestId":"0HNG4KO3L3U5I:0000000F","RequestPath":"/_blazor","ConnectionId":"0HNG4KO3L3U5I","Application":"MiniJira"}
2025-10-06 09:00:29.691 +02:00 [INF] Retrieving all tasks {"SourceContext":"MiniJira.Services.TaskService","TransportConnectionId":"aG9KsqxYPc4B46CPsybJEA","RequestId":"0HNG4KO3L3U5I:0000000F","RequestPath":"/_blazor","ConnectionId":"0HNG4KO3L3U5I","Application":"MiniJira"}
2025-10-06 10:00:55.575 +02:00 [INF] Applying database migrations... {"SourceContext":"Program","Application":"MiniJira"}
2025-10-06 10:00:55.992 +02:00 [WRN] The 'TaskPriority' property 'Priority' on entity type 'Task' is configured with a database-generated default, but has no configured sentinel value. The database-generated default will always be used for inserts when the property has the value 'Low', since this is the CLR default for the 'TaskPriority' type. Consider using a nullable type, using a nullable backing field, or setting the sentinel value for the property to ensure the database default is used when, and only when, appropriate. See https://aka.ms/efcore-docs-default-values for more information. {"EventId":{"Id":20601,"Name":"Microsoft.EntityFrameworkCore.Model.Validation.BoolWithDefaultWarning"},"SourceContext":"Microsoft.EntityFrameworkCore.Model.Validation","Application":"MiniJira"}
2025-10-06 10:00:56.183 +02:00 [INF] Acquiring an exclusive lock for migration application. See https://aka.ms/efcore-docs-migrations-lock for more information if this takes too long. {"EventId":{"Id":20411,"Name":"Microsoft.EntityFrameworkCore.Migrations.AcquiringMigrationLock"},"SourceContext":"Microsoft.EntityFrameworkCore.Migrations","Application":"MiniJira"}
2025-10-06 10:00:56.262 +02:00 [INF] No migrations were applied. The database is already up to date. {"EventId":{"Id":20405,"Name":"Microsoft.EntityFrameworkCore.Migrations.MigrationsNotApplied"},"SourceContext":"Microsoft.EntityFrameworkCore.Migrations","Application":"MiniJira"}
2025-10-06 10:00:56.267 +02:00 [INF] Database migrations applied successfully {"SourceContext":"Program","Application":"MiniJira"}
2025-10-06 10:00:56.496 +02:00 [INF] Now listening on: https://localhost:7105 {"EventId":{"Id":14,"Name":"ListeningOnAddress"},"SourceContext":"Microsoft.Hosting.Lifetime","Application":"MiniJira"}
2025-10-06 10:00:56.497 +02:00 [INF] Now listening on: http://localhost:5194 {"EventId":{"Id":14,"Name":"ListeningOnAddress"},"SourceContext":"Microsoft.Hosting.Lifetime","Application":"MiniJira"}
2025-10-06 10:00:56.497 +02:00 [INF] Application started. Press Ctrl+C to shut down. {"SourceContext":"Microsoft.Hosting.Lifetime","Application":"MiniJira"}
2025-10-06 10:00:56.497 +02:00 [INF] Hosting environment: Development {"SourceContext":"Microsoft.Hosting.Lifetime","Application":"MiniJira"}
2025-10-06 10:00:56.497 +02:00 [INF] Content root path: D:\KimiAi\MiniJira\MiniJira\MiniJira {"SourceContext":"Microsoft.Hosting.Lifetime","Application":"MiniJira"}
2025-10-06 10:39:48.155 +02:00 [INF] Applying database migrations... {"SourceContext":"Program","Application":"MiniJira"}
2025-10-06 10:39:48.730 +02:00 [WRN] The 'TaskPriority' property 'Priority' on entity type 'Task' is configured with a database-generated default, but has no configured sentinel value. The database-generated default will always be used for inserts when the property has the value 'Low', since this is the CLR default for the 'TaskPriority' type. Consider using a nullable type, using a nullable backing field, or setting the sentinel value for the property to ensure the database default is used when, and only when, appropriate. See https://aka.ms/efcore-docs-default-values for more information. {"EventId":{"Id":20601,"Name":"Microsoft.EntityFrameworkCore.Model.Validation.BoolWithDefaultWarning"},"SourceContext":"Microsoft.EntityFrameworkCore.Model.Validation","Application":"MiniJira"}
2025-10-06 10:39:48.984 +02:00 [INF] Acquiring an exclusive lock for migration application. See https://aka.ms/efcore-docs-migrations-lock for more information if this takes too long. {"EventId":{"Id":20411,"Name":"Microsoft.EntityFrameworkCore.Migrations.AcquiringMigrationLock"},"SourceContext":"Microsoft.EntityFrameworkCore.Migrations","Application":"MiniJira"}
2025-10-06 10:39:49.086 +02:00 [INF] No migrations were applied. The database is already up to date. {"EventId":{"Id":20405,"Name":"Microsoft.EntityFrameworkCore.Migrations.MigrationsNotApplied"},"SourceContext":"Microsoft.EntityFrameworkCore.Migrations","Application":"MiniJira"}
2025-10-06 10:39:49.097 +02:00 [INF] Database migrations applied successfully {"SourceContext":"Program","Application":"MiniJira"}
2025-10-06 10:39:49.617 +02:00 [INF] Now listening on: https://localhost:7105 {"EventId":{"Id":14,"Name":"ListeningOnAddress"},"SourceContext":"Microsoft.Hosting.Lifetime","Application":"MiniJira"}
2025-10-06 10:39:49.624 +02:00 [INF] Now listening on: http://localhost:5194 {"EventId":{"Id":14,"Name":"ListeningOnAddress"},"SourceContext":"Microsoft.Hosting.Lifetime","Application":"MiniJira"}
2025-10-06 10:39:49.702 +02:00 [INF] Application started. Press Ctrl+C to shut down. {"SourceContext":"Microsoft.Hosting.Lifetime","Application":"MiniJira"}
2025-10-06 10:39:49.706 +02:00 [INF] Hosting environment: Development {"SourceContext":"Microsoft.Hosting.Lifetime","Application":"MiniJira"}
2025-10-06 10:39:49.709 +02:00 [INF] Content root path: D:\KimiAi\MiniJira\MiniJira\MiniJira {"SourceContext":"Microsoft.Hosting.Lifetime","Application":"MiniJira"}
2025-10-06 10:39:52.593 +02:00 [INF] Retrieving all columns for culture en-US {"SourceContext":"MiniJira.Services.ColumnService","TransportConnectionId":"dzbClazGigxxkzW2SRsvzQ","RequestId":"0HNG4MFKSDP79:00000017","RequestPath":"/_blazor","ConnectionId":"0HNG4MFKSDP79","Application":"MiniJira"}
2025-10-06 10:39:52.867 +02:00 [WRN] Compiling a query which loads related collections for more than one collection navigation, either via 'Include' or through projection, but no 'QuerySplittingBehavior' has been configured. By default, Entity Framework will use 'QuerySplittingBehavior.SingleQuery', which can potentially result in slow query performance. See https://go.microsoft.com/fwlink/?linkid=2134277 for more information. To identify the query that's triggering this warning call 'ConfigureWarnings(w => w.Throw(RelationalEventId.MultipleCollectionIncludeWarning))'. {"EventId":{"Id":20504,"Name":"Microsoft.EntityFrameworkCore.Query.MultipleCollectionIncludeWarning"},"SourceContext":"Microsoft.EntityFrameworkCore.Query","TransportConnectionId":"dzbClazGigxxkzW2SRsvzQ","RequestId":"0HNG4MFKSDP79:00000017","RequestPath":"/_blazor","ConnectionId":"0HNG4MFKSDP79","Application":"MiniJira"}
2025-10-06 10:39:52.962 +02:00 [INF] Retrieving all tasks {"SourceContext":"MiniJira.Services.TaskService","TransportConnectionId":"dzbClazGigxxkzW2SRsvzQ","RequestId":"0HNG4MFKSDP79:00000017","RequestPath":"/_blazor","ConnectionId":"0HNG4MFKSDP79","Application":"MiniJira"}
2025-10-06 10:54:10.316 +02:00 [INF] Retrieving all columns for culture en-US {"SourceContext":"MiniJira.Services.ColumnService","TransportConnectionId":"34eV5NAn09q2PZhnVVAcyg","RequestId":"0HNG4MFKSDP7A:00000017","RequestPath":"/_blazor","ConnectionId":"0HNG4MFKSDP7A","Application":"MiniJira"}
2025-10-06 10:54:10.396 +02:00 [INF] Retrieving all tasks {"SourceContext":"MiniJira.Services.TaskService","TransportConnectionId":"34eV5NAn09q2PZhnVVAcyg","RequestId":"0HNG4MFKSDP7A:00000017","RequestPath":"/_blazor","ConnectionId":"0HNG4MFKSDP7A","Application":"MiniJira"}
2025-10-06 10:54:11.033 +02:00 [INF] Retrieving all columns for culture en-US {"SourceContext":"MiniJira.Services.ColumnService","ActionId":"134077da-32ed-4182-b3f5-63c9d7c51f6b","ActionName":"/_Host","RequestId":"0HNG4MFKSDP7A:0000001B","RequestPath":"/board","ConnectionId":"0HNG4MFKSDP7A","Application":"MiniJira"}
2025-10-06 10:54:11.045 +02:00 [INF] Retrieving all tasks {"SourceContext":"MiniJira.Services.TaskService","ActionId":"134077da-32ed-4182-b3f5-63c9d7c51f6b","ActionName":"/_Host","RequestId":"0HNG4MFKSDP7A:0000001B","RequestPath":"/board","ConnectionId":"0HNG4MFKSDP7A","Application":"MiniJira"}
2025-10-06 10:54:11.917 +02:00 [WRN] Unhandled exception rendering component: JavaScript interop calls cannot be issued at this time. This is because the circuit has disconnected and is being disposed. {"EventId":{"Id":100,"Name":"ExceptionRenderingComponent"},"SourceContext":"Microsoft.AspNetCore.Components.Server.Circuits.RemoteRenderer","RequestId":"0HNG4MFKSDP7A:0000001F","RequestPath":"/_blazor/disconnect","ConnectionId":"0HNG4MFKSDP7A","Application":"MiniJira"}
Microsoft.JSInterop.JSDisconnectedException: JavaScript interop calls cannot be issued at this time. This is because the circuit has disconnected and is being disposed.
   at Microsoft.AspNetCore.Components.Server.Circuits.RemoteJSRuntime.BeginInvokeJS(Int64 asyncHandle, String identifier, String argsJson, JSCallResultType resultType, Int64 targetInstanceId)
   at Microsoft.JSInterop.JSRuntime.InvokeAsync[TValue](Int64 targetInstanceId, String identifier, CancellationToken cancellationToken, Object[] args)
   at Microsoft.JSInterop.JSRuntime.InvokeAsync[TValue](Int64 targetInstanceId, String identifier, Object[] args)
   at Microsoft.JSInterop.JSRuntimeExtensions.InvokeVoidAsync(IJSRuntime jsRuntime, String identifier, Object[] args)
   at Microsoft.JSInterop.Implementation.JSObjectReference.DisposeAsync()
   at MiniJira.Shared.MainLayout.DisposeAsync() in D:\KimiAi\MiniJira\MiniJira\MiniJira\Shared\MainLayout.razor.cs:line 77
   at Microsoft.AspNetCore.Components.RenderTree.Renderer.<>c__DisplayClass85_0.<<Dispose>g__HandleAsyncExceptions|1>d.MoveNext()
2025-10-06 10:54:11.967 +02:00 [WRN] Unhandled exception rendering component: JavaScript interop calls cannot be issued at this time. This is because the circuit has disconnected and is being disposed. {"EventId":{"Id":100,"Name":"ExceptionRenderingComponent"},"SourceContext":"Microsoft.AspNetCore.Components.Server.Circuits.RemoteRenderer","RequestId":"0HNG4MFKSDP7A:0000001F","RequestPath":"/_blazor/disconnect","ConnectionId":"0HNG4MFKSDP7A","Application":"MiniJira"}
Microsoft.JSInterop.JSDisconnectedException: JavaScript interop calls cannot be issued at this time. This is because the circuit has disconnected and is being disposed.
   at Microsoft.AspNetCore.Components.Server.Circuits.RemoteJSRuntime.BeginInvokeJS(Int64 asyncHandle, String identifier, String argsJson, JSCallResultType resultType, Int64 targetInstanceId)
   at Microsoft.JSInterop.JSRuntime.InvokeAsync[TValue](Int64 targetInstanceId, String identifier, CancellationToken cancellationToken, Object[] args)
   at Microsoft.JSInterop.JSRuntime.InvokeAsync[TValue](Int64 targetInstanceId, String identifier, Object[] args)
   at Microsoft.JSInterop.JSRuntimeExtensions.InvokeVoidAsync(IJSRuntime jsRuntime, String identifier, Object[] args)
   at MiniJira.Components.Pages.Index.DisposeAsync() in D:\KimiAi\MiniJira\MiniJira\MiniJira\Components\Pages\Index.razor.cs:line 279
   at Microsoft.AspNetCore.Components.RenderTree.Renderer.<>c__DisplayClass85_0.<<Dispose>g__HandleAsyncExceptions|1>d.MoveNext()
2025-10-06 10:54:11.984 +02:00 [ERR] Unhandled exception in circuit '9iaEU5GFepUWoTPZ03DaEuAaNa4ja1q3ECDYvYeSPs4'. {"EventId":{"Id":111,"Name":"CircuitUnhandledException"},"SourceContext":"Microsoft.AspNetCore.Components.Server.Circuits.CircuitHost","RequestId":"0HNG4MFKSDP7A:0000001F","RequestPath":"/_blazor/disconnect","ConnectionId":"0HNG4MFKSDP7A","Application":"MiniJira"}
System.AggregateException: Exceptions were encountered while disposing components. (JavaScript interop calls cannot be issued at this time. This is because the circuit has disconnected and is being disposed.) (JavaScript interop calls cannot be issued at this time. This is because the circuit has disconnected and is being disposed.)
 ---> Microsoft.JSInterop.JSDisconnectedException: JavaScript interop calls cannot be issued at this time. This is because the circuit has disconnected and is being disposed.
   at Microsoft.AspNetCore.Components.Server.Circuits.RemoteJSRuntime.BeginInvokeJS(Int64 asyncHandle, String identifier, String argsJson, JSCallResultType resultType, Int64 targetInstanceId)
   at Microsoft.JSInterop.JSRuntime.InvokeAsync[TValue](Int64 targetInstanceId, String identifier, CancellationToken cancellationToken, Object[] args)
   at Microsoft.JSInterop.JSRuntime.InvokeAsync[TValue](Int64 targetInstanceId, String identifier, Object[] args)
   at Microsoft.JSInterop.JSRuntimeExtensions.InvokeVoidAsync(IJSRuntime jsRuntime, String identifier, Object[] args)
   at Microsoft.JSInterop.Implementation.JSObjectReference.DisposeAsync()
   at MiniJira.Shared.MainLayout.DisposeAsync() in D:\KimiAi\MiniJira\MiniJira\MiniJira\Shared\MainLayout.razor.cs:line 77
   at Microsoft.AspNetCore.Components.RenderTree.Renderer.<>c__DisplayClass85_0.<<Dispose>g__HandleAsyncExceptions|1>d.MoveNext()
   --- End of inner exception stack trace ---
 ---> (Inner Exception #1) Microsoft.JSInterop.JSDisconnectedException: JavaScript interop calls cannot be issued at this time. This is because the circuit has disconnected and is being disposed.
   at Microsoft.AspNetCore.Components.Server.Circuits.RemoteJSRuntime.BeginInvokeJS(Int64 asyncHandle, String identifier, String argsJson, JSCallResultType resultType, Int64 targetInstanceId)
   at Microsoft.JSInterop.JSRuntime.InvokeAsync[TValue](Int64 targetInstanceId, String identifier, CancellationToken cancellationToken, Object[] args)
   at Microsoft.JSInterop.JSRuntime.InvokeAsync[TValue](Int64 targetInstanceId, String identifier, Object[] args)
   at Microsoft.JSInterop.JSRuntimeExtensions.InvokeVoidAsync(IJSRuntime jsRuntime, String identifier, Object[] args)
   at MiniJira.Components.Pages.Index.DisposeAsync() in D:\KimiAi\MiniJira\MiniJira\MiniJira\Components\Pages\Index.razor.cs:line 279
   at Microsoft.AspNetCore.Components.RenderTree.Renderer.<>c__DisplayClass85_0.<<Dispose>g__HandleAsyncExceptions|1>d.MoveNext()<---

2025-10-06 12:44:55.347 +02:00 [INF] Retrieving all columns for culture en-US {"SourceContext":"MiniJira.Services.ColumnService","TransportConnectionId":"JqFtyJ4Uh4_d_6EjjAnx_A","RequestId":"0HNG4MFKSDP7A:0000002F","RequestPath":"/_blazor","ConnectionId":"0HNG4MFKSDP7A","Application":"MiniJira"}
2025-10-06 12:44:55.361 +02:00 [INF] Retrieving all tasks {"SourceContext":"MiniJira.Services.TaskService","TransportConnectionId":"JqFtyJ4Uh4_d_6EjjAnx_A","RequestId":"0HNG4MFKSDP7A:0000002F","RequestPath":"/_blazor","ConnectionId":"0HNG4MFKSDP7A","Application":"MiniJira"}
2025-10-06 13:09:05.516 +02:00 [WRN] The 'TaskPriority' property 'Priority' on entity type 'Task' is configured with a database-generated default, but has no configured sentinel value. The database-generated default will always be used for inserts when the property has the value 'Low', since this is the CLR default for the 'TaskPriority' type. Consider using a nullable type, using a nullable backing field, or setting the sentinel value for the property to ensure the database default is used when, and only when, appropriate. See https://aka.ms/efcore-docs-default-values for more information. {"EventId":{"Id":20601,"Name":"Microsoft.EntityFrameworkCore.Model.Validation.BoolWithDefaultWarning"},"SourceContext":"Microsoft.EntityFrameworkCore.Model.Validation","Application":"MiniJira"}
2025-10-06 13:09:33.186 +02:00 [WRN] The 'TaskPriority' property 'Priority' on entity type 'Task' is configured with a database-generated default, but has no configured sentinel value. The database-generated default will always be used for inserts when the property has the value 'Low', since this is the CLR default for the 'TaskPriority' type. Consider using a nullable type, using a nullable backing field, or setting the sentinel value for the property to ensure the database default is used when, and only when, appropriate. See https://aka.ms/efcore-docs-default-values for more information. {"EventId":{"Id":20601,"Name":"Microsoft.EntityFrameworkCore.Model.Validation.BoolWithDefaultWarning"},"SourceContext":"Microsoft.EntityFrameworkCore.Model.Validation","Application":"MiniJira"}
2025-10-06 13:09:33.401 +02:00 [INF] Acquiring an exclusive lock for migration application. See https://aka.ms/efcore-docs-migrations-lock for more information if this takes too long. {"EventId":{"Id":20411,"Name":"Microsoft.EntityFrameworkCore.Migrations.AcquiringMigrationLock"},"SourceContext":"Microsoft.EntityFrameworkCore.Migrations","Application":"MiniJira"}
2025-10-06 13:09:33.481 +02:00 [INF] Applying migration '20251006110907_AddIsDeletedToTask'. {"EventId":{"Id":20402,"Name":"Microsoft.EntityFrameworkCore.Migrations.MigrationApplying"},"SourceContext":"Microsoft.EntityFrameworkCore.Migrations","Application":"MiniJira"}
2025-10-06 13:09:54.153 +02:00 [INF] Applying database migrations... {"SourceContext":"Program","Application":"MiniJira"}
2025-10-06 13:09:54.618 +02:00 [WRN] The 'TaskPriority' property 'Priority' on entity type 'Task' is configured with a database-generated default, but has no configured sentinel value. The database-generated default will always be used for inserts when the property has the value 'Low', since this is the CLR default for the 'TaskPriority' type. Consider using a nullable type, using a nullable backing field, or setting the sentinel value for the property to ensure the database default is used when, and only when, appropriate. See https://aka.ms/efcore-docs-default-values for more information. {"EventId":{"Id":20601,"Name":"Microsoft.EntityFrameworkCore.Model.Validation.BoolWithDefaultWarning"},"SourceContext":"Microsoft.EntityFrameworkCore.Model.Validation","Application":"MiniJira"}
2025-10-06 13:09:54.789 +02:00 [INF] Acquiring an exclusive lock for migration application. See https://aka.ms/efcore-docs-migrations-lock for more information if this takes too long. {"EventId":{"Id":20411,"Name":"Microsoft.EntityFrameworkCore.Migrations.AcquiringMigrationLock"},"SourceContext":"Microsoft.EntityFrameworkCore.Migrations","Application":"MiniJira"}
2025-10-06 13:09:54.870 +02:00 [INF] No migrations were applied. The database is already up to date. {"EventId":{"Id":20405,"Name":"Microsoft.EntityFrameworkCore.Migrations.MigrationsNotApplied"},"SourceContext":"Microsoft.EntityFrameworkCore.Migrations","Application":"MiniJira"}
2025-10-06 13:09:54.875 +02:00 [INF] Database migrations applied successfully {"SourceContext":"Program","Application":"MiniJira"}
2025-10-06 13:09:55.182 +02:00 [INF] Now listening on: https://localhost:7105 {"EventId":{"Id":14,"Name":"ListeningOnAddress"},"SourceContext":"Microsoft.Hosting.Lifetime","Application":"MiniJira"}
2025-10-06 13:09:55.183 +02:00 [INF] Now listening on: http://localhost:5194 {"EventId":{"Id":14,"Name":"ListeningOnAddress"},"SourceContext":"Microsoft.Hosting.Lifetime","Application":"MiniJira"}
2025-10-06 13:09:55.183 +02:00 [INF] Application started. Press Ctrl+C to shut down. {"SourceContext":"Microsoft.Hosting.Lifetime","Application":"MiniJira"}
2025-10-06 13:09:55.184 +02:00 [INF] Hosting environment: Development {"SourceContext":"Microsoft.Hosting.Lifetime","Application":"MiniJira"}
2025-10-06 13:09:55.184 +02:00 [INF] Content root path: D:\KimiAi\MiniJira\MiniJira\MiniJira {"SourceContext":"Microsoft.Hosting.Lifetime","Application":"MiniJira"}
2025-10-06 13:28:38.413 +02:00 [WRN] The 'TaskPriority' property 'Priority' on entity type 'Task' is configured with a database-generated default, but has no configured sentinel value. The database-generated default will always be used for inserts when the property has the value 'Low', since this is the CLR default for the 'TaskPriority' type. Consider using a nullable type, using a nullable backing field, or setting the sentinel value for the property to ensure the database default is used when, and only when, appropriate. See https://aka.ms/efcore-docs-default-values for more information. {"EventId":{"Id":20601,"Name":"Microsoft.EntityFrameworkCore.Model.Validation.BoolWithDefaultWarning"},"SourceContext":"Microsoft.EntityFrameworkCore.Model.Validation","Application":"MiniJira"}
2025-10-06 13:29:03.423 +02:00 [WRN] The 'TaskPriority' property 'Priority' on entity type 'Task' is configured with a database-generated default, but has no configured sentinel value. The database-generated default will always be used for inserts when the property has the value 'Low', since this is the CLR default for the 'TaskPriority' type. Consider using a nullable type, using a nullable backing field, or setting the sentinel value for the property to ensure the database default is used when, and only when, appropriate. See https://aka.ms/efcore-docs-default-values for more information. {"EventId":{"Id":20601,"Name":"Microsoft.EntityFrameworkCore.Model.Validation.BoolWithDefaultWarning"},"SourceContext":"Microsoft.EntityFrameworkCore.Model.Validation","Application":"MiniJira"}
2025-10-06 13:29:03.625 +02:00 [INF] Acquiring an exclusive lock for migration application. See https://aka.ms/efcore-docs-migrations-lock for more information if this takes too long. {"EventId":{"Id":20411,"Name":"Microsoft.EntityFrameworkCore.Migrations.AcquiringMigrationLock"},"SourceContext":"Microsoft.EntityFrameworkCore.Migrations","Application":"MiniJira"}
2025-10-06 13:29:03.713 +02:00 [INF] Applying migration '20251006112838_AddIsHiddenToTask'. {"EventId":{"Id":20402,"Name":"Microsoft.EntityFrameworkCore.Migrations.MigrationApplying"},"SourceContext":"Microsoft.EntityFrameworkCore.Migrations","Application":"MiniJira"}
2025-10-06 13:46:44.326 +02:00 [INF] Applying database migrations... {"SourceContext":"Program","Application":"MiniJira"}
2025-10-06 13:46:44.886 +02:00 [WRN] The 'TaskPriority' property 'Priority' on entity type 'Task' is configured with a database-generated default, but has no configured sentinel value. The database-generated default will always be used for inserts when the property has the value 'Low', since this is the CLR default for the 'TaskPriority' type. Consider using a nullable type, using a nullable backing field, or setting the sentinel value for the property to ensure the database default is used when, and only when, appropriate. See https://aka.ms/efcore-docs-default-values for more information. {"EventId":{"Id":20601,"Name":"Microsoft.EntityFrameworkCore.Model.Validation.BoolWithDefaultWarning"},"SourceContext":"Microsoft.EntityFrameworkCore.Model.Validation","Application":"MiniJira"}
2025-10-06 13:46:45.090 +02:00 [INF] Acquiring an exclusive lock for migration application. See https://aka.ms/efcore-docs-migrations-lock for more information if this takes too long. {"EventId":{"Id":20411,"Name":"Microsoft.EntityFrameworkCore.Migrations.AcquiringMigrationLock"},"SourceContext":"Microsoft.EntityFrameworkCore.Migrations","Application":"MiniJira"}
2025-10-06 13:46:45.224 +02:00 [INF] No migrations were applied. The database is already up to date. {"EventId":{"Id":20405,"Name":"Microsoft.EntityFrameworkCore.Migrations.MigrationsNotApplied"},"SourceContext":"Microsoft.EntityFrameworkCore.Migrations","Application":"MiniJira"}
2025-10-06 13:46:45.235 +02:00 [INF] Database migrations applied successfully {"SourceContext":"Program","Application":"MiniJira"}
2025-10-06 13:46:45.740 +02:00 [INF] Now listening on: https://localhost:7105 {"EventId":{"Id":14,"Name":"ListeningOnAddress"},"SourceContext":"Microsoft.Hosting.Lifetime","Application":"MiniJira"}
2025-10-06 13:46:45.746 +02:00 [INF] Now listening on: http://localhost:5194 {"EventId":{"Id":14,"Name":"ListeningOnAddress"},"SourceContext":"Microsoft.Hosting.Lifetime","Application":"MiniJira"}
2025-10-06 13:46:45.831 +02:00 [INF] Application started. Press Ctrl+C to shut down. {"SourceContext":"Microsoft.Hosting.Lifetime","Application":"MiniJira"}
2025-10-06 13:46:45.835 +02:00 [INF] Hosting environment: Development {"SourceContext":"Microsoft.Hosting.Lifetime","Application":"MiniJira"}
2025-10-06 13:46:45.839 +02:00 [INF] Content root path: D:\KimiAi\MiniJira\MiniJira\MiniJira {"SourceContext":"Microsoft.Hosting.Lifetime","Application":"MiniJira"}
2025-10-06 13:46:48.615 +02:00 [INF] Retrieving all columns for culture en-US {"SourceContext":"MiniJira.Services.ColumnService","TransportConnectionId":"Xm4wEaUsQL8t86gvEA4Bpg","RequestId":"0HNG4PO3EO0G0:00000017","RequestPath":"/_blazor","ConnectionId":"0HNG4PO3EO0G0","Application":"MiniJira"}
2025-10-06 13:46:48.928 +02:00 [WRN] Compiling a query which loads related collections for more than one collection navigation, either via 'Include' or through projection, but no 'QuerySplittingBehavior' has been configured. By default, Entity Framework will use 'QuerySplittingBehavior.SingleQuery', which can potentially result in slow query performance. See https://go.microsoft.com/fwlink/?linkid=2134277 for more information. To identify the query that's triggering this warning call 'ConfigureWarnings(w => w.Throw(RelationalEventId.MultipleCollectionIncludeWarning))'. {"EventId":{"Id":20504,"Name":"Microsoft.EntityFrameworkCore.Query.MultipleCollectionIncludeWarning"},"SourceContext":"Microsoft.EntityFrameworkCore.Query","TransportConnectionId":"Xm4wEaUsQL8t86gvEA4Bpg","RequestId":"0HNG4PO3EO0G0:00000017","RequestPath":"/_blazor","ConnectionId":"0HNG4PO3EO0G0","Application":"MiniJira"}
2025-10-06 13:46:49.041 +02:00 [INF] Retrieving all tasks {"SourceContext":"MiniJira.Services.TaskService","TransportConnectionId":"Xm4wEaUsQL8t86gvEA4Bpg","RequestId":"0HNG4PO3EO0G0:00000017","RequestPath":"/_blazor","ConnectionId":"0HNG4PO3EO0G0","Application":"MiniJira"}
2025-10-06 13:46:51.321 +02:00 [INF] Updating status for task "114053c3-52b3-46c7-8bc1-a05ec3f635fa" to "Done" {"SourceContext":"MiniJira.Services.TaskService","TransportConnectionId":"Xm4wEaUsQL8t86gvEA4Bpg","RequestId":"0HNG4PO3EO0G0:00000017","RequestPath":"/_blazor","ConnectionId":"0HNG4PO3EO0G0","Application":"MiniJira"}
2025-10-06 13:46:51.660 +02:00 [INF] Task "114053c3-52b3-46c7-8bc1-a05ec3f635fa" status updated successfully to "Done" {"SourceContext":"MiniJira.Services.TaskService","TransportConnectionId":"Xm4wEaUsQL8t86gvEA4Bpg","RequestId":"0HNG4PO3EO0G0:00000017","RequestPath":"/_blazor","ConnectionId":"0HNG4PO3EO0G0","Application":"MiniJira"}
2025-10-06 13:46:54.729 +02:00 [INF] Retrieving task with ID "114053c3-52b3-46c7-8bc1-a05ec3f635fa" {"SourceContext":"MiniJira.Services.TaskService","TransportConnectionId":"Xm4wEaUsQL8t86gvEA4Bpg","RequestId":"0HNG4PO3EO0G0:00000017","RequestPath":"/_blazor","ConnectionId":"0HNG4PO3EO0G0","Application":"MiniJira"}
2025-10-06 13:46:54.745 +02:00 [INF] Retrieving all columns for culture en-US {"SourceContext":"MiniJira.Services.ColumnService","TransportConnectionId":"Xm4wEaUsQL8t86gvEA4Bpg","RequestId":"0HNG4PO3EO0G0:00000017","RequestPath":"/_blazor","ConnectionId":"0HNG4PO3EO0G0","Application":"MiniJira"}
2025-10-06 13:46:54.985 +02:00 [WRN] Compiling a query which loads related collections for more than one collection navigation, either via 'Include' or through projection, but no 'QuerySplittingBehavior' has been configured. By default, Entity Framework will use 'QuerySplittingBehavior.SingleQuery', which can potentially result in slow query performance. See https://go.microsoft.com/fwlink/?linkid=2134277 for more information. To identify the query that's triggering this warning call 'ConfigureWarnings(w => w.Throw(RelationalEventId.MultipleCollectionIncludeWarning))'. {"EventId":{"Id":20504,"Name":"Microsoft.EntityFrameworkCore.Query.MultipleCollectionIncludeWarning"},"SourceContext":"Microsoft.EntityFrameworkCore.Query","TransportConnectionId":"Xm4wEaUsQL8t86gvEA4Bpg","RequestId":"0HNG4PO3EO0G0:00000017","RequestPath":"/_blazor","ConnectionId":"0HNG4PO3EO0G0","Application":"MiniJira"}
2025-10-06 13:46:55.028 +02:00 [INF] Retrieving owner history for task "114053c3-52b3-46c7-8bc1-a05ec3f635fa" {"SourceContext":"MiniJira.Services.TaskService","TransportConnectionId":"Xm4wEaUsQL8t86gvEA4Bpg","RequestId":"0HNG4PO3EO0G0:00000017","RequestPath":"/_blazor","ConnectionId":"0HNG4PO3EO0G0","Application":"MiniJira"}
2025-10-06 13:46:55.047 +02:00 [INF] Retrieving owner history for task "114053c3-52b3-46c7-8bc1-a05ec3f635fa" {"SourceContext":"MiniJira.Services.TaskService","TransportConnectionId":"Xm4wEaUsQL8t86gvEA4Bpg","RequestId":"0HNG4PO3EO0G0:00000017","RequestPath":"/_blazor","ConnectionId":"0HNG4PO3EO0G0","Application":"MiniJira"}
2025-10-06 13:47:05.496 +02:00 [INF] Retrieving all columns for culture en-US {"SourceContext":"MiniJira.Services.ColumnService","TransportConnectionId":"Xm4wEaUsQL8t86gvEA4Bpg","RequestId":"0HNG4PO3EO0G0:00000017","RequestPath":"/_blazor","ConnectionId":"0HNG4PO3EO0G0","Application":"MiniJira"}
2025-10-06 13:47:05.506 +02:00 [INF] Retrieving all tasks {"SourceContext":"MiniJira.Services.TaskService","TransportConnectionId":"Xm4wEaUsQL8t86gvEA4Bpg","RequestId":"0HNG4PO3EO0G0:00000017","RequestPath":"/_blazor","ConnectionId":"0HNG4PO3EO0G0","Application":"MiniJira"}
2025-10-06 14:41:29.282 +02:00 [INF] Applying database migrations... {"SourceContext":"Program","Application":"MiniJira"}
2025-10-06 14:41:30.080 +02:00 [WRN] The 'TaskPriority' property 'Priority' on entity type 'Task' is configured with a database-generated default, but has no configured sentinel value. The database-generated default will always be used for inserts when the property has the value 'Low', since this is the CLR default for the 'TaskPriority' type. Consider using a nullable type, using a nullable backing field, or setting the sentinel value for the property to ensure the database default is used when, and only when, appropriate. See https://aka.ms/efcore-docs-default-values for more information. {"EventId":{"Id":20601,"Name":"Microsoft.EntityFrameworkCore.Model.Validation.BoolWithDefaultWarning"},"SourceContext":"Microsoft.EntityFrameworkCore.Model.Validation","Application":"MiniJira"}
2025-10-06 14:41:30.339 +02:00 [INF] Acquiring an exclusive lock for migration application. See https://aka.ms/efcore-docs-migrations-lock for more information if this takes too long. {"EventId":{"Id":20411,"Name":"Microsoft.EntityFrameworkCore.Migrations.AcquiringMigrationLock"},"SourceContext":"Microsoft.EntityFrameworkCore.Migrations","Application":"MiniJira"}
2025-10-06 14:41:30.455 +02:00 [INF] No migrations were applied. The database is already up to date. {"EventId":{"Id":20405,"Name":"Microsoft.EntityFrameworkCore.Migrations.MigrationsNotApplied"},"SourceContext":"Microsoft.EntityFrameworkCore.Migrations","Application":"MiniJira"}
2025-10-06 14:41:30.467 +02:00 [INF] Database migrations applied successfully {"SourceContext":"Program","Application":"MiniJira"}
2025-10-06 14:41:31.054 +02:00 [INF] Now listening on: https://localhost:7105 {"EventId":{"Id":14,"Name":"ListeningOnAddress"},"SourceContext":"Microsoft.Hosting.Lifetime","Application":"MiniJira"}
2025-10-06 14:41:31.059 +02:00 [INF] Now listening on: http://localhost:5194 {"EventId":{"Id":14,"Name":"ListeningOnAddress"},"SourceContext":"Microsoft.Hosting.Lifetime","Application":"MiniJira"}
2025-10-06 14:41:31.147 +02:00 [INF] Application started. Press Ctrl+C to shut down. {"SourceContext":"Microsoft.Hosting.Lifetime","Application":"MiniJira"}
2025-10-06 14:41:31.150 +02:00 [INF] Hosting environment: Development {"SourceContext":"Microsoft.Hosting.Lifetime","Application":"MiniJira"}
2025-10-06 14:41:31.152 +02:00 [INF] Content root path: D:\KimiAi\MiniJira\MiniJira\MiniJira {"SourceContext":"Microsoft.Hosting.Lifetime","Application":"MiniJira"}
2025-10-06 14:41:37.061 +02:00 [INF] Retrieving all columns for culture en-US {"SourceContext":"MiniJira.Services.ColumnService","TransportConnectionId":"QsDouej8cjEWvR88FXn_Tg","RequestId":"0HNG4QMMJB6V7:00000011","RequestPath":"/_blazor","ConnectionId":"0HNG4QMMJB6V7","Application":"MiniJira"}
2025-10-06 14:41:37.371 +02:00 [WRN] Compiling a query which loads related collections for more than one collection navigation, either via 'Include' or through projection, but no 'QuerySplittingBehavior' has been configured. By default, Entity Framework will use 'QuerySplittingBehavior.SingleQuery', which can potentially result in slow query performance. See https://go.microsoft.com/fwlink/?linkid=2134277 for more information. To identify the query that's triggering this warning call 'ConfigureWarnings(w => w.Throw(RelationalEventId.MultipleCollectionIncludeWarning))'. {"EventId":{"Id":20504,"Name":"Microsoft.EntityFrameworkCore.Query.MultipleCollectionIncludeWarning"},"SourceContext":"Microsoft.EntityFrameworkCore.Query","TransportConnectionId":"QsDouej8cjEWvR88FXn_Tg","RequestId":"0HNG4QMMJB6V7:00000011","RequestPath":"/_blazor","ConnectionId":"0HNG4QMMJB6V7","Application":"MiniJira"}
2025-10-06 14:41:37.455 +02:00 [INF] Retrieving all tasks {"SourceContext":"MiniJira.Services.TaskService","TransportConnectionId":"QsDouej8cjEWvR88FXn_Tg","RequestId":"0HNG4QMMJB6V7:00000011","RequestPath":"/_blazor","ConnectionId":"0HNG4QMMJB6V7","Application":"MiniJira"}
2025-10-06 14:41:38.936 +02:00 [INF] Retrieving task with ID "114053c3-52b3-46c7-8bc1-a05ec3f635fa" {"SourceContext":"MiniJira.Services.TaskService","TransportConnectionId":"QsDouej8cjEWvR88FXn_Tg","RequestId":"0HNG4QMMJB6V7:00000011","RequestPath":"/_blazor","ConnectionId":"0HNG4QMMJB6V7","Application":"MiniJira"}
2025-10-06 14:41:38.973 +02:00 [INF] Retrieving all columns for culture en-US {"SourceContext":"MiniJira.Services.ColumnService","TransportConnectionId":"QsDouej8cjEWvR88FXn_Tg","RequestId":"0HNG4QMMJB6V7:00000011","RequestPath":"/_blazor","ConnectionId":"0HNG4QMMJB6V7","Application":"MiniJira"}
2025-10-06 14:41:39.319 +02:00 [WRN] Compiling a query which loads related collections for more than one collection navigation, either via 'Include' or through projection, but no 'QuerySplittingBehavior' has been configured. By default, Entity Framework will use 'QuerySplittingBehavior.SingleQuery', which can potentially result in slow query performance. See https://go.microsoft.com/fwlink/?linkid=2134277 for more information. To identify the query that's triggering this warning call 'ConfigureWarnings(w => w.Throw(RelationalEventId.MultipleCollectionIncludeWarning))'. {"EventId":{"Id":20504,"Name":"Microsoft.EntityFrameworkCore.Query.MultipleCollectionIncludeWarning"},"SourceContext":"Microsoft.EntityFrameworkCore.Query","TransportConnectionId":"QsDouej8cjEWvR88FXn_Tg","RequestId":"0HNG4QMMJB6V7:00000011","RequestPath":"/_blazor","ConnectionId":"0HNG4QMMJB6V7","Application":"MiniJira"}
2025-10-06 14:41:39.396 +02:00 [INF] Retrieving owner history for task "114053c3-52b3-46c7-8bc1-a05ec3f635fa" {"SourceContext":"MiniJira.Services.TaskService","TransportConnectionId":"QsDouej8cjEWvR88FXn_Tg","RequestId":"0HNG4QMMJB6V7:00000011","RequestPath":"/_blazor","ConnectionId":"0HNG4QMMJB6V7","Application":"MiniJira"}
2025-10-06 14:41:39.413 +02:00 [INF] Retrieving owner history for task "114053c3-52b3-46c7-8bc1-a05ec3f635fa" {"SourceContext":"MiniJira.Services.TaskService","TransportConnectionId":"QsDouej8cjEWvR88FXn_Tg","RequestId":"0HNG4QMMJB6V7:00000011","RequestPath":"/_blazor","ConnectionId":"0HNG4QMMJB6V7","Application":"MiniJira"}
2025-10-06 14:41:57.915 +02:00 [INF] Retrieving owner history for task "114053c3-52b3-46c7-8bc1-a05ec3f635fa" {"SourceContext":"MiniJira.Services.TaskService","TransportConnectionId":"QsDouej8cjEWvR88FXn_Tg","RequestId":"0HNG4QMMJB6V7:00000011","RequestPath":"/_blazor","ConnectionId":"0HNG4QMMJB6V7","Application":"MiniJira"}
2025-10-06 14:41:57.922 +02:00 [INF] Retrieving owner history for task "114053c3-52b3-46c7-8bc1-a05ec3f635fa" {"SourceContext":"MiniJira.Services.TaskService","TransportConnectionId":"QsDouej8cjEWvR88FXn_Tg","RequestId":"0HNG4QMMJB6V7:00000011","RequestPath":"/_blazor","ConnectionId":"0HNG4QMMJB6V7","Application":"MiniJira"}
2025-10-06 14:44:09.725 +02:00 [INF] Applying database migrations... {"SourceContext":"Program","Application":"MiniJira"}
2025-10-06 14:44:10.329 +02:00 [WRN] The 'TaskPriority' property 'Priority' on entity type 'Task' is configured with a database-generated default, but has no configured sentinel value. The database-generated default will always be used for inserts when the property has the value 'Low', since this is the CLR default for the 'TaskPriority' type. Consider using a nullable type, using a nullable backing field, or setting the sentinel value for the property to ensure the database default is used when, and only when, appropriate. See https://aka.ms/efcore-docs-default-values for more information. {"EventId":{"Id":20601,"Name":"Microsoft.EntityFrameworkCore.Model.Validation.BoolWithDefaultWarning"},"SourceContext":"Microsoft.EntityFrameworkCore.Model.Validation","Application":"MiniJira"}
2025-10-06 14:44:10.532 +02:00 [INF] Acquiring an exclusive lock for migration application. See https://aka.ms/efcore-docs-migrations-lock for more information if this takes too long. {"EventId":{"Id":20411,"Name":"Microsoft.EntityFrameworkCore.Migrations.AcquiringMigrationLock"},"SourceContext":"Microsoft.EntityFrameworkCore.Migrations","Application":"MiniJira"}
2025-10-06 14:44:10.633 +02:00 [INF] No migrations were applied. The database is already up to date. {"EventId":{"Id":20405,"Name":"Microsoft.EntityFrameworkCore.Migrations.MigrationsNotApplied"},"SourceContext":"Microsoft.EntityFrameworkCore.Migrations","Application":"MiniJira"}
2025-10-06 14:44:10.646 +02:00 [INF] Database migrations applied successfully {"SourceContext":"Program","Application":"MiniJira"}
2025-10-06 14:44:11.159 +02:00 [INF] Now listening on: https://localhost:7105 {"EventId":{"Id":14,"Name":"ListeningOnAddress"},"SourceContext":"Microsoft.Hosting.Lifetime","Application":"MiniJira"}
2025-10-06 14:44:11.167 +02:00 [INF] Now listening on: http://localhost:5194 {"EventId":{"Id":14,"Name":"ListeningOnAddress"},"SourceContext":"Microsoft.Hosting.Lifetime","Application":"MiniJira"}
2025-10-06 14:44:11.252 +02:00 [INF] Application started. Press Ctrl+C to shut down. {"SourceContext":"Microsoft.Hosting.Lifetime","Application":"MiniJira"}
2025-10-06 14:44:11.256 +02:00 [INF] Hosting environment: Development {"SourceContext":"Microsoft.Hosting.Lifetime","Application":"MiniJira"}
2025-10-06 14:44:11.258 +02:00 [INF] Content root path: D:\KimiAi\MiniJira\MiniJira\MiniJira {"SourceContext":"Microsoft.Hosting.Lifetime","Application":"MiniJira"}
2025-10-06 14:44:13.979 +02:00 [INF] Retrieving all columns for culture en-US {"SourceContext":"MiniJira.Services.ColumnService","TransportConnectionId":"gFTItzzcQZq4GMQ065S2-A","RequestId":"0HNG4QO6AUIH0:0000000D","RequestPath":"/_blazor","ConnectionId":"0HNG4QO6AUIH0","Application":"MiniJira"}
2025-10-06 14:44:14.304 +02:00 [WRN] Compiling a query which loads related collections for more than one collection navigation, either via 'Include' or through projection, but no 'QuerySplittingBehavior' has been configured. By default, Entity Framework will use 'QuerySplittingBehavior.SingleQuery', which can potentially result in slow query performance. See https://go.microsoft.com/fwlink/?linkid=2134277 for more information. To identify the query that's triggering this warning call 'ConfigureWarnings(w => w.Throw(RelationalEventId.MultipleCollectionIncludeWarning))'. {"EventId":{"Id":20504,"Name":"Microsoft.EntityFrameworkCore.Query.MultipleCollectionIncludeWarning"},"SourceContext":"Microsoft.EntityFrameworkCore.Query","TransportConnectionId":"gFTItzzcQZq4GMQ065S2-A","RequestId":"0HNG4QO6AUIH0:0000000D","RequestPath":"/_blazor","ConnectionId":"0HNG4QO6AUIH0","Application":"MiniJira"}
2025-10-06 14:44:14.402 +02:00 [INF] Retrieving all tasks {"SourceContext":"MiniJira.Services.TaskService","TransportConnectionId":"gFTItzzcQZq4GMQ065S2-A","RequestId":"0HNG4QO6AUIH0:0000000D","RequestPath":"/_blazor","ConnectionId":"0HNG4QO6AUIH0","Application":"MiniJira"}
2025-10-06 14:44:15.836 +02:00 [INF] Retrieving task with ID "114053c3-52b3-46c7-8bc1-a05ec3f635fa" {"SourceContext":"MiniJira.Services.TaskService","TransportConnectionId":"gFTItzzcQZq4GMQ065S2-A","RequestId":"0HNG4QO6AUIH0:0000000D","RequestPath":"/_blazor","ConnectionId":"0HNG4QO6AUIH0","Application":"MiniJira"}
2025-10-06 14:44:15.876 +02:00 [INF] Retrieving all columns for culture en-US {"SourceContext":"MiniJira.Services.ColumnService","TransportConnectionId":"gFTItzzcQZq4GMQ065S2-A","RequestId":"0HNG4QO6AUIH0:0000000D","RequestPath":"/_blazor","ConnectionId":"0HNG4QO6AUIH0","Application":"MiniJira"}
2025-10-06 14:44:16.118 +02:00 [WRN] Compiling a query which loads related collections for more than one collection navigation, either via 'Include' or through projection, but no 'QuerySplittingBehavior' has been configured. By default, Entity Framework will use 'QuerySplittingBehavior.SingleQuery', which can potentially result in slow query performance. See https://go.microsoft.com/fwlink/?linkid=2134277 for more information. To identify the query that's triggering this warning call 'ConfigureWarnings(w => w.Throw(RelationalEventId.MultipleCollectionIncludeWarning))'. {"EventId":{"Id":20504,"Name":"Microsoft.EntityFrameworkCore.Query.MultipleCollectionIncludeWarning"},"SourceContext":"Microsoft.EntityFrameworkCore.Query","TransportConnectionId":"gFTItzzcQZq4GMQ065S2-A","RequestId":"0HNG4QO6AUIH0:0000000D","RequestPath":"/_blazor","ConnectionId":"0HNG4QO6AUIH0","Application":"MiniJira"}
2025-10-06 14:44:16.171 +02:00 [INF] Retrieving owner history for task "114053c3-52b3-46c7-8bc1-a05ec3f635fa" {"SourceContext":"MiniJira.Services.TaskService","TransportConnectionId":"gFTItzzcQZq4GMQ065S2-A","RequestId":"0HNG4QO6AUIH0:0000000D","RequestPath":"/_blazor","ConnectionId":"0HNG4QO6AUIH0","Application":"MiniJira"}
2025-10-06 14:44:16.189 +02:00 [INF] Retrieving owner history for task "114053c3-52b3-46c7-8bc1-a05ec3f635fa" {"SourceContext":"MiniJira.Services.TaskService","TransportConnectionId":"gFTItzzcQZq4GMQ065S2-A","RequestId":"0HNG4QO6AUIH0:0000000D","RequestPath":"/_blazor","ConnectionId":"0HNG4QO6AUIH0","Application":"MiniJira"}
2025-10-06 14:44:18.456 +02:00 [INF] Hiding task "114053c3-52b3-46c7-8bc1-a05ec3f635fa" {"SourceContext":"MiniJira.Services.TaskService","TransportConnectionId":"gFTItzzcQZq4GMQ065S2-A","RequestId":"0HNG4QO6AUIH0:0000000D","RequestPath":"/_blazor","ConnectionId":"0HNG4QO6AUIH0","Application":"MiniJira"}
2025-10-06 14:44:18.634 +02:00 [INF] Task "114053c3-52b3-46c7-8bc1-a05ec3f635fa" hidden successfully {"SourceContext":"MiniJira.Services.TaskService","TransportConnectionId":"gFTItzzcQZq4GMQ065S2-A","RequestId":"0HNG4QO6AUIH0:0000000D","RequestPath":"/_blazor","ConnectionId":"0HNG4QO6AUIH0","Application":"MiniJira"}
2025-10-06 14:44:18.653 +02:00 [INF] Retrieving all columns for culture en-US {"SourceContext":"MiniJira.Services.ColumnService","TransportConnectionId":"gFTItzzcQZq4GMQ065S2-A","RequestId":"0HNG4QO6AUIH0:0000000D","RequestPath":"/_blazor","ConnectionId":"0HNG4QO6AUIH0","Application":"MiniJira"}
2025-10-06 14:44:18.661 +02:00 [INF] Retrieving all tasks {"SourceContext":"MiniJira.Services.TaskService","TransportConnectionId":"gFTItzzcQZq4GMQ065S2-A","RequestId":"0HNG4QO6AUIH0:0000000D","RequestPath":"/_blazor","ConnectionId":"0HNG4QO6AUIH0","Application":"MiniJira"}
2025-10-06 14:51:25.146 +02:00 [INF] Applying database migrations... {"SourceContext":"Program","Application":"MiniJira"}
2025-10-06 14:51:25.719 +02:00 [WRN] The 'TaskPriority' property 'Priority' on entity type 'Task' is configured with a database-generated default, but has no configured sentinel value. The database-generated default will always be used for inserts when the property has the value 'Low', since this is the CLR default for the 'TaskPriority' type. Consider using a nullable type, using a nullable backing field, or setting the sentinel value for the property to ensure the database default is used when, and only when, appropriate. See https://aka.ms/efcore-docs-default-values for more information. {"EventId":{"Id":20601,"Name":"Microsoft.EntityFrameworkCore.Model.Validation.BoolWithDefaultWarning"},"SourceContext":"Microsoft.EntityFrameworkCore.Model.Validation","Application":"MiniJira"}
2025-10-06 14:51:25.922 +02:00 [INF] Acquiring an exclusive lock for migration application. See https://aka.ms/efcore-docs-migrations-lock for more information if this takes too long. {"EventId":{"Id":20411,"Name":"Microsoft.EntityFrameworkCore.Migrations.AcquiringMigrationLock"},"SourceContext":"Microsoft.EntityFrameworkCore.Migrations","Application":"MiniJira"}
2025-10-06 14:51:26.023 +02:00 [INF] No migrations were applied. The database is already up to date. {"EventId":{"Id":20405,"Name":"Microsoft.EntityFrameworkCore.Migrations.MigrationsNotApplied"},"SourceContext":"Microsoft.EntityFrameworkCore.Migrations","Application":"MiniJira"}
2025-10-06 14:51:26.034 +02:00 [INF] Database migrations applied successfully {"SourceContext":"Program","Application":"MiniJira"}
2025-10-06 14:51:26.505 +02:00 [INF] Now listening on: https://localhost:7105 {"EventId":{"Id":14,"Name":"ListeningOnAddress"},"SourceContext":"Microsoft.Hosting.Lifetime","Application":"MiniJira"}
2025-10-06 14:51:26.510 +02:00 [INF] Now listening on: http://localhost:5194 {"EventId":{"Id":14,"Name":"ListeningOnAddress"},"SourceContext":"Microsoft.Hosting.Lifetime","Application":"MiniJira"}
2025-10-06 14:51:26.591 +02:00 [INF] Application started. Press Ctrl+C to shut down. {"SourceContext":"Microsoft.Hosting.Lifetime","Application":"MiniJira"}
2025-10-06 14:51:26.595 +02:00 [INF] Hosting environment: Development {"SourceContext":"Microsoft.Hosting.Lifetime","Application":"MiniJira"}
2025-10-06 14:51:26.599 +02:00 [INF] Content root path: D:\KimiAi\MiniJira\MiniJira\MiniJira {"SourceContext":"Microsoft.Hosting.Lifetime","Application":"MiniJira"}
2025-10-06 15:14:57.325 +02:00 [INF] Retrieving all columns for culture en-US {"SourceContext":"MiniJira.Services.ColumnService","TransportConnectionId":"dgNI7zXW0r5qtDluP8D91w","RequestId":"0HNG4QS80D0S8:0000000D","RequestPath":"/_blazor","ConnectionId":"0HNG4QS80D0S8","Application":"MiniJira"}
2025-10-06 15:14:57.616 +02:00 [WRN] Compiling a query which loads related collections for more than one collection navigation, either via 'Include' or through projection, but no 'QuerySplittingBehavior' has been configured. By default, Entity Framework will use 'QuerySplittingBehavior.SingleQuery', which can potentially result in slow query performance. See https://go.microsoft.com/fwlink/?linkid=2134277 for more information. To identify the query that's triggering this warning call 'ConfigureWarnings(w => w.Throw(RelationalEventId.MultipleCollectionIncludeWarning))'. {"EventId":{"Id":20504,"Name":"Microsoft.EntityFrameworkCore.Query.MultipleCollectionIncludeWarning"},"SourceContext":"Microsoft.EntityFrameworkCore.Query","TransportConnectionId":"dgNI7zXW0r5qtDluP8D91w","RequestId":"0HNG4QS80D0S8:0000000D","RequestPath":"/_blazor","ConnectionId":"0HNG4QS80D0S8","Application":"MiniJira"}
2025-10-06 15:14:57.718 +02:00 [INF] Retrieving all tasks {"SourceContext":"MiniJira.Services.TaskService","TransportConnectionId":"dgNI7zXW0r5qtDluP8D91w","RequestId":"0HNG4QS80D0S8:0000000D","RequestPath":"/_blazor","ConnectionId":"0HNG4QS80D0S8","Application":"MiniJira"}
2025-10-06 15:16:51.597 +02:00 [INF] Applying database migrations... {"SourceContext":"Program","Application":"MiniJira"}
2025-10-06 15:16:52.139 +02:00 [WRN] The 'TaskPriority' property 'Priority' on entity type 'Task' is configured with a database-generated default, but has no configured sentinel value. The database-generated default will always be used for inserts when the property has the value 'Low', since this is the CLR default for the 'TaskPriority' type. Consider using a nullable type, using a nullable backing field, or setting the sentinel value for the property to ensure the database default is used when, and only when, appropriate. See https://aka.ms/efcore-docs-default-values for more information. {"EventId":{"Id":20601,"Name":"Microsoft.EntityFrameworkCore.Model.Validation.BoolWithDefaultWarning"},"SourceContext":"Microsoft.EntityFrameworkCore.Model.Validation","Application":"MiniJira"}
2025-10-06 15:16:52.399 +02:00 [INF] Acquiring an exclusive lock for migration application. See https://aka.ms/efcore-docs-migrations-lock for more information if this takes too long. {"EventId":{"Id":20411,"Name":"Microsoft.EntityFrameworkCore.Migrations.AcquiringMigrationLock"},"SourceContext":"Microsoft.EntityFrameworkCore.Migrations","Application":"MiniJira"}
2025-10-06 15:16:52.518 +02:00 [INF] No migrations were applied. The database is already up to date. {"EventId":{"Id":20405,"Name":"Microsoft.EntityFrameworkCore.Migrations.MigrationsNotApplied"},"SourceContext":"Microsoft.EntityFrameworkCore.Migrations","Application":"MiniJira"}
2025-10-06 15:16:52.529 +02:00 [INF] Database migrations applied successfully {"SourceContext":"Program","Application":"MiniJira"}
2025-10-06 15:16:52.983 +02:00 [INF] Now listening on: https://localhost:7105 {"EventId":{"Id":14,"Name":"ListeningOnAddress"},"SourceContext":"Microsoft.Hosting.Lifetime","Application":"MiniJira"}
2025-10-06 15:16:52.989 +02:00 [INF] Now listening on: http://localhost:5194 {"EventId":{"Id":14,"Name":"ListeningOnAddress"},"SourceContext":"Microsoft.Hosting.Lifetime","Application":"MiniJira"}
2025-10-06 15:16:53.156 +02:00 [INF] Application started. Press Ctrl+C to shut down. {"SourceContext":"Microsoft.Hosting.Lifetime","Application":"MiniJira"}
2025-10-06 15:16:53.160 +02:00 [INF] Hosting environment: Development {"SourceContext":"Microsoft.Hosting.Lifetime","Application":"MiniJira"}
2025-10-06 15:16:53.163 +02:00 [INF] Content root path: D:\KimiAi\MiniJira\MiniJira\MiniJira {"SourceContext":"Microsoft.Hosting.Lifetime","Application":"MiniJira"}
2025-10-06 15:16:55.361 +02:00 [INF] Retrieving all columns for culture en-US {"SourceContext":"MiniJira.Services.ColumnService","TransportConnectionId":"rbtTLnhjzws6N6IO7cUs-g","RequestId":"0HNG4RAET7RL2:00000011","RequestPath":"/_blazor","ConnectionId":"0HNG4RAET7RL2","Application":"MiniJira"}
2025-10-06 15:16:55.659 +02:00 [WRN] Compiling a query which loads related collections for more than one collection navigation, either via 'Include' or through projection, but no 'QuerySplittingBehavior' has been configured. By default, Entity Framework will use 'QuerySplittingBehavior.SingleQuery', which can potentially result in slow query performance. See https://go.microsoft.com/fwlink/?linkid=2134277 for more information. To identify the query that's triggering this warning call 'ConfigureWarnings(w => w.Throw(RelationalEventId.MultipleCollectionIncludeWarning))'. {"EventId":{"Id":20504,"Name":"Microsoft.EntityFrameworkCore.Query.MultipleCollectionIncludeWarning"},"SourceContext":"Microsoft.EntityFrameworkCore.Query","TransportConnectionId":"rbtTLnhjzws6N6IO7cUs-g","RequestId":"0HNG4RAET7RL2:00000011","RequestPath":"/_blazor","ConnectionId":"0HNG4RAET7RL2","Application":"MiniJira"}
2025-10-06 15:16:55.760 +02:00 [INF] Retrieving all tasks {"SourceContext":"MiniJira.Services.TaskService","TransportConnectionId":"rbtTLnhjzws6N6IO7cUs-g","RequestId":"0HNG4RAET7RL2:00000011","RequestPath":"/_blazor","ConnectionId":"0HNG4RAET7RL2","Application":"MiniJira"}
2025-10-06 15:16:57.692 +02:00 [INF] Retrieving all hidden tasks {"SourceContext":"MiniJira.Services.TaskService","TransportConnectionId":"rbtTLnhjzws6N6IO7cUs-g","RequestId":"0HNG4RAET7RL2:00000011","RequestPath":"/_blazor","ConnectionId":"0HNG4RAET7RL2","Application":"MiniJira"}
2025-10-06 15:17:02.328 +02:00 [INF] Unhiding task "114053c3-52b3-46c7-8bc1-a05ec3f635fa" {"SourceContext":"MiniJira.Services.TaskService","TransportConnectionId":"rbtTLnhjzws6N6IO7cUs-g","RequestId":"0HNG4RAET7RL2:00000011","RequestPath":"/_blazor","ConnectionId":"0HNG4RAET7RL2","Application":"MiniJira"}
2025-10-06 15:17:02.558 +02:00 [INF] Task "114053c3-52b3-46c7-8bc1-a05ec3f635fa" unhidden successfully {"SourceContext":"MiniJira.Services.TaskService","TransportConnectionId":"rbtTLnhjzws6N6IO7cUs-g","RequestId":"0HNG4RAET7RL2:00000011","RequestPath":"/_blazor","ConnectionId":"0HNG4RAET7RL2","Application":"MiniJira"}
2025-10-06 15:17:02.567 +02:00 [INF] Retrieving all hidden tasks {"SourceContext":"MiniJira.Services.TaskService","TransportConnectionId":"rbtTLnhjzws6N6IO7cUs-g","RequestId":"0HNG4RAET7RL2:00000011","RequestPath":"/_blazor","ConnectionId":"0HNG4RAET7RL2","Application":"MiniJira"}
2025-10-06 15:17:04.465 +02:00 [INF] Retrieving all columns for culture en-US {"SourceContext":"MiniJira.Services.ColumnService","TransportConnectionId":"rbtTLnhjzws6N6IO7cUs-g","RequestId":"0HNG4RAET7RL2:00000011","RequestPath":"/_blazor","ConnectionId":"0HNG4RAET7RL2","Application":"MiniJira"}
2025-10-06 15:17:04.474 +02:00 [INF] Retrieving all tasks {"SourceContext":"MiniJira.Services.TaskService","TransportConnectionId":"rbtTLnhjzws6N6IO7cUs-g","RequestId":"0HNG4RAET7RL2:00000011","RequestPath":"/_blazor","ConnectionId":"0HNG4RAET7RL2","Application":"MiniJira"}
2025-10-06 15:17:07.451 +02:00 [INF] Retrieving all hidden tasks {"SourceContext":"MiniJira.Services.TaskService","TransportConnectionId":"rbtTLnhjzws6N6IO7cUs-g","RequestId":"0HNG4RAET7RL2:00000011","RequestPath":"/_blazor","ConnectionId":"0HNG4RAET7RL2","Application":"MiniJira"}
2025-10-06 15:17:13.064 +02:00 [INF] Retrieving all columns for culture en-US {"SourceContext":"MiniJira.Services.ColumnService","TransportConnectionId":"rbtTLnhjzws6N6IO7cUs-g","RequestId":"0HNG4RAET7RL2:00000011","RequestPath":"/_blazor","ConnectionId":"0HNG4RAET7RL2","Application":"MiniJira"}
2025-10-06 15:17:13.073 +02:00 [INF] Retrieving all tasks {"SourceContext":"MiniJira.Services.TaskService","TransportConnectionId":"rbtTLnhjzws6N6IO7cUs-g","RequestId":"0HNG4RAET7RL2:00000011","RequestPath":"/_blazor","ConnectionId":"0HNG4RAET7RL2","Application":"MiniJira"}
2025-10-06 15:17:14.208 +02:00 [INF] Retrieving all columns for culture en-US {"SourceContext":"MiniJira.Services.ColumnService","TransportConnectionId":"rbtTLnhjzws6N6IO7cUs-g","RequestId":"0HNG4RAET7RL2:00000011","RequestPath":"/_blazor","ConnectionId":"0HNG4RAET7RL2","Application":"MiniJira"}
2025-10-06 15:17:14.220 +02:00 [INF] Retrieving all tasks {"SourceContext":"MiniJira.Services.TaskService","TransportConnectionId":"rbtTLnhjzws6N6IO7cUs-g","RequestId":"0HNG4RAET7RL2:00000011","RequestPath":"/_blazor","ConnectionId":"0HNG4RAET7RL2","Application":"MiniJira"}
2025-10-06 15:17:15.447 +02:00 [INF] Retrieving all columns for culture en-US {"SourceContext":"MiniJira.Services.ColumnService","TransportConnectionId":"rbtTLnhjzws6N6IO7cUs-g","RequestId":"0HNG4RAET7RL2:00000011","RequestPath":"/_blazor","ConnectionId":"0HNG4RAET7RL2","Application":"MiniJira"}
2025-10-06 15:17:15.456 +02:00 [INF] Retrieving all tasks {"SourceContext":"MiniJira.Services.TaskService","TransportConnectionId":"rbtTLnhjzws6N6IO7cUs-g","RequestId":"0HNG4RAET7RL2:00000011","RequestPath":"/_blazor","ConnectionId":"0HNG4RAET7RL2","Application":"MiniJira"}
2025-10-06 15:17:15.921 +02:00 [INF] Retrieving all columns for culture en-US {"SourceContext":"MiniJira.Services.ColumnService","TransportConnectionId":"rbtTLnhjzws6N6IO7cUs-g","RequestId":"0HNG4RAET7RL2:00000011","RequestPath":"/_blazor","ConnectionId":"0HNG4RAET7RL2","Application":"MiniJira"}
2025-10-06 15:17:15.928 +02:00 [INF] Retrieving all tasks {"SourceContext":"MiniJira.Services.TaskService","TransportConnectionId":"rbtTLnhjzws6N6IO7cUs-g","RequestId":"0HNG4RAET7RL2:00000011","RequestPath":"/_blazor","ConnectionId":"0HNG4RAET7RL2","Application":"MiniJira"}
2025-10-06 15:17:17.057 +02:00 [INF] Retrieving all columns for culture en-US {"SourceContext":"MiniJira.Services.ColumnService","TransportConnectionId":"rbtTLnhjzws6N6IO7cUs-g","RequestId":"0HNG4RAET7RL2:00000011","RequestPath":"/_blazor","ConnectionId":"0HNG4RAET7RL2","Application":"MiniJira"}
2025-10-06 15:17:17.066 +02:00 [INF] Retrieving all tasks {"SourceContext":"MiniJira.Services.TaskService","TransportConnectionId":"rbtTLnhjzws6N6IO7cUs-g","RequestId":"0HNG4RAET7RL2:00000011","RequestPath":"/_blazor","ConnectionId":"0HNG4RAET7RL2","Application":"MiniJira"}
2025-10-06 15:17:17.651 +02:00 [INF] Retrieving all columns for culture en-US {"SourceContext":"MiniJira.Services.ColumnService","TransportConnectionId":"rbtTLnhjzws6N6IO7cUs-g","RequestId":"0HNG4RAET7RL2:00000011","RequestPath":"/_blazor","ConnectionId":"0HNG4RAET7RL2","Application":"MiniJira"}
2025-10-06 15:17:17.660 +02:00 [INF] Retrieving all tasks {"SourceContext":"MiniJira.Services.TaskService","TransportConnectionId":"rbtTLnhjzws6N6IO7cUs-g","RequestId":"0HNG4RAET7RL2:00000011","RequestPath":"/_blazor","ConnectionId":"0HNG4RAET7RL2","Application":"MiniJira"}
2025-10-06 15:17:26.681 +02:00 [WRN] Unhandled exception rendering component: JavaScript interop calls cannot be issued at this time. This is because the circuit has disconnected and is being disposed. {"EventId":{"Id":100,"Name":"ExceptionRenderingComponent"},"SourceContext":"Microsoft.AspNetCore.Components.Server.Circuits.RemoteRenderer","RequestId":"0HNG4RAET7RL2:00000017","RequestPath":"/_blazor/disconnect","ConnectionId":"0HNG4RAET7RL2","Application":"MiniJira"}
Microsoft.JSInterop.JSDisconnectedException: JavaScript interop calls cannot be issued at this time. This is because the circuit has disconnected and is being disposed.
   at Microsoft.AspNetCore.Components.Server.Circuits.RemoteJSRuntime.BeginInvokeJS(Int64 asyncHandle, String identifier, String argsJson, JSCallResultType resultType, Int64 targetInstanceId)
   at Microsoft.JSInterop.JSRuntime.InvokeAsync[TValue](Int64 targetInstanceId, String identifier, CancellationToken cancellationToken, Object[] args)
   at Microsoft.JSInterop.JSRuntime.InvokeAsync[TValue](Int64 targetInstanceId, String identifier, Object[] args)
   at Microsoft.JSInterop.JSRuntimeExtensions.InvokeVoidAsync(IJSRuntime jsRuntime, String identifier, Object[] args)
   at Microsoft.JSInterop.Implementation.JSObjectReference.DisposeAsync()
   at MiniJira.Shared.MainLayout.DisposeAsync() in D:\KimiAi\MiniJira\MiniJira\MiniJira\Shared\MainLayout.razor.cs:line 77
   at Microsoft.AspNetCore.Components.RenderTree.Renderer.<>c__DisplayClass85_0.<<Dispose>g__HandleAsyncExceptions|1>d.MoveNext()
2025-10-06 15:17:26.725 +02:00 [WRN] Unhandled exception rendering component: JavaScript interop calls cannot be issued at this time. This is because the circuit has disconnected and is being disposed. {"EventId":{"Id":100,"Name":"ExceptionRenderingComponent"},"SourceContext":"Microsoft.AspNetCore.Components.Server.Circuits.RemoteRenderer","RequestId":"0HNG4RAET7RL2:00000017","RequestPath":"/_blazor/disconnect","ConnectionId":"0HNG4RAET7RL2","Application":"MiniJira"}
Microsoft.JSInterop.JSDisconnectedException: JavaScript interop calls cannot be issued at this time. This is because the circuit has disconnected and is being disposed.
   at Microsoft.AspNetCore.Components.Server.Circuits.RemoteJSRuntime.BeginInvokeJS(Int64 asyncHandle, String identifier, String argsJson, JSCallResultType resultType, Int64 targetInstanceId)
   at Microsoft.JSInterop.JSRuntime.InvokeAsync[TValue](Int64 targetInstanceId, String identifier, CancellationToken cancellationToken, Object[] args)
   at Microsoft.JSInterop.JSRuntime.InvokeAsync[TValue](Int64 targetInstanceId, String identifier, Object[] args)
   at Microsoft.JSInterop.JSRuntimeExtensions.InvokeVoidAsync(IJSRuntime jsRuntime, String identifier, Object[] args)
   at MiniJira.Components.Pages.Index.DisposeAsync() in D:\KimiAi\MiniJira\MiniJira\MiniJira\Components\Pages\Index.razor.cs:line 279
   at Microsoft.AspNetCore.Components.RenderTree.Renderer.<>c__DisplayClass85_0.<<Dispose>g__HandleAsyncExceptions|1>d.MoveNext()
2025-10-06 15:17:26.738 +02:00 [ERR] Unhandled exception in circuit 'GhbAhljENvzCnUmSBKzbXRAgfDe42IvoY26gAGImNHU'. {"EventId":{"Id":111,"Name":"CircuitUnhandledException"},"SourceContext":"Microsoft.AspNetCore.Components.Server.Circuits.CircuitHost","RequestId":"0HNG4RAET7RL2:00000017","RequestPath":"/_blazor/disconnect","ConnectionId":"0HNG4RAET7RL2","Application":"MiniJira"}
System.AggregateException: Exceptions were encountered while disposing components. (JavaScript interop calls cannot be issued at this time. This is because the circuit has disconnected and is being disposed.) (JavaScript interop calls cannot be issued at this time. This is because the circuit has disconnected and is being disposed.)
 ---> Microsoft.JSInterop.JSDisconnectedException: JavaScript interop calls cannot be issued at this time. This is because the circuit has disconnected and is being disposed.
   at Microsoft.AspNetCore.Components.Server.Circuits.RemoteJSRuntime.BeginInvokeJS(Int64 asyncHandle, String identifier, String argsJson, JSCallResultType resultType, Int64 targetInstanceId)
   at Microsoft.JSInterop.JSRuntime.InvokeAsync[TValue](Int64 targetInstanceId, String identifier, CancellationToken cancellationToken, Object[] args)
   at Microsoft.JSInterop.JSRuntime.InvokeAsync[TValue](Int64 targetInstanceId, String identifier, Object[] args)
   at Microsoft.JSInterop.JSRuntimeExtensions.InvokeVoidAsync(IJSRuntime jsRuntime, String identifier, Object[] args)
   at Microsoft.JSInterop.Implementation.JSObjectReference.DisposeAsync()
   at MiniJira.Shared.MainLayout.DisposeAsync() in D:\KimiAi\MiniJira\MiniJira\MiniJira\Shared\MainLayout.razor.cs:line 77
   at Microsoft.AspNetCore.Components.RenderTree.Renderer.<>c__DisplayClass85_0.<<Dispose>g__HandleAsyncExceptions|1>d.MoveNext()
   --- End of inner exception stack trace ---
 ---> (Inner Exception #1) Microsoft.JSInterop.JSDisconnectedException: JavaScript interop calls cannot be issued at this time. This is because the circuit has disconnected and is being disposed.
   at Microsoft.AspNetCore.Components.Server.Circuits.RemoteJSRuntime.BeginInvokeJS(Int64 asyncHandle, String identifier, String argsJson, JSCallResultType resultType, Int64 targetInstanceId)
   at Microsoft.JSInterop.JSRuntime.InvokeAsync[TValue](Int64 targetInstanceId, String identifier, CancellationToken cancellationToken, Object[] args)
   at Microsoft.JSInterop.JSRuntime.InvokeAsync[TValue](Int64 targetInstanceId, String identifier, Object[] args)
   at Microsoft.JSInterop.JSRuntimeExtensions.InvokeVoidAsync(IJSRuntime jsRuntime, String identifier, Object[] args)
   at MiniJira.Components.Pages.Index.DisposeAsync() in D:\KimiAi\MiniJira\MiniJira\MiniJira\Components\Pages\Index.razor.cs:line 279
   at Microsoft.AspNetCore.Components.RenderTree.Renderer.<>c__DisplayClass85_0.<<Dispose>g__HandleAsyncExceptions|1>d.MoveNext()<---

2025-10-06 15:17:38.577 +02:00 [WRN] Unhandled exception rendering component: JavaScript interop calls cannot be issued at this time. This is because the circuit has disconnected and is being disposed. {"EventId":{"Id":100,"Name":"ExceptionRenderingComponent"},"SourceContext":"Microsoft.AspNetCore.Components.Server.Circuits.RemoteRenderer","RequestId":"0HNG4RAET7RL2:00000027","RequestPath":"/_blazor/disconnect","ConnectionId":"0HNG4RAET7RL2","Application":"MiniJira"}
Microsoft.JSInterop.JSDisconnectedException: JavaScript interop calls cannot be issued at this time. This is because the circuit has disconnected and is being disposed.
   at Microsoft.AspNetCore.Components.Server.Circuits.RemoteJSRuntime.BeginInvokeJS(Int64 asyncHandle, String identifier, String argsJson, JSCallResultType resultType, Int64 targetInstanceId)
   at Microsoft.JSInterop.JSRuntime.InvokeAsync[TValue](Int64 targetInstanceId, String identifier, CancellationToken cancellationToken, Object[] args)
   at Microsoft.JSInterop.JSRuntime.InvokeAsync[TValue](Int64 targetInstanceId, String identifier, Object[] args)
   at Microsoft.JSInterop.JSRuntimeExtensions.InvokeVoidAsync(IJSRuntime jsRuntime, String identifier, Object[] args)
   at Microsoft.JSInterop.Implementation.JSObjectReference.DisposeAsync()
   at MiniJira.Shared.MainLayout.DisposeAsync() in D:\KimiAi\MiniJira\MiniJira\MiniJira\Shared\MainLayout.razor.cs:line 77
   at Microsoft.AspNetCore.Components.RenderTree.Renderer.<>c__DisplayClass85_0.<<Dispose>g__HandleAsyncExceptions|1>d.MoveNext()
2025-10-06 15:17:38.599 +02:00 [ERR] Unhandled exception in circuit 'Eoase5lk0Aj7GMop5IBO9xy5F5mvEGtB_E9EEaPErEk'. {"EventId":{"Id":111,"Name":"CircuitUnhandledException"},"SourceContext":"Microsoft.AspNetCore.Components.Server.Circuits.CircuitHost","RequestId":"0HNG4RAET7RL2:00000027","RequestPath":"/_blazor/disconnect","ConnectionId":"0HNG4RAET7RL2","Application":"MiniJira"}
Microsoft.JSInterop.JSDisconnectedException: JavaScript interop calls cannot be issued at this time. This is because the circuit has disconnected and is being disposed.
   at Microsoft.AspNetCore.Components.Server.Circuits.RemoteJSRuntime.BeginInvokeJS(Int64 asyncHandle, String identifier, String argsJson, JSCallResultType resultType, Int64 targetInstanceId)
   at Microsoft.JSInterop.JSRuntime.InvokeAsync[TValue](Int64 targetInstanceId, String identifier, CancellationToken cancellationToken, Object[] args)
   at Microsoft.JSInterop.JSRuntime.InvokeAsync[TValue](Int64 targetInstanceId, String identifier, Object[] args)
   at Microsoft.JSInterop.JSRuntimeExtensions.InvokeVoidAsync(IJSRuntime jsRuntime, String identifier, Object[] args)
   at Microsoft.JSInterop.Implementation.JSObjectReference.DisposeAsync()
   at MiniJira.Shared.MainLayout.DisposeAsync() in D:\KimiAi\MiniJira\MiniJira\MiniJira\Shared\MainLayout.razor.cs:line 77
   at Microsoft.AspNetCore.Components.RenderTree.Renderer.<>c__DisplayClass85_0.<<Dispose>g__HandleAsyncExceptions|1>d.MoveNext()
2025-10-06 15:17:39.832 +02:00 [WRN] Unhandled exception rendering component: JavaScript interop calls cannot be issued at this time. This is because the circuit has disconnected and is being disposed. {"EventId":{"Id":100,"Name":"ExceptionRenderingComponent"},"SourceContext":"Microsoft.AspNetCore.Components.Server.Circuits.RemoteRenderer","RequestId":"0HNG4RAET7RL2:00000037","RequestPath":"/_blazor/disconnect","ConnectionId":"0HNG4RAET7RL2","Application":"MiniJira"}
Microsoft.JSInterop.JSDisconnectedException: JavaScript interop calls cannot be issued at this time. This is because the circuit has disconnected and is being disposed.
   at Microsoft.AspNetCore.Components.Server.Circuits.RemoteJSRuntime.BeginInvokeJS(Int64 asyncHandle, String identifier, String argsJson, JSCallResultType resultType, Int64 targetInstanceId)
   at Microsoft.JSInterop.JSRuntime.InvokeAsync[TValue](Int64 targetInstanceId, String identifier, CancellationToken cancellationToken, Object[] args)
   at Microsoft.JSInterop.JSRuntime.InvokeAsync[TValue](Int64 targetInstanceId, String identifier, Object[] args)
   at Microsoft.JSInterop.JSRuntimeExtensions.InvokeVoidAsync(IJSRuntime jsRuntime, String identifier, Object[] args)
   at Microsoft.JSInterop.Implementation.JSObjectReference.DisposeAsync()
   at MiniJira.Shared.MainLayout.DisposeAsync() in D:\KimiAi\MiniJira\MiniJira\MiniJira\Shared\MainLayout.razor.cs:line 77
   at Microsoft.AspNetCore.Components.RenderTree.Renderer.<>c__DisplayClass85_0.<<Dispose>g__HandleAsyncExceptions|1>d.MoveNext()
2025-10-06 15:17:39.852 +02:00 [ERR] Unhandled exception in circuit 'X3CQi5BhHjWNYRrNP12Wx2AgesGLJ3y89wBJalZMGBE'. {"EventId":{"Id":111,"Name":"CircuitUnhandledException"},"SourceContext":"Microsoft.AspNetCore.Components.Server.Circuits.CircuitHost","RequestId":"0HNG4RAET7RL2:00000037","RequestPath":"/_blazor/disconnect","ConnectionId":"0HNG4RAET7RL2","Application":"MiniJira"}
Microsoft.JSInterop.JSDisconnectedException: JavaScript interop calls cannot be issued at this time. This is because the circuit has disconnected and is being disposed.
   at Microsoft.AspNetCore.Components.Server.Circuits.RemoteJSRuntime.BeginInvokeJS(Int64 asyncHandle, String identifier, String argsJson, JSCallResultType resultType, Int64 targetInstanceId)
   at Microsoft.JSInterop.JSRuntime.InvokeAsync[TValue](Int64 targetInstanceId, String identifier, CancellationToken cancellationToken, Object[] args)
   at Microsoft.JSInterop.JSRuntime.InvokeAsync[TValue](Int64 targetInstanceId, String identifier, Object[] args)
   at Microsoft.JSInterop.JSRuntimeExtensions.InvokeVoidAsync(IJSRuntime jsRuntime, String identifier, Object[] args)
   at Microsoft.JSInterop.Implementation.JSObjectReference.DisposeAsync()
   at MiniJira.Shared.MainLayout.DisposeAsync() in D:\KimiAi\MiniJira\MiniJira\MiniJira\Shared\MainLayout.razor.cs:line 77
   at Microsoft.AspNetCore.Components.RenderTree.Renderer.<>c__DisplayClass85_0.<<Dispose>g__HandleAsyncExceptions|1>d.MoveNext()
2025-10-06 15:17:40.343 +02:00 [INF] Retrieving all columns for culture en-US {"SourceContext":"MiniJira.Services.ColumnService","TransportConnectionId":"uAznNiG37z1NmNxlmvbs9g","RequestId":"0HNG4RAET7RL2:00000043","RequestPath":"/_blazor","ConnectionId":"0HNG4RAET7RL2","Application":"MiniJira"}
2025-10-06 15:17:40.393 +02:00 [INF] Retrieving all tasks {"SourceContext":"MiniJira.Services.TaskService","TransportConnectionId":"uAznNiG37z1NmNxlmvbs9g","RequestId":"0HNG4RAET7RL2:00000043","RequestPath":"/_blazor","ConnectionId":"0HNG4RAET7RL2","Application":"MiniJira"}
2025-10-06 15:17:42.930 +02:00 [INF] Retrieving all hidden tasks {"SourceContext":"MiniJira.Services.TaskService","TransportConnectionId":"uAznNiG37z1NmNxlmvbs9g","RequestId":"0HNG4RAET7RL2:00000043","RequestPath":"/_blazor","ConnectionId":"0HNG4RAET7RL2","Application":"MiniJira"}
2025-10-06 15:17:44.789 +02:00 [INF] Retrieving all columns for culture en-US {"SourceContext":"MiniJira.Services.ColumnService","TransportConnectionId":"uAznNiG37z1NmNxlmvbs9g","RequestId":"0HNG4RAET7RL2:00000043","RequestPath":"/_blazor","ConnectionId":"0HNG4RAET7RL2","Application":"MiniJira"}
2025-10-06 15:17:44.796 +02:00 [INF] Retrieving all tasks {"SourceContext":"MiniJira.Services.TaskService","TransportConnectionId":"uAznNiG37z1NmNxlmvbs9g","RequestId":"0HNG4RAET7RL2:00000043","RequestPath":"/_blazor","ConnectionId":"0HNG4RAET7RL2","Application":"MiniJira"}
2025-10-06 19:57:12.031 +02:00 [INF] Applying database migrations... {"SourceContext":"Program","Application":"MiniJira"}
2025-10-06 19:57:12.614 +02:00 [WRN] The 'TaskPriority' property 'Priority' on entity type 'Task' is configured with a database-generated default, but has no configured sentinel value. The database-generated default will always be used for inserts when the property has the value 'Low', since this is the CLR default for the 'TaskPriority' type. Consider using a nullable type, using a nullable backing field, or setting the sentinel value for the property to ensure the database default is used when, and only when, appropriate. See https://aka.ms/efcore-docs-default-values for more information. {"EventId":{"Id":20601,"Name":"Microsoft.EntityFrameworkCore.Model.Validation.BoolWithDefaultWarning"},"SourceContext":"Microsoft.EntityFrameworkCore.Model.Validation","Application":"MiniJira"}
2025-10-06 19:57:12.818 +02:00 [INF] Acquiring an exclusive lock for migration application. See https://aka.ms/efcore-docs-migrations-lock for more information if this takes too long. {"EventId":{"Id":20411,"Name":"Microsoft.EntityFrameworkCore.Migrations.AcquiringMigrationLock"},"SourceContext":"Microsoft.EntityFrameworkCore.Migrations","Application":"MiniJira"}
2025-10-06 19:57:12.912 +02:00 [INF] No migrations were applied. The database is already up to date. {"EventId":{"Id":20405,"Name":"Microsoft.EntityFrameworkCore.Migrations.MigrationsNotApplied"},"SourceContext":"Microsoft.EntityFrameworkCore.Migrations","Application":"MiniJira"}
2025-10-06 19:57:12.923 +02:00 [INF] Database migrations applied successfully {"SourceContext":"Program","Application":"MiniJira"}
2025-10-06 19:57:13.555 +02:00 [INF] Now listening on: https://localhost:7105 {"EventId":{"Id":14,"Name":"ListeningOnAddress"},"SourceContext":"Microsoft.Hosting.Lifetime","Application":"MiniJira"}
2025-10-06 19:57:13.560 +02:00 [INF] Now listening on: http://localhost:5194 {"EventId":{"Id":14,"Name":"ListeningOnAddress"},"SourceContext":"Microsoft.Hosting.Lifetime","Application":"MiniJira"}
2025-10-06 19:57:13.654 +02:00 [INF] Application started. Press Ctrl+C to shut down. {"SourceContext":"Microsoft.Hosting.Lifetime","Application":"MiniJira"}
2025-10-06 19:57:13.666 +02:00 [INF] Hosting environment: Development {"SourceContext":"Microsoft.Hosting.Lifetime","Application":"MiniJira"}
2025-10-06 19:57:13.669 +02:00 [INF] Content root path: D:\KimiAi\MiniJira\MiniJira\MiniJira {"SourceContext":"Microsoft.Hosting.Lifetime","Application":"MiniJira"}
2025-10-06 19:57:18.050 +02:00 [INF] Retrieving all columns for culture en-US {"SourceContext":"MiniJira.Services.ColumnService","TransportConnectionId":"uoXnwylOloLa_tLnMXXCOA","RequestId":"0HNG5073QSFOR:00000017","RequestPath":"/_blazor","ConnectionId":"0HNG5073QSFOR","Application":"MiniJira"}
2025-10-06 19:57:18.402 +02:00 [WRN] Compiling a query which loads related collections for more than one collection navigation, either via 'Include' or through projection, but no 'QuerySplittingBehavior' has been configured. By default, Entity Framework will use 'QuerySplittingBehavior.SingleQuery', which can potentially result in slow query performance. See https://go.microsoft.com/fwlink/?linkid=2134277 for more information. To identify the query that's triggering this warning call 'ConfigureWarnings(w => w.Throw(RelationalEventId.MultipleCollectionIncludeWarning))'. {"EventId":{"Id":20504,"Name":"Microsoft.EntityFrameworkCore.Query.MultipleCollectionIncludeWarning"},"SourceContext":"Microsoft.EntityFrameworkCore.Query","TransportConnectionId":"uoXnwylOloLa_tLnMXXCOA","RequestId":"0HNG5073QSFOR:00000017","RequestPath":"/_blazor","ConnectionId":"0HNG5073QSFOR","Application":"MiniJira"}
2025-10-06 19:57:18.498 +02:00 [INF] Retrieving all tasks {"SourceContext":"MiniJira.Services.TaskService","TransportConnectionId":"uoXnwylOloLa_tLnMXXCOA","RequestId":"0HNG5073QSFOR:00000017","RequestPath":"/_blazor","ConnectionId":"0HNG5073QSFOR","Application":"MiniJira"}
2025-10-06 19:57:25.276 +02:00 [INF] Retrieving all tasks {"SourceContext":"MiniJira.Services.TaskService","TransportConnectionId":"uoXnwylOloLa_tLnMXXCOA","RequestId":"0HNG5073QSFOR:00000017","RequestPath":"/_blazor","ConnectionId":"0HNG5073QSFOR","Application":"MiniJira"}
