2025-10-06 00:01:10.092 +02:00 [INF] Applying database migrations... {"SourceContext":"Program","Application":"MiniJira"}
2025-10-06 00:01:10.693 +02:00 [WRN] The 'TaskPriority' property 'Priority' on entity type 'Task' is configured with a database-generated default, but has no configured sentinel value. The database-generated default will always be used for inserts when the property has the value 'Low', since this is the CLR default for the 'TaskPriority' type. Consider using a nullable type, using a nullable backing field, or setting the sentinel value for the property to ensure the database default is used when, and only when, appropriate. See https://aka.ms/efcore-docs-default-values for more information. {"EventId":{"Id":20601,"Name":"Microsoft.EntityFrameworkCore.Model.Validation.BoolWithDefaultWarning"},"SourceContext":"Microsoft.EntityFrameworkCore.Model.Validation","Application":"MiniJira"}
2025-10-06 00:01:10.911 +02:00 [INF] Acquiring an exclusive lock for migration application. See https://aka.ms/efcore-docs-migrations-lock for more information if this takes too long. {"EventId":{"Id":20411,"Name":"Microsoft.EntityFrameworkCore.Migrations.AcquiringMigrationLock"},"SourceContext":"Microsoft.EntityFrameworkCore.Migrations","Application":"MiniJira"}
2025-10-06 00:01:11.011 +02:00 [INF] No migrations were applied. The database is already up to date. {"EventId":{"Id":20405,"Name":"Microsoft.EntityFrameworkCore.Migrations.MigrationsNotApplied"},"SourceContext":"Microsoft.EntityFrameworkCore.Migrations","Application":"MiniJira"}
2025-10-06 00:01:11.020 +02:00 [INF] Database migrations applied successfully {"SourceContext":"Program","Application":"MiniJira"}
2025-10-06 00:01:11.497 +02:00 [INF] Now listening on: https://localhost:7105 {"EventId":{"Id":14,"Name":"ListeningOnAddress"},"SourceContext":"Microsoft.Hosting.Lifetime","Application":"MiniJira"}
2025-10-06 00:01:11.504 +02:00 [INF] Now listening on: http://localhost:5194 {"EventId":{"Id":14,"Name":"ListeningOnAddress"},"SourceContext":"Microsoft.Hosting.Lifetime","Application":"MiniJira"}
2025-10-06 00:01:11.585 +02:00 [INF] Application started. Press Ctrl+C to shut down. {"SourceContext":"Microsoft.Hosting.Lifetime","Application":"MiniJira"}
2025-10-06 00:01:11.589 +02:00 [INF] Hosting environment: Development {"SourceContext":"Microsoft.Hosting.Lifetime","Application":"MiniJira"}
2025-10-06 00:01:11.592 +02:00 [INF] Content root path: D:\KimiAi\MiniJira\MiniJira\MiniJira {"SourceContext":"Microsoft.Hosting.Lifetime","Application":"MiniJira"}
2025-10-06 00:01:17.970 +02:00 [INF] Retrieving all columns for culture en-US {"SourceContext":"MiniJira.Services.ColumnService","TransportConnectionId":"o6n82uvnriJ--s20fNmEbg","RequestId":"0HNG4BAP3MFL3:00000013","RequestPath":"/_blazor","ConnectionId":"0HNG4BAP3MFL3","Application":"MiniJira"}
2025-10-06 00:01:18.384 +02:00 [WRN] Compiling a query which loads related collections for more than one collection navigation, either via 'Include' or through projection, but no 'QuerySplittingBehavior' has been configured. By default, Entity Framework will use 'QuerySplittingBehavior.SingleQuery', which can potentially result in slow query performance. See https://go.microsoft.com/fwlink/?linkid=2134277 for more information. To identify the query that's triggering this warning call 'ConfigureWarnings(w => w.Throw(RelationalEventId.MultipleCollectionIncludeWarning))'. {"EventId":{"Id":20504,"Name":"Microsoft.EntityFrameworkCore.Query.MultipleCollectionIncludeWarning"},"SourceContext":"Microsoft.EntityFrameworkCore.Query","TransportConnectionId":"o6n82uvnriJ--s20fNmEbg","RequestId":"0HNG4BAP3MFL3:00000013","RequestPath":"/_blazor","ConnectionId":"0HNG4BAP3MFL3","Application":"MiniJira"}
2025-10-06 00:01:18.504 +02:00 [INF] Retrieving all tasks {"SourceContext":"MiniJira.Services.TaskService","TransportConnectionId":"o6n82uvnriJ--s20fNmEbg","RequestId":"0HNG4BAP3MFL3:00000013","RequestPath":"/_blazor","ConnectionId":"0HNG4BAP3MFL3","Application":"MiniJira"}
2025-10-06 00:01:19.631 +02:00 [INF] Retrieving task with ID "b93754f7-233b-40fd-9bb2-5b5cf6cfb246" {"SourceContext":"MiniJira.Services.TaskService","TransportConnectionId":"o6n82uvnriJ--s20fNmEbg","RequestId":"0HNG4BAP3MFL3:00000013","RequestPath":"/_blazor","ConnectionId":"0HNG4BAP3MFL3","Application":"MiniJira"}
2025-10-06 00:01:19.669 +02:00 [INF] Retrieving all columns for culture en-US {"SourceContext":"MiniJira.Services.ColumnService","TransportConnectionId":"o6n82uvnriJ--s20fNmEbg","RequestId":"0HNG4BAP3MFL3:00000013","RequestPath":"/_blazor","ConnectionId":"0HNG4BAP3MFL3","Application":"MiniJira"}
2025-10-06 00:01:19.875 +02:00 [WRN] Compiling a query which loads related collections for more than one collection navigation, either via 'Include' or through projection, but no 'QuerySplittingBehavior' has been configured. By default, Entity Framework will use 'QuerySplittingBehavior.SingleQuery', which can potentially result in slow query performance. See https://go.microsoft.com/fwlink/?linkid=2134277 for more information. To identify the query that's triggering this warning call 'ConfigureWarnings(w => w.Throw(RelationalEventId.MultipleCollectionIncludeWarning))'. {"EventId":{"Id":20504,"Name":"Microsoft.EntityFrameworkCore.Query.MultipleCollectionIncludeWarning"},"SourceContext":"Microsoft.EntityFrameworkCore.Query","TransportConnectionId":"o6n82uvnriJ--s20fNmEbg","RequestId":"0HNG4BAP3MFL3:00000013","RequestPath":"/_blazor","ConnectionId":"0HNG4BAP3MFL3","Application":"MiniJira"}
2025-10-06 00:01:20.040 +02:00 [INF] Retrieving owner history for task "b93754f7-233b-40fd-9bb2-5b5cf6cfb246" {"SourceContext":"MiniJira.Services.TaskService","TransportConnectionId":"o6n82uvnriJ--s20fNmEbg","RequestId":"0HNG4BAP3MFL3:00000013","RequestPath":"/_blazor","ConnectionId":"0HNG4BAP3MFL3","Application":"MiniJira"}
2025-10-06 00:01:20.060 +02:00 [INF] Retrieving owner history for task "b93754f7-233b-40fd-9bb2-5b5cf6cfb246" {"SourceContext":"MiniJira.Services.TaskService","TransportConnectionId":"o6n82uvnriJ--s20fNmEbg","RequestId":"0HNG4BAP3MFL3:00000013","RequestPath":"/_blazor","ConnectionId":"0HNG4BAP3MFL3","Application":"MiniJira"}
2025-10-06 00:01:38.768 +02:00 [INF] Retrieving all columns for culture en-US {"SourceContext":"MiniJira.Services.ColumnService","TransportConnectionId":"o6n82uvnriJ--s20fNmEbg","RequestId":"0HNG4BAP3MFL3:00000013","RequestPath":"/_blazor","ConnectionId":"0HNG4BAP3MFL3","Application":"MiniJira"}
2025-10-06 00:01:38.775 +02:00 [INF] Retrieving all tasks {"SourceContext":"MiniJira.Services.TaskService","TransportConnectionId":"o6n82uvnriJ--s20fNmEbg","RequestId":"0HNG4BAP3MFL3:00000013","RequestPath":"/_blazor","ConnectionId":"0HNG4BAP3MFL3","Application":"MiniJira"}
2025-10-06 00:01:40.300 +02:00 [INF] Retrieving task with ID "1b727d35-f4ff-4332-adff-90c224f2e49a" {"SourceContext":"MiniJira.Services.TaskService","TransportConnectionId":"o6n82uvnriJ--s20fNmEbg","RequestId":"0HNG4BAP3MFL3:00000013","RequestPath":"/_blazor","ConnectionId":"0HNG4BAP3MFL3","Application":"MiniJira"}
2025-10-06 00:01:40.307 +02:00 [INF] Retrieving all columns for culture en-US {"SourceContext":"MiniJira.Services.ColumnService","TransportConnectionId":"o6n82uvnriJ--s20fNmEbg","RequestId":"0HNG4BAP3MFL3:00000013","RequestPath":"/_blazor","ConnectionId":"0HNG4BAP3MFL3","Application":"MiniJira"}
2025-10-06 00:01:40.325 +02:00 [INF] Retrieving owner history for task "1b727d35-f4ff-4332-adff-90c224f2e49a" {"SourceContext":"MiniJira.Services.TaskService","TransportConnectionId":"o6n82uvnriJ--s20fNmEbg","RequestId":"0HNG4BAP3MFL3:00000013","RequestPath":"/_blazor","ConnectionId":"0HNG4BAP3MFL3","Application":"MiniJira"}
2025-10-06 00:01:40.332 +02:00 [INF] Retrieving owner history for task "1b727d35-f4ff-4332-adff-90c224f2e49a" {"SourceContext":"MiniJira.Services.TaskService","TransportConnectionId":"o6n82uvnriJ--s20fNmEbg","RequestId":"0HNG4BAP3MFL3:00000013","RequestPath":"/_blazor","ConnectionId":"0HNG4BAP3MFL3","Application":"MiniJira"}
2025-10-06 00:21:27.499 +02:00 [INF] Applying database migrations... {"SourceContext":"Program","Application":"MiniJira"}
2025-10-06 00:21:28.120 +02:00 [WRN] The 'TaskPriority' property 'Priority' on entity type 'Task' is configured with a database-generated default, but has no configured sentinel value. The database-generated default will always be used for inserts when the property has the value 'Low', since this is the CLR default for the 'TaskPriority' type. Consider using a nullable type, using a nullable backing field, or setting the sentinel value for the property to ensure the database default is used when, and only when, appropriate. See https://aka.ms/efcore-docs-default-values for more information. {"EventId":{"Id":20601,"Name":"Microsoft.EntityFrameworkCore.Model.Validation.BoolWithDefaultWarning"},"SourceContext":"Microsoft.EntityFrameworkCore.Model.Validation","Application":"MiniJira"}
2025-10-06 00:21:28.341 +02:00 [INF] Acquiring an exclusive lock for migration application. See https://aka.ms/efcore-docs-migrations-lock for more information if this takes too long. {"EventId":{"Id":20411,"Name":"Microsoft.EntityFrameworkCore.Migrations.AcquiringMigrationLock"},"SourceContext":"Microsoft.EntityFrameworkCore.Migrations","Application":"MiniJira"}
2025-10-06 00:21:28.441 +02:00 [INF] No migrations were applied. The database is already up to date. {"EventId":{"Id":20405,"Name":"Microsoft.EntityFrameworkCore.Migrations.MigrationsNotApplied"},"SourceContext":"Microsoft.EntityFrameworkCore.Migrations","Application":"MiniJira"}
2025-10-06 00:21:28.453 +02:00 [INF] Database migrations applied successfully {"SourceContext":"Program","Application":"MiniJira"}
2025-10-06 00:21:28.941 +02:00 [INF] Now listening on: https://localhost:7105 {"EventId":{"Id":14,"Name":"ListeningOnAddress"},"SourceContext":"Microsoft.Hosting.Lifetime","Application":"MiniJira"}
2025-10-06 00:21:28.948 +02:00 [INF] Now listening on: http://localhost:5194 {"EventId":{"Id":14,"Name":"ListeningOnAddress"},"SourceContext":"Microsoft.Hosting.Lifetime","Application":"MiniJira"}
2025-10-06 00:21:29.032 +02:00 [INF] Application started. Press Ctrl+C to shut down. {"SourceContext":"Microsoft.Hosting.Lifetime","Application":"MiniJira"}
2025-10-06 00:21:29.037 +02:00 [INF] Hosting environment: Development {"SourceContext":"Microsoft.Hosting.Lifetime","Application":"MiniJira"}
2025-10-06 00:21:29.040 +02:00 [INF] Content root path: D:\KimiAi\MiniJira\MiniJira\MiniJira {"SourceContext":"Microsoft.Hosting.Lifetime","Application":"MiniJira"}
2025-10-06 00:21:32.370 +02:00 [INF] Retrieving all columns for culture en-US {"SourceContext":"MiniJira.Services.ColumnService","TransportConnectionId":"k2-cAJCwHap1rq5S_6vd_g","RequestId":"0HNG4BM3TM8BH:00000017","RequestPath":"/_blazor","ConnectionId":"0HNG4BM3TM8BH","Application":"MiniJira"}
2025-10-06 00:21:32.686 +02:00 [WRN] Compiling a query which loads related collections for more than one collection navigation, either via 'Include' or through projection, but no 'QuerySplittingBehavior' has been configured. By default, Entity Framework will use 'QuerySplittingBehavior.SingleQuery', which can potentially result in slow query performance. See https://go.microsoft.com/fwlink/?linkid=2134277 for more information. To identify the query that's triggering this warning call 'ConfigureWarnings(w => w.Throw(RelationalEventId.MultipleCollectionIncludeWarning))'. {"EventId":{"Id":20504,"Name":"Microsoft.EntityFrameworkCore.Query.MultipleCollectionIncludeWarning"},"SourceContext":"Microsoft.EntityFrameworkCore.Query","TransportConnectionId":"k2-cAJCwHap1rq5S_6vd_g","RequestId":"0HNG4BM3TM8BH:00000017","RequestPath":"/_blazor","ConnectionId":"0HNG4BM3TM8BH","Application":"MiniJira"}
2025-10-06 00:21:32.769 +02:00 [INF] Retrieving all tasks {"SourceContext":"MiniJira.Services.TaskService","TransportConnectionId":"k2-cAJCwHap1rq5S_6vd_g","RequestId":"0HNG4BM3TM8BH:00000017","RequestPath":"/_blazor","ConnectionId":"0HNG4BM3TM8BH","Application":"MiniJira"}
2025-10-06 00:21:34.276 +02:00 [INF] Retrieving task with ID "b93754f7-233b-40fd-9bb2-5b5cf6cfb246" {"SourceContext":"MiniJira.Services.TaskService","TransportConnectionId":"k2-cAJCwHap1rq5S_6vd_g","RequestId":"0HNG4BM3TM8BH:00000017","RequestPath":"/_blazor","ConnectionId":"0HNG4BM3TM8BH","Application":"MiniJira"}
2025-10-06 00:21:34.312 +02:00 [INF] Retrieving all columns for culture en-US {"SourceContext":"MiniJira.Services.ColumnService","TransportConnectionId":"k2-cAJCwHap1rq5S_6vd_g","RequestId":"0HNG4BM3TM8BH:00000017","RequestPath":"/_blazor","ConnectionId":"0HNG4BM3TM8BH","Application":"MiniJira"}
2025-10-06 00:21:34.490 +02:00 [WRN] Compiling a query which loads related collections for more than one collection navigation, either via 'Include' or through projection, but no 'QuerySplittingBehavior' has been configured. By default, Entity Framework will use 'QuerySplittingBehavior.SingleQuery', which can potentially result in slow query performance. See https://go.microsoft.com/fwlink/?linkid=2134277 for more information. To identify the query that's triggering this warning call 'ConfigureWarnings(w => w.Throw(RelationalEventId.MultipleCollectionIncludeWarning))'. {"EventId":{"Id":20504,"Name":"Microsoft.EntityFrameworkCore.Query.MultipleCollectionIncludeWarning"},"SourceContext":"Microsoft.EntityFrameworkCore.Query","TransportConnectionId":"k2-cAJCwHap1rq5S_6vd_g","RequestId":"0HNG4BM3TM8BH:00000017","RequestPath":"/_blazor","ConnectionId":"0HNG4BM3TM8BH","Application":"MiniJira"}
2025-10-06 00:21:34.670 +02:00 [INF] Retrieving owner history for task "b93754f7-233b-40fd-9bb2-5b5cf6cfb246" {"SourceContext":"MiniJira.Services.TaskService","TransportConnectionId":"k2-cAJCwHap1rq5S_6vd_g","RequestId":"0HNG4BM3TM8BH:00000017","RequestPath":"/_blazor","ConnectionId":"0HNG4BM3TM8BH","Application":"MiniJira"}
2025-10-06 00:21:34.688 +02:00 [INF] Retrieving owner history for task "b93754f7-233b-40fd-9bb2-5b5cf6cfb246" {"SourceContext":"MiniJira.Services.TaskService","TransportConnectionId":"k2-cAJCwHap1rq5S_6vd_g","RequestId":"0HNG4BM3TM8BH:00000017","RequestPath":"/_blazor","ConnectionId":"0HNG4BM3TM8BH","Application":"MiniJira"}
2025-10-06 00:22:46.387 +02:00 [INF] Retrieving all columns for culture en-US {"SourceContext":"MiniJira.Services.ColumnService","TransportConnectionId":"k2-cAJCwHap1rq5S_6vd_g","RequestId":"0HNG4BM3TM8BH:00000017","RequestPath":"/_blazor","ConnectionId":"0HNG4BM3TM8BH","Application":"MiniJira"}
2025-10-06 00:22:46.401 +02:00 [INF] Retrieving all tasks {"SourceContext":"MiniJira.Services.TaskService","TransportConnectionId":"k2-cAJCwHap1rq5S_6vd_g","RequestId":"0HNG4BM3TM8BH:00000017","RequestPath":"/_blazor","ConnectionId":"0HNG4BM3TM8BH","Application":"MiniJira"}
2025-10-06 00:22:50.416 +02:00 [INF] Retrieving task with ID "b93754f7-233b-40fd-9bb2-5b5cf6cfb246" {"SourceContext":"MiniJira.Services.TaskService","TransportConnectionId":"k2-cAJCwHap1rq5S_6vd_g","RequestId":"0HNG4BM3TM8BH:00000017","RequestPath":"/_blazor","ConnectionId":"0HNG4BM3TM8BH","Application":"MiniJira"}
2025-10-06 00:22:50.424 +02:00 [INF] Retrieving all columns for culture en-US {"SourceContext":"MiniJira.Services.ColumnService","TransportConnectionId":"k2-cAJCwHap1rq5S_6vd_g","RequestId":"0HNG4BM3TM8BH:00000017","RequestPath":"/_blazor","ConnectionId":"0HNG4BM3TM8BH","Application":"MiniJira"}
2025-10-06 00:22:50.440 +02:00 [INF] Retrieving owner history for task "b93754f7-233b-40fd-9bb2-5b5cf6cfb246" {"SourceContext":"MiniJira.Services.TaskService","TransportConnectionId":"k2-cAJCwHap1rq5S_6vd_g","RequestId":"0HNG4BM3TM8BH:00000017","RequestPath":"/_blazor","ConnectionId":"0HNG4BM3TM8BH","Application":"MiniJira"}
2025-10-06 00:22:50.448 +02:00 [INF] Retrieving owner history for task "b93754f7-233b-40fd-9bb2-5b5cf6cfb246" {"SourceContext":"MiniJira.Services.TaskService","TransportConnectionId":"k2-cAJCwHap1rq5S_6vd_g","RequestId":"0HNG4BM3TM8BH:00000017","RequestPath":"/_blazor","ConnectionId":"0HNG4BM3TM8BH","Application":"MiniJira"}
2025-10-06 00:22:54.898 +02:00 [INF] Retrieving all columns for culture en-US {"SourceContext":"MiniJira.Services.ColumnService","TransportConnectionId":"k2-cAJCwHap1rq5S_6vd_g","RequestId":"0HNG4BM3TM8BH:00000017","RequestPath":"/_blazor","ConnectionId":"0HNG4BM3TM8BH","Application":"MiniJira"}
2025-10-06 00:22:54.907 +02:00 [INF] Retrieving all tasks {"SourceContext":"MiniJira.Services.TaskService","TransportConnectionId":"k2-cAJCwHap1rq5S_6vd_g","RequestId":"0HNG4BM3TM8BH:00000017","RequestPath":"/_blazor","ConnectionId":"0HNG4BM3TM8BH","Application":"MiniJira"}
2025-10-06 00:22:58.406 +02:00 [INF] Retrieving task with ID "b93754f7-233b-40fd-9bb2-5b5cf6cfb246" {"SourceContext":"MiniJira.Services.TaskService","TransportConnectionId":"k2-cAJCwHap1rq5S_6vd_g","RequestId":"0HNG4BM3TM8BH:00000017","RequestPath":"/_blazor","ConnectionId":"0HNG4BM3TM8BH","Application":"MiniJira"}
2025-10-06 00:22:58.412 +02:00 [INF] Retrieving all columns for culture en-US {"SourceContext":"MiniJira.Services.ColumnService","TransportConnectionId":"k2-cAJCwHap1rq5S_6vd_g","RequestId":"0HNG4BM3TM8BH:00000017","RequestPath":"/_blazor","ConnectionId":"0HNG4BM3TM8BH","Application":"MiniJira"}
2025-10-06 00:22:58.429 +02:00 [INF] Retrieving owner history for task "b93754f7-233b-40fd-9bb2-5b5cf6cfb246" {"SourceContext":"MiniJira.Services.TaskService","TransportConnectionId":"k2-cAJCwHap1rq5S_6vd_g","RequestId":"0HNG4BM3TM8BH:00000017","RequestPath":"/_blazor","ConnectionId":"0HNG4BM3TM8BH","Application":"MiniJira"}
2025-10-06 00:22:58.436 +02:00 [INF] Retrieving owner history for task "b93754f7-233b-40fd-9bb2-5b5cf6cfb246" {"SourceContext":"MiniJira.Services.TaskService","TransportConnectionId":"k2-cAJCwHap1rq5S_6vd_g","RequestId":"0HNG4BM3TM8BH:00000017","RequestPath":"/_blazor","ConnectionId":"0HNG4BM3TM8BH","Application":"MiniJira"}
2025-10-06 00:25:30.141 +02:00 [INF] Retrieving owner history for task "b93754f7-233b-40fd-9bb2-5b5cf6cfb246" {"SourceContext":"MiniJira.Services.TaskService","TransportConnectionId":"k2-cAJCwHap1rq5S_6vd_g","RequestId":"0HNG4BM3TM8BH:00000017","RequestPath":"/_blazor","ConnectionId":"0HNG4BM3TM8BH","Application":"MiniJira"}
2025-10-06 00:25:30.149 +02:00 [INF] Retrieving owner history for task "b93754f7-233b-40fd-9bb2-5b5cf6cfb246" {"SourceContext":"MiniJira.Services.TaskService","TransportConnectionId":"k2-cAJCwHap1rq5S_6vd_g","RequestId":"0HNG4BM3TM8BH:00000017","RequestPath":"/_blazor","ConnectionId":"0HNG4BM3TM8BH","Application":"MiniJira"}
2025-10-06 00:31:05.893 +02:00 [INF] Applying database migrations... {"SourceContext":"Program","Application":"MiniJira"}
2025-10-06 00:31:06.339 +02:00 [WRN] The 'TaskPriority' property 'Priority' on entity type 'Task' is configured with a database-generated default, but has no configured sentinel value. The database-generated default will always be used for inserts when the property has the value 'Low', since this is the CLR default for the 'TaskPriority' type. Consider using a nullable type, using a nullable backing field, or setting the sentinel value for the property to ensure the database default is used when, and only when, appropriate. See https://aka.ms/efcore-docs-default-values for more information. {"EventId":{"Id":20601,"Name":"Microsoft.EntityFrameworkCore.Model.Validation.BoolWithDefaultWarning"},"SourceContext":"Microsoft.EntityFrameworkCore.Model.Validation","Application":"MiniJira"}
2025-10-06 00:31:06.540 +02:00 [INF] Acquiring an exclusive lock for migration application. See https://aka.ms/efcore-docs-migrations-lock for more information if this takes too long. {"EventId":{"Id":20411,"Name":"Microsoft.EntityFrameworkCore.Migrations.AcquiringMigrationLock"},"SourceContext":"Microsoft.EntityFrameworkCore.Migrations","Application":"MiniJira"}
2025-10-06 00:31:06.653 +02:00 [INF] No migrations were applied. The database is already up to date. {"EventId":{"Id":20405,"Name":"Microsoft.EntityFrameworkCore.Migrations.MigrationsNotApplied"},"SourceContext":"Microsoft.EntityFrameworkCore.Migrations","Application":"MiniJira"}
2025-10-06 00:31:06.671 +02:00 [INF] Database migrations applied successfully {"SourceContext":"Program","Application":"MiniJira"}
2025-10-06 00:31:06.929 +02:00 [INF] Now listening on: https://localhost:7105 {"EventId":{"Id":14,"Name":"ListeningOnAddress"},"SourceContext":"Microsoft.Hosting.Lifetime","Application":"MiniJira"}
2025-10-06 00:31:06.930 +02:00 [INF] Now listening on: http://localhost:5194 {"EventId":{"Id":14,"Name":"ListeningOnAddress"},"SourceContext":"Microsoft.Hosting.Lifetime","Application":"MiniJira"}
2025-10-06 00:31:06.931 +02:00 [INF] Application started. Press Ctrl+C to shut down. {"SourceContext":"Microsoft.Hosting.Lifetime","Application":"MiniJira"}
2025-10-06 00:31:06.931 +02:00 [INF] Hosting environment: Development {"SourceContext":"Microsoft.Hosting.Lifetime","Application":"MiniJira"}
2025-10-06 00:31:06.931 +02:00 [INF] Content root path: D:\KimiAi\MiniJira\MiniJira\MiniJira {"SourceContext":"Microsoft.Hosting.Lifetime","Application":"MiniJira"}
2025-10-06 00:37:46.896 +02:00 [INF] Applying database migrations... {"SourceContext":"Program","Application":"MiniJira"}
2025-10-06 00:37:47.454 +02:00 [WRN] The 'TaskPriority' property 'Priority' on entity type 'Task' is configured with a database-generated default, but has no configured sentinel value. The database-generated default will always be used for inserts when the property has the value 'Low', since this is the CLR default for the 'TaskPriority' type. Consider using a nullable type, using a nullable backing field, or setting the sentinel value for the property to ensure the database default is used when, and only when, appropriate. See https://aka.ms/efcore-docs-default-values for more information. {"EventId":{"Id":20601,"Name":"Microsoft.EntityFrameworkCore.Model.Validation.BoolWithDefaultWarning"},"SourceContext":"Microsoft.EntityFrameworkCore.Model.Validation","Application":"MiniJira"}
2025-10-06 00:37:47.658 +02:00 [INF] Acquiring an exclusive lock for migration application. See https://aka.ms/efcore-docs-migrations-lock for more information if this takes too long. {"EventId":{"Id":20411,"Name":"Microsoft.EntityFrameworkCore.Migrations.AcquiringMigrationLock"},"SourceContext":"Microsoft.EntityFrameworkCore.Migrations","Application":"MiniJira"}
2025-10-06 00:37:47.794 +02:00 [INF] No migrations were applied. The database is already up to date. {"EventId":{"Id":20405,"Name":"Microsoft.EntityFrameworkCore.Migrations.MigrationsNotApplied"},"SourceContext":"Microsoft.EntityFrameworkCore.Migrations","Application":"MiniJira"}
2025-10-06 00:37:47.805 +02:00 [INF] Database migrations applied successfully {"SourceContext":"Program","Application":"MiniJira"}
2025-10-06 00:37:48.266 +02:00 [INF] Now listening on: https://localhost:7105 {"EventId":{"Id":14,"Name":"ListeningOnAddress"},"SourceContext":"Microsoft.Hosting.Lifetime","Application":"MiniJira"}
2025-10-06 00:37:48.272 +02:00 [INF] Now listening on: http://localhost:5194 {"EventId":{"Id":14,"Name":"ListeningOnAddress"},"SourceContext":"Microsoft.Hosting.Lifetime","Application":"MiniJira"}
2025-10-06 00:37:48.351 +02:00 [INF] Application started. Press Ctrl+C to shut down. {"SourceContext":"Microsoft.Hosting.Lifetime","Application":"MiniJira"}
2025-10-06 00:37:48.355 +02:00 [INF] Hosting environment: Development {"SourceContext":"Microsoft.Hosting.Lifetime","Application":"MiniJira"}
2025-10-06 00:37:48.358 +02:00 [INF] Content root path: D:\KimiAi\MiniJira\MiniJira\MiniJira {"SourceContext":"Microsoft.Hosting.Lifetime","Application":"MiniJira"}
2025-10-06 00:38:08.192 +02:00 [INF] Retrieving all columns for culture en-US {"SourceContext":"MiniJira.Services.ColumnService","TransportConnectionId":"iaVW-xVtt2Gbh0CQvEO5Iw","RequestId":"0HNG4BV7R7GU9:00000017","RequestPath":"/_blazor","ConnectionId":"0HNG4BV7R7GU9","Application":"MiniJira"}
2025-10-06 00:38:08.476 +02:00 [WRN] Compiling a query which loads related collections for more than one collection navigation, either via 'Include' or through projection, but no 'QuerySplittingBehavior' has been configured. By default, Entity Framework will use 'QuerySplittingBehavior.SingleQuery', which can potentially result in slow query performance. See https://go.microsoft.com/fwlink/?linkid=2134277 for more information. To identify the query that's triggering this warning call 'ConfigureWarnings(w => w.Throw(RelationalEventId.MultipleCollectionIncludeWarning))'. {"EventId":{"Id":20504,"Name":"Microsoft.EntityFrameworkCore.Query.MultipleCollectionIncludeWarning"},"SourceContext":"Microsoft.EntityFrameworkCore.Query","TransportConnectionId":"iaVW-xVtt2Gbh0CQvEO5Iw","RequestId":"0HNG4BV7R7GU9:00000017","RequestPath":"/_blazor","ConnectionId":"0HNG4BV7R7GU9","Application":"MiniJira"}
2025-10-06 00:38:08.559 +02:00 [INF] Retrieving all tasks {"SourceContext":"MiniJira.Services.TaskService","TransportConnectionId":"iaVW-xVtt2Gbh0CQvEO5Iw","RequestId":"0HNG4BV7R7GU9:00000017","RequestPath":"/_blazor","ConnectionId":"0HNG4BV7R7GU9","Application":"MiniJira"}
2025-10-06 00:42:38.496 +02:00 [INF] Applying database migrations... {"SourceContext":"Program","Application":"MiniJira"}
2025-10-06 00:42:39.052 +02:00 [WRN] The 'TaskPriority' property 'Priority' on entity type 'Task' is configured with a database-generated default, but has no configured sentinel value. The database-generated default will always be used for inserts when the property has the value 'Low', since this is the CLR default for the 'TaskPriority' type. Consider using a nullable type, using a nullable backing field, or setting the sentinel value for the property to ensure the database default is used when, and only when, appropriate. See https://aka.ms/efcore-docs-default-values for more information. {"EventId":{"Id":20601,"Name":"Microsoft.EntityFrameworkCore.Model.Validation.BoolWithDefaultWarning"},"SourceContext":"Microsoft.EntityFrameworkCore.Model.Validation","Application":"MiniJira"}
2025-10-06 00:42:39.245 +02:00 [INF] Acquiring an exclusive lock for migration application. See https://aka.ms/efcore-docs-migrations-lock for more information if this takes too long. {"EventId":{"Id":20411,"Name":"Microsoft.EntityFrameworkCore.Migrations.AcquiringMigrationLock"},"SourceContext":"Microsoft.EntityFrameworkCore.Migrations","Application":"MiniJira"}
2025-10-06 00:42:39.352 +02:00 [INF] No migrations were applied. The database is already up to date. {"EventId":{"Id":20405,"Name":"Microsoft.EntityFrameworkCore.Migrations.MigrationsNotApplied"},"SourceContext":"Microsoft.EntityFrameworkCore.Migrations","Application":"MiniJira"}
2025-10-06 00:42:39.364 +02:00 [INF] Database migrations applied successfully {"SourceContext":"Program","Application":"MiniJira"}
2025-10-06 00:42:39.844 +02:00 [INF] Now listening on: https://localhost:7105 {"EventId":{"Id":14,"Name":"ListeningOnAddress"},"SourceContext":"Microsoft.Hosting.Lifetime","Application":"MiniJira"}
2025-10-06 00:42:39.850 +02:00 [INF] Now listening on: http://localhost:5194 {"EventId":{"Id":14,"Name":"ListeningOnAddress"},"SourceContext":"Microsoft.Hosting.Lifetime","Application":"MiniJira"}
2025-10-06 00:42:39.939 +02:00 [INF] Application started. Press Ctrl+C to shut down. {"SourceContext":"Microsoft.Hosting.Lifetime","Application":"MiniJira"}
2025-10-06 00:42:39.943 +02:00 [INF] Hosting environment: Development {"SourceContext":"Microsoft.Hosting.Lifetime","Application":"MiniJira"}
2025-10-06 00:42:39.946 +02:00 [INF] Content root path: D:\KimiAi\MiniJira\MiniJira\MiniJira {"SourceContext":"Microsoft.Hosting.Lifetime","Application":"MiniJira"}
2025-10-06 00:42:44.507 +02:00 [INF] Retrieving all columns for culture en-US {"SourceContext":"MiniJira.Services.ColumnService","TransportConnectionId":"PHXL8JggWRFUhqJtrlb5SQ","RequestId":"0HNG4C1UO92AK:00000017","RequestPath":"/_blazor","ConnectionId":"0HNG4C1UO92AK","Application":"MiniJira"}
2025-10-06 00:42:44.827 +02:00 [WRN] Compiling a query which loads related collections for more than one collection navigation, either via 'Include' or through projection, but no 'QuerySplittingBehavior' has been configured. By default, Entity Framework will use 'QuerySplittingBehavior.SingleQuery', which can potentially result in slow query performance. See https://go.microsoft.com/fwlink/?linkid=2134277 for more information. To identify the query that's triggering this warning call 'ConfigureWarnings(w => w.Throw(RelationalEventId.MultipleCollectionIncludeWarning))'. {"EventId":{"Id":20504,"Name":"Microsoft.EntityFrameworkCore.Query.MultipleCollectionIncludeWarning"},"SourceContext":"Microsoft.EntityFrameworkCore.Query","TransportConnectionId":"PHXL8JggWRFUhqJtrlb5SQ","RequestId":"0HNG4C1UO92AK:00000017","RequestPath":"/_blazor","ConnectionId":"0HNG4C1UO92AK","Application":"MiniJira"}
2025-10-06 00:42:44.909 +02:00 [INF] Retrieving all tasks {"SourceContext":"MiniJira.Services.TaskService","TransportConnectionId":"PHXL8JggWRFUhqJtrlb5SQ","RequestId":"0HNG4C1UO92AK:00000017","RequestPath":"/_blazor","ConnectionId":"0HNG4C1UO92AK","Application":"MiniJira"}
2025-10-06 00:43:00.295 +02:00 [INF] Retrieving task with ID "b93754f7-233b-40fd-9bb2-5b5cf6cfb246" {"SourceContext":"MiniJira.Services.TaskService","TransportConnectionId":"PHXL8JggWRFUhqJtrlb5SQ","RequestId":"0HNG4C1UO92AK:00000017","RequestPath":"/_blazor","ConnectionId":"0HNG4C1UO92AK","Application":"MiniJira"}
2025-10-06 00:43:00.336 +02:00 [INF] Retrieving all columns for culture en-US {"SourceContext":"MiniJira.Services.ColumnService","TransportConnectionId":"PHXL8JggWRFUhqJtrlb5SQ","RequestId":"0HNG4C1UO92AK:00000017","RequestPath":"/_blazor","ConnectionId":"0HNG4C1UO92AK","Application":"MiniJira"}
2025-10-06 00:43:00.505 +02:00 [WRN] Compiling a query which loads related collections for more than one collection navigation, either via 'Include' or through projection, but no 'QuerySplittingBehavior' has been configured. By default, Entity Framework will use 'QuerySplittingBehavior.SingleQuery', which can potentially result in slow query performance. See https://go.microsoft.com/fwlink/?linkid=2134277 for more information. To identify the query that's triggering this warning call 'ConfigureWarnings(w => w.Throw(RelationalEventId.MultipleCollectionIncludeWarning))'. {"EventId":{"Id":20504,"Name":"Microsoft.EntityFrameworkCore.Query.MultipleCollectionIncludeWarning"},"SourceContext":"Microsoft.EntityFrameworkCore.Query","TransportConnectionId":"PHXL8JggWRFUhqJtrlb5SQ","RequestId":"0HNG4C1UO92AK:00000017","RequestPath":"/_blazor","ConnectionId":"0HNG4C1UO92AK","Application":"MiniJira"}
2025-10-06 00:43:00.696 +02:00 [INF] Retrieving owner history for task "b93754f7-233b-40fd-9bb2-5b5cf6cfb246" {"SourceContext":"MiniJira.Services.TaskService","TransportConnectionId":"PHXL8JggWRFUhqJtrlb5SQ","RequestId":"0HNG4C1UO92AK:00000017","RequestPath":"/_blazor","ConnectionId":"0HNG4C1UO92AK","Application":"MiniJira"}
2025-10-06 00:43:00.713 +02:00 [INF] Retrieving owner history for task "b93754f7-233b-40fd-9bb2-5b5cf6cfb246" {"SourceContext":"MiniJira.Services.TaskService","TransportConnectionId":"PHXL8JggWRFUhqJtrlb5SQ","RequestId":"0HNG4C1UO92AK:00000017","RequestPath":"/_blazor","ConnectionId":"0HNG4C1UO92AK","Application":"MiniJira"}
2025-10-06 00:43:09.717 +02:00 [INF] Retrieving all columns for culture en-US {"SourceContext":"MiniJira.Services.ColumnService","TransportConnectionId":"PHXL8JggWRFUhqJtrlb5SQ","RequestId":"0HNG4C1UO92AK:00000017","RequestPath":"/_blazor","ConnectionId":"0HNG4C1UO92AK","Application":"MiniJira"}
2025-10-06 00:43:09.729 +02:00 [INF] Retrieving all tasks {"SourceContext":"MiniJira.Services.TaskService","TransportConnectionId":"PHXL8JggWRFUhqJtrlb5SQ","RequestId":"0HNG4C1UO92AK:00000017","RequestPath":"/_blazor","ConnectionId":"0HNG4C1UO92AK","Application":"MiniJira"}
2025-10-06 00:43:10.567 +02:00 [INF] Retrieving all columns for culture en-US {"SourceContext":"MiniJira.Services.ColumnService","TransportConnectionId":"PHXL8JggWRFUhqJtrlb5SQ","RequestId":"0HNG4C1UO92AK:00000017","RequestPath":"/_blazor","ConnectionId":"0HNG4C1UO92AK","Application":"MiniJira"}
2025-10-06 00:43:10.576 +02:00 [INF] Retrieving all tasks {"SourceContext":"MiniJira.Services.TaskService","TransportConnectionId":"PHXL8JggWRFUhqJtrlb5SQ","RequestId":"0HNG4C1UO92AK:00000017","RequestPath":"/_blazor","ConnectionId":"0HNG4C1UO92AK","Application":"MiniJira"}
2025-10-06 00:43:12.093 +02:00 [WRN] Unhandled exception rendering component: JavaScript interop calls cannot be issued at this time. This is because the circuit has disconnected and is being disposed. {"EventId":{"Id":100,"Name":"ExceptionRenderingComponent"},"SourceContext":"Microsoft.AspNetCore.Components.Server.Circuits.RemoteRenderer","RequestId":"0HNG4C1UO92AK:0000001D","RequestPath":"/_blazor/disconnect","ConnectionId":"0HNG4C1UO92AK","Application":"MiniJira"}
Microsoft.JSInterop.JSDisconnectedException: JavaScript interop calls cannot be issued at this time. This is because the circuit has disconnected and is being disposed.
   at Microsoft.AspNetCore.Components.Server.Circuits.RemoteJSRuntime.BeginInvokeJS(Int64 asyncHandle, String identifier, String argsJson, JSCallResultType resultType, Int64 targetInstanceId)
   at Microsoft.JSInterop.JSRuntime.InvokeAsync[TValue](Int64 targetInstanceId, String identifier, CancellationToken cancellationToken, Object[] args)
   at Microsoft.JSInterop.JSRuntime.InvokeAsync[TValue](Int64 targetInstanceId, String identifier, Object[] args)
   at Microsoft.JSInterop.JSRuntimeExtensions.InvokeVoidAsync(IJSRuntime jsRuntime, String identifier, Object[] args)
   at Microsoft.JSInterop.Implementation.JSObjectReference.DisposeAsync()
   at MiniJira.Shared.MainLayout.DisposeAsync() in D:\KimiAi\MiniJira\MiniJira\MiniJira\Shared\MainLayout.razor.cs:line 77
   at Microsoft.AspNetCore.Components.RenderTree.Renderer.<>c__DisplayClass85_0.<<Dispose>g__HandleAsyncExceptions|1>d.MoveNext()
2025-10-06 00:43:12.129 +02:00 [WRN] Unhandled exception rendering component: JavaScript interop calls cannot be issued at this time. This is because the circuit has disconnected and is being disposed. {"EventId":{"Id":100,"Name":"ExceptionRenderingComponent"},"SourceContext":"Microsoft.AspNetCore.Components.Server.Circuits.RemoteRenderer","RequestId":"0HNG4C1UO92AK:0000001D","RequestPath":"/_blazor/disconnect","ConnectionId":"0HNG4C1UO92AK","Application":"MiniJira"}
Microsoft.JSInterop.JSDisconnectedException: JavaScript interop calls cannot be issued at this time. This is because the circuit has disconnected and is being disposed.
   at Microsoft.AspNetCore.Components.Server.Circuits.RemoteJSRuntime.BeginInvokeJS(Int64 asyncHandle, String identifier, String argsJson, JSCallResultType resultType, Int64 targetInstanceId)
   at Microsoft.JSInterop.JSRuntime.InvokeAsync[TValue](Int64 targetInstanceId, String identifier, CancellationToken cancellationToken, Object[] args)
   at Microsoft.JSInterop.JSRuntime.InvokeAsync[TValue](Int64 targetInstanceId, String identifier, Object[] args)
   at Microsoft.JSInterop.JSRuntimeExtensions.InvokeVoidAsync(IJSRuntime jsRuntime, String identifier, Object[] args)
   at MiniJira.Components.Pages.Index.DisposeAsync() in D:\KimiAi\MiniJira\MiniJira\MiniJira\Components\Pages\Index.razor.cs:line 254
   at Microsoft.AspNetCore.Components.RenderTree.Renderer.<>c__DisplayClass85_0.<<Dispose>g__HandleAsyncExceptions|1>d.MoveNext()
2025-10-06 00:43:12.145 +02:00 [ERR] Unhandled exception in circuit 'Ksa2gxcGRdhg_ntjOr5ki27Y1BD3USiQlmlYMA97kws'. {"EventId":{"Id":111,"Name":"CircuitUnhandledException"},"SourceContext":"Microsoft.AspNetCore.Components.Server.Circuits.CircuitHost","RequestId":"0HNG4C1UO92AK:0000001D","RequestPath":"/_blazor/disconnect","ConnectionId":"0HNG4C1UO92AK","Application":"MiniJira"}
System.AggregateException: Exceptions were encountered while disposing components. (JavaScript interop calls cannot be issued at this time. This is because the circuit has disconnected and is being disposed.) (JavaScript interop calls cannot be issued at this time. This is because the circuit has disconnected and is being disposed.)
 ---> Microsoft.JSInterop.JSDisconnectedException: JavaScript interop calls cannot be issued at this time. This is because the circuit has disconnected and is being disposed.
   at Microsoft.AspNetCore.Components.Server.Circuits.RemoteJSRuntime.BeginInvokeJS(Int64 asyncHandle, String identifier, String argsJson, JSCallResultType resultType, Int64 targetInstanceId)
   at Microsoft.JSInterop.JSRuntime.InvokeAsync[TValue](Int64 targetInstanceId, String identifier, CancellationToken cancellationToken, Object[] args)
   at Microsoft.JSInterop.JSRuntime.InvokeAsync[TValue](Int64 targetInstanceId, String identifier, Object[] args)
   at Microsoft.JSInterop.JSRuntimeExtensions.InvokeVoidAsync(IJSRuntime jsRuntime, String identifier, Object[] args)
   at Microsoft.JSInterop.Implementation.JSObjectReference.DisposeAsync()
   at MiniJira.Shared.MainLayout.DisposeAsync() in D:\KimiAi\MiniJira\MiniJira\MiniJira\Shared\MainLayout.razor.cs:line 77
   at Microsoft.AspNetCore.Components.RenderTree.Renderer.<>c__DisplayClass85_0.<<Dispose>g__HandleAsyncExceptions|1>d.MoveNext()
   --- End of inner exception stack trace ---
 ---> (Inner Exception #1) Microsoft.JSInterop.JSDisconnectedException: JavaScript interop calls cannot be issued at this time. This is because the circuit has disconnected and is being disposed.
   at Microsoft.AspNetCore.Components.Server.Circuits.RemoteJSRuntime.BeginInvokeJS(Int64 asyncHandle, String identifier, String argsJson, JSCallResultType resultType, Int64 targetInstanceId)
   at Microsoft.JSInterop.JSRuntime.InvokeAsync[TValue](Int64 targetInstanceId, String identifier, CancellationToken cancellationToken, Object[] args)
   at Microsoft.JSInterop.JSRuntime.InvokeAsync[TValue](Int64 targetInstanceId, String identifier, Object[] args)
   at Microsoft.JSInterop.JSRuntimeExtensions.InvokeVoidAsync(IJSRuntime jsRuntime, String identifier, Object[] args)
   at MiniJira.Components.Pages.Index.DisposeAsync() in D:\KimiAi\MiniJira\MiniJira\MiniJira\Components\Pages\Index.razor.cs:line 254
   at Microsoft.AspNetCore.Components.RenderTree.Renderer.<>c__DisplayClass85_0.<<Dispose>g__HandleAsyncExceptions|1>d.MoveNext()<---

2025-10-06 00:43:13.900 +02:00 [INF] Retrieving all columns for culture en-US {"SourceContext":"MiniJira.Services.ColumnService","TransportConnectionId":"gD0qRBykxEJkPzmugNcvBA","RequestId":"0HNG4C1UO92AK:0000002B","RequestPath":"/_blazor","ConnectionId":"0HNG4C1UO92AK","Application":"MiniJira"}
2025-10-06 00:43:13.908 +02:00 [INF] Retrieving all tasks {"SourceContext":"MiniJira.Services.TaskService","TransportConnectionId":"gD0qRBykxEJkPzmugNcvBA","RequestId":"0HNG4C1UO92AK:0000002B","RequestPath":"/_blazor","ConnectionId":"0HNG4C1UO92AK","Application":"MiniJira"}
2025-10-06 00:43:15.456 +02:00 [WRN] Unhandled exception rendering component: JavaScript interop calls cannot be issued at this time. This is because the circuit has disconnected and is being disposed. {"EventId":{"Id":100,"Name":"ExceptionRenderingComponent"},"SourceContext":"Microsoft.AspNetCore.Components.Server.Circuits.RemoteRenderer","RequestId":"0HNG4C1UO92AK:0000002F","RequestPath":"/_blazor/disconnect","ConnectionId":"0HNG4C1UO92AK","Application":"MiniJira"}
Microsoft.JSInterop.JSDisconnectedException: JavaScript interop calls cannot be issued at this time. This is because the circuit has disconnected and is being disposed.
   at Microsoft.AspNetCore.Components.Server.Circuits.RemoteJSRuntime.BeginInvokeJS(Int64 asyncHandle, String identifier, String argsJson, JSCallResultType resultType, Int64 targetInstanceId)
   at Microsoft.JSInterop.JSRuntime.InvokeAsync[TValue](Int64 targetInstanceId, String identifier, CancellationToken cancellationToken, Object[] args)
   at Microsoft.JSInterop.JSRuntime.InvokeAsync[TValue](Int64 targetInstanceId, String identifier, Object[] args)
   at Microsoft.JSInterop.JSRuntimeExtensions.InvokeVoidAsync(IJSRuntime jsRuntime, String identifier, Object[] args)
   at Microsoft.JSInterop.Implementation.JSObjectReference.DisposeAsync()
   at MiniJira.Shared.MainLayout.DisposeAsync() in D:\KimiAi\MiniJira\MiniJira\MiniJira\Shared\MainLayout.razor.cs:line 77
   at Microsoft.AspNetCore.Components.RenderTree.Renderer.<>c__DisplayClass85_0.<<Dispose>g__HandleAsyncExceptions|1>d.MoveNext()
2025-10-06 00:43:15.486 +02:00 [ERR] Unhandled exception in circuit 'hd-QhdgWe70mXDn3M95EHazjtQzkn3JRLfOPh4SEmLY'. {"EventId":{"Id":111,"Name":"CircuitUnhandledException"},"SourceContext":"Microsoft.AspNetCore.Components.Server.Circuits.CircuitHost","RequestId":"0HNG4C1UO92AK:0000002F","RequestPath":"/_blazor/disconnect","ConnectionId":"0HNG4C1UO92AK","Application":"MiniJira"}
Microsoft.JSInterop.JSDisconnectedException: JavaScript interop calls cannot be issued at this time. This is because the circuit has disconnected and is being disposed.
   at Microsoft.AspNetCore.Components.Server.Circuits.RemoteJSRuntime.BeginInvokeJS(Int64 asyncHandle, String identifier, String argsJson, JSCallResultType resultType, Int64 targetInstanceId)
   at Microsoft.JSInterop.JSRuntime.InvokeAsync[TValue](Int64 targetInstanceId, String identifier, CancellationToken cancellationToken, Object[] args)
   at Microsoft.JSInterop.JSRuntime.InvokeAsync[TValue](Int64 targetInstanceId, String identifier, Object[] args)
   at Microsoft.JSInterop.JSRuntimeExtensions.InvokeVoidAsync(IJSRuntime jsRuntime, String identifier, Object[] args)
   at Microsoft.JSInterop.Implementation.JSObjectReference.DisposeAsync()
   at MiniJira.Shared.MainLayout.DisposeAsync() in D:\KimiAi\MiniJira\MiniJira\MiniJira\Shared\MainLayout.razor.cs:line 77
   at Microsoft.AspNetCore.Components.RenderTree.Renderer.<>c__DisplayClass85_0.<<Dispose>g__HandleAsyncExceptions|1>d.MoveNext()
2025-10-06 00:43:16.681 +02:00 [WRN] Unhandled exception rendering component: JavaScript interop calls cannot be issued at this time. This is because the circuit has disconnected and is being disposed. {"EventId":{"Id":100,"Name":"ExceptionRenderingComponent"},"SourceContext":"Microsoft.AspNetCore.Components.Server.Circuits.RemoteRenderer","RequestId":"0HNG4C1UO92AK:0000003F","RequestPath":"/_blazor/disconnect","ConnectionId":"0HNG4C1UO92AK","Application":"MiniJira"}
Microsoft.JSInterop.JSDisconnectedException: JavaScript interop calls cannot be issued at this time. This is because the circuit has disconnected and is being disposed.
   at Microsoft.AspNetCore.Components.Server.Circuits.RemoteJSRuntime.BeginInvokeJS(Int64 asyncHandle, String identifier, String argsJson, JSCallResultType resultType, Int64 targetInstanceId)
   at Microsoft.JSInterop.JSRuntime.InvokeAsync[TValue](Int64 targetInstanceId, String identifier, CancellationToken cancellationToken, Object[] args)
   at Microsoft.JSInterop.JSRuntime.InvokeAsync[TValue](Int64 targetInstanceId, String identifier, Object[] args)
   at Microsoft.JSInterop.JSRuntimeExtensions.InvokeVoidAsync(IJSRuntime jsRuntime, String identifier, Object[] args)
   at Microsoft.JSInterop.Implementation.JSObjectReference.DisposeAsync()
   at MiniJira.Shared.MainLayout.DisposeAsync() in D:\KimiAi\MiniJira\MiniJira\MiniJira\Shared\MainLayout.razor.cs:line 77
   at Microsoft.AspNetCore.Components.RenderTree.Renderer.<>c__DisplayClass85_0.<<Dispose>g__HandleAsyncExceptions|1>d.MoveNext()
2025-10-06 00:43:16.713 +02:00 [ERR] Unhandled exception in circuit 'SMR4Ct6Ih-dnX1pKv5s5nGCunXBcR5q43e8cNF_FKAE'. {"EventId":{"Id":111,"Name":"CircuitUnhandledException"},"SourceContext":"Microsoft.AspNetCore.Components.Server.Circuits.CircuitHost","RequestId":"0HNG4C1UO92AK:0000003F","RequestPath":"/_blazor/disconnect","ConnectionId":"0HNG4C1UO92AK","Application":"MiniJira"}
Microsoft.JSInterop.JSDisconnectedException: JavaScript interop calls cannot be issued at this time. This is because the circuit has disconnected and is being disposed.
   at Microsoft.AspNetCore.Components.Server.Circuits.RemoteJSRuntime.BeginInvokeJS(Int64 asyncHandle, String identifier, String argsJson, JSCallResultType resultType, Int64 targetInstanceId)
   at Microsoft.JSInterop.JSRuntime.InvokeAsync[TValue](Int64 targetInstanceId, String identifier, CancellationToken cancellationToken, Object[] args)
   at Microsoft.JSInterop.JSRuntime.InvokeAsync[TValue](Int64 targetInstanceId, String identifier, Object[] args)
   at Microsoft.JSInterop.JSRuntimeExtensions.InvokeVoidAsync(IJSRuntime jsRuntime, String identifier, Object[] args)
   at Microsoft.JSInterop.Implementation.JSObjectReference.DisposeAsync()
   at MiniJira.Shared.MainLayout.DisposeAsync() in D:\KimiAi\MiniJira\MiniJira\MiniJira\Shared\MainLayout.razor.cs:line 77
   at Microsoft.AspNetCore.Components.RenderTree.Renderer.<>c__DisplayClass85_0.<<Dispose>g__HandleAsyncExceptions|1>d.MoveNext()
2025-10-06 00:43:17.828 +02:00 [WRN] Unhandled exception rendering component: JavaScript interop calls cannot be issued at this time. This is because the circuit has disconnected and is being disposed. {"EventId":{"Id":100,"Name":"ExceptionRenderingComponent"},"SourceContext":"Microsoft.AspNetCore.Components.Server.Circuits.RemoteRenderer","RequestId":"0HNG4C1UO92AK:0000004F","RequestPath":"/_blazor/disconnect","ConnectionId":"0HNG4C1UO92AK","Application":"MiniJira"}
Microsoft.JSInterop.JSDisconnectedException: JavaScript interop calls cannot be issued at this time. This is because the circuit has disconnected and is being disposed.
   at Microsoft.AspNetCore.Components.Server.Circuits.RemoteJSRuntime.BeginInvokeJS(Int64 asyncHandle, String identifier, String argsJson, JSCallResultType resultType, Int64 targetInstanceId)
   at Microsoft.JSInterop.JSRuntime.InvokeAsync[TValue](Int64 targetInstanceId, String identifier, CancellationToken cancellationToken, Object[] args)
   at Microsoft.JSInterop.JSRuntime.InvokeAsync[TValue](Int64 targetInstanceId, String identifier, Object[] args)
   at Microsoft.JSInterop.JSRuntimeExtensions.InvokeVoidAsync(IJSRuntime jsRuntime, String identifier, Object[] args)
   at Microsoft.JSInterop.Implementation.JSObjectReference.DisposeAsync()
   at MiniJira.Shared.MainLayout.DisposeAsync() in D:\KimiAi\MiniJira\MiniJira\MiniJira\Shared\MainLayout.razor.cs:line 77
   at Microsoft.AspNetCore.Components.RenderTree.Renderer.<>c__DisplayClass85_0.<<Dispose>g__HandleAsyncExceptions|1>d.MoveNext()
2025-10-06 00:43:17.855 +02:00 [ERR] Unhandled exception in circuit '1rllNK3VxCnAaHGO6g-ZkxNQNyCHfHixBq8i0mcV3Qk'. {"EventId":{"Id":111,"Name":"CircuitUnhandledException"},"SourceContext":"Microsoft.AspNetCore.Components.Server.Circuits.CircuitHost","RequestId":"0HNG4C1UO92AK:0000004F","RequestPath":"/_blazor/disconnect","ConnectionId":"0HNG4C1UO92AK","Application":"MiniJira"}
Microsoft.JSInterop.JSDisconnectedException: JavaScript interop calls cannot be issued at this time. This is because the circuit has disconnected and is being disposed.
   at Microsoft.AspNetCore.Components.Server.Circuits.RemoteJSRuntime.BeginInvokeJS(Int64 asyncHandle, String identifier, String argsJson, JSCallResultType resultType, Int64 targetInstanceId)
   at Microsoft.JSInterop.JSRuntime.InvokeAsync[TValue](Int64 targetInstanceId, String identifier, CancellationToken cancellationToken, Object[] args)
   at Microsoft.JSInterop.JSRuntime.InvokeAsync[TValue](Int64 targetInstanceId, String identifier, Object[] args)
   at Microsoft.JSInterop.JSRuntimeExtensions.InvokeVoidAsync(IJSRuntime jsRuntime, String identifier, Object[] args)
   at Microsoft.JSInterop.Implementation.JSObjectReference.DisposeAsync()
   at MiniJira.Shared.MainLayout.DisposeAsync() in D:\KimiAi\MiniJira\MiniJira\MiniJira\Shared\MainLayout.razor.cs:line 77
   at Microsoft.AspNetCore.Components.RenderTree.Renderer.<>c__DisplayClass85_0.<<Dispose>g__HandleAsyncExceptions|1>d.MoveNext()
2025-10-06 00:43:18.863 +02:00 [INF] Retrieving all columns for culture en-US {"SourceContext":"MiniJira.Services.ColumnService","TransportConnectionId":"7G_z5jO45CldbvGBH84RMQ","RequestId":"0HNG4C1UO92AK:0000005B","RequestPath":"/_blazor","ConnectionId":"0HNG4C1UO92AK","Application":"MiniJira"}
2025-10-06 00:43:18.870 +02:00 [INF] Retrieving all tasks {"SourceContext":"MiniJira.Services.TaskService","TransportConnectionId":"7G_z5jO45CldbvGBH84RMQ","RequestId":"0HNG4C1UO92AK:0000005B","RequestPath":"/_blazor","ConnectionId":"0HNG4C1UO92AK","Application":"MiniJira"}
2025-10-06 00:43:35.497 +02:00 [INF] Retrieving all columns for culture en-US {"SourceContext":"MiniJira.Services.ColumnService","TransportConnectionId":"7G_z5jO45CldbvGBH84RMQ","RequestId":"0HNG4C1UO92AK:0000005B","RequestPath":"/_blazor","ConnectionId":"0HNG4C1UO92AK","Application":"MiniJira"}
2025-10-06 00:43:35.506 +02:00 [INF] Retrieving all tasks {"SourceContext":"MiniJira.Services.TaskService","TransportConnectionId":"7G_z5jO45CldbvGBH84RMQ","RequestId":"0HNG4C1UO92AK:0000005B","RequestPath":"/_blazor","ConnectionId":"0HNG4C1UO92AK","Application":"MiniJira"}
2025-10-06 00:44:04.840 +02:00 [INF] Retrieving task with ID "cc194bbd-f8a9-4f08-ad0a-03518d0388fd" {"SourceContext":"MiniJira.Services.TaskService","TransportConnectionId":"7G_z5jO45CldbvGBH84RMQ","RequestId":"0HNG4C1UO92AK:0000005B","RequestPath":"/_blazor","ConnectionId":"0HNG4C1UO92AK","Application":"MiniJira"}
2025-10-06 00:44:04.848 +02:00 [INF] Retrieving all columns for culture en-US {"SourceContext":"MiniJira.Services.ColumnService","TransportConnectionId":"7G_z5jO45CldbvGBH84RMQ","RequestId":"0HNG4C1UO92AK:0000005B","RequestPath":"/_blazor","ConnectionId":"0HNG4C1UO92AK","Application":"MiniJira"}
2025-10-06 00:44:04.883 +02:00 [INF] Retrieving owner history for task "cc194bbd-f8a9-4f08-ad0a-03518d0388fd" {"SourceContext":"MiniJira.Services.TaskService","TransportConnectionId":"7G_z5jO45CldbvGBH84RMQ","RequestId":"0HNG4C1UO92AK:0000005B","RequestPath":"/_blazor","ConnectionId":"0HNG4C1UO92AK","Application":"MiniJira"}
2025-10-06 00:44:04.890 +02:00 [INF] Retrieving owner history for task "cc194bbd-f8a9-4f08-ad0a-03518d0388fd" {"SourceContext":"MiniJira.Services.TaskService","TransportConnectionId":"7G_z5jO45CldbvGBH84RMQ","RequestId":"0HNG4C1UO92AK:0000005B","RequestPath":"/_blazor","ConnectionId":"0HNG4C1UO92AK","Application":"MiniJira"}
2025-10-06 00:44:06.921 +02:00 [INF] Retrieving all columns for culture en-US {"SourceContext":"MiniJira.Services.ColumnService","TransportConnectionId":"7G_z5jO45CldbvGBH84RMQ","RequestId":"0HNG4C1UO92AK:0000005B","RequestPath":"/_blazor","ConnectionId":"0HNG4C1UO92AK","Application":"MiniJira"}
2025-10-06 00:44:06.929 +02:00 [INF] Retrieving all tasks {"SourceContext":"MiniJira.Services.TaskService","TransportConnectionId":"7G_z5jO45CldbvGBH84RMQ","RequestId":"0HNG4C1UO92AK:0000005B","RequestPath":"/_blazor","ConnectionId":"0HNG4C1UO92AK","Application":"MiniJira"}
2025-10-06 00:44:11.350 +02:00 [INF] Retrieving task with ID "1b727d35-f4ff-4332-adff-90c224f2e49a" {"SourceContext":"MiniJira.Services.TaskService","TransportConnectionId":"7G_z5jO45CldbvGBH84RMQ","RequestId":"0HNG4C1UO92AK:0000005B","RequestPath":"/_blazor","ConnectionId":"0HNG4C1UO92AK","Application":"MiniJira"}
2025-10-06 00:44:11.358 +02:00 [INF] Retrieving all columns for culture en-US {"SourceContext":"MiniJira.Services.ColumnService","TransportConnectionId":"7G_z5jO45CldbvGBH84RMQ","RequestId":"0HNG4C1UO92AK:0000005B","RequestPath":"/_blazor","ConnectionId":"0HNG4C1UO92AK","Application":"MiniJira"}
2025-10-06 00:44:11.379 +02:00 [INF] Retrieving owner history for task "1b727d35-f4ff-4332-adff-90c224f2e49a" {"SourceContext":"MiniJira.Services.TaskService","TransportConnectionId":"7G_z5jO45CldbvGBH84RMQ","RequestId":"0HNG4C1UO92AK:0000005B","RequestPath":"/_blazor","ConnectionId":"0HNG4C1UO92AK","Application":"MiniJira"}
2025-10-06 00:44:11.388 +02:00 [INF] Retrieving owner history for task "1b727d35-f4ff-4332-adff-90c224f2e49a" {"SourceContext":"MiniJira.Services.TaskService","TransportConnectionId":"7G_z5jO45CldbvGBH84RMQ","RequestId":"0HNG4C1UO92AK:0000005B","RequestPath":"/_blazor","ConnectionId":"0HNG4C1UO92AK","Application":"MiniJira"}
2025-10-06 00:44:14.656 +02:00 [INF] Retrieving all columns for culture en-US {"SourceContext":"MiniJira.Services.ColumnService","TransportConnectionId":"7G_z5jO45CldbvGBH84RMQ","RequestId":"0HNG4C1UO92AK:0000005B","RequestPath":"/_blazor","ConnectionId":"0HNG4C1UO92AK","Application":"MiniJira"}
2025-10-06 00:44:14.664 +02:00 [INF] Retrieving all tasks {"SourceContext":"MiniJira.Services.TaskService","TransportConnectionId":"7G_z5jO45CldbvGBH84RMQ","RequestId":"0HNG4C1UO92AK:0000005B","RequestPath":"/_blazor","ConnectionId":"0HNG4C1UO92AK","Application":"MiniJira"}
2025-10-06 00:44:26.619 +02:00 [INF] Retrieving task with ID "b93754f7-233b-40fd-9bb2-5b5cf6cfb246" {"SourceContext":"MiniJira.Services.TaskService","TransportConnectionId":"7G_z5jO45CldbvGBH84RMQ","RequestId":"0HNG4C1UO92AK:0000005B","RequestPath":"/_blazor","ConnectionId":"0HNG4C1UO92AK","Application":"MiniJira"}
2025-10-06 00:44:26.626 +02:00 [INF] Retrieving all columns for culture en-US {"SourceContext":"MiniJira.Services.ColumnService","TransportConnectionId":"7G_z5jO45CldbvGBH84RMQ","RequestId":"0HNG4C1UO92AK:0000005B","RequestPath":"/_blazor","ConnectionId":"0HNG4C1UO92AK","Application":"MiniJira"}
2025-10-06 00:44:26.641 +02:00 [INF] Retrieving owner history for task "b93754f7-233b-40fd-9bb2-5b5cf6cfb246" {"SourceContext":"MiniJira.Services.TaskService","TransportConnectionId":"7G_z5jO45CldbvGBH84RMQ","RequestId":"0HNG4C1UO92AK:0000005B","RequestPath":"/_blazor","ConnectionId":"0HNG4C1UO92AK","Application":"MiniJira"}
2025-10-06 00:44:26.649 +02:00 [INF] Retrieving owner history for task "b93754f7-233b-40fd-9bb2-5b5cf6cfb246" {"SourceContext":"MiniJira.Services.TaskService","TransportConnectionId":"7G_z5jO45CldbvGBH84RMQ","RequestId":"0HNG4C1UO92AK:0000005B","RequestPath":"/_blazor","ConnectionId":"0HNG4C1UO92AK","Application":"MiniJira"}
2025-10-06 00:50:13.575 +02:00 [INF] Applying database migrations... {"SourceContext":"Program","Application":"MiniJira"}
2025-10-06 00:50:14.155 +02:00 [WRN] The 'TaskPriority' property 'Priority' on entity type 'Task' is configured with a database-generated default, but has no configured sentinel value. The database-generated default will always be used for inserts when the property has the value 'Low', since this is the CLR default for the 'TaskPriority' type. Consider using a nullable type, using a nullable backing field, or setting the sentinel value for the property to ensure the database default is used when, and only when, appropriate. See https://aka.ms/efcore-docs-default-values for more information. {"EventId":{"Id":20601,"Name":"Microsoft.EntityFrameworkCore.Model.Validation.BoolWithDefaultWarning"},"SourceContext":"Microsoft.EntityFrameworkCore.Model.Validation","Application":"MiniJira"}
2025-10-06 00:50:14.395 +02:00 [INF] Acquiring an exclusive lock for migration application. See https://aka.ms/efcore-docs-migrations-lock for more information if this takes too long. {"EventId":{"Id":20411,"Name":"Microsoft.EntityFrameworkCore.Migrations.AcquiringMigrationLock"},"SourceContext":"Microsoft.EntityFrameworkCore.Migrations","Application":"MiniJira"}
2025-10-06 00:50:14.525 +02:00 [INF] No migrations were applied. The database is already up to date. {"EventId":{"Id":20405,"Name":"Microsoft.EntityFrameworkCore.Migrations.MigrationsNotApplied"},"SourceContext":"Microsoft.EntityFrameworkCore.Migrations","Application":"MiniJira"}
2025-10-06 00:50:14.534 +02:00 [INF] Database migrations applied successfully {"SourceContext":"Program","Application":"MiniJira"}
2025-10-06 00:50:15.061 +02:00 [INF] Now listening on: https://localhost:7105 {"EventId":{"Id":14,"Name":"ListeningOnAddress"},"SourceContext":"Microsoft.Hosting.Lifetime","Application":"MiniJira"}
2025-10-06 00:50:15.067 +02:00 [INF] Now listening on: http://localhost:5194 {"EventId":{"Id":14,"Name":"ListeningOnAddress"},"SourceContext":"Microsoft.Hosting.Lifetime","Application":"MiniJira"}
2025-10-06 00:50:15.237 +02:00 [INF] Application started. Press Ctrl+C to shut down. {"SourceContext":"Microsoft.Hosting.Lifetime","Application":"MiniJira"}
2025-10-06 00:50:15.242 +02:00 [INF] Hosting environment: Development {"SourceContext":"Microsoft.Hosting.Lifetime","Application":"MiniJira"}
2025-10-06 00:50:15.246 +02:00 [INF] Content root path: D:\KimiAi\MiniJira\MiniJira\MiniJira {"SourceContext":"Microsoft.Hosting.Lifetime","Application":"MiniJira"}
2025-10-06 00:50:20.368 +02:00 [INF] Retrieving all columns for culture en-US {"SourceContext":"MiniJira.Services.ColumnService","TransportConnectionId":"Hi0aCLWJXUwiWO8MHzzyyA","RequestId":"0HNG4C66A9K15:00000017","RequestPath":"/_blazor","ConnectionId":"0HNG4C66A9K15","Application":"MiniJira"}
2025-10-06 00:50:20.670 +02:00 [WRN] Compiling a query which loads related collections for more than one collection navigation, either via 'Include' or through projection, but no 'QuerySplittingBehavior' has been configured. By default, Entity Framework will use 'QuerySplittingBehavior.SingleQuery', which can potentially result in slow query performance. See https://go.microsoft.com/fwlink/?linkid=2134277 for more information. To identify the query that's triggering this warning call 'ConfigureWarnings(w => w.Throw(RelationalEventId.MultipleCollectionIncludeWarning))'. {"EventId":{"Id":20504,"Name":"Microsoft.EntityFrameworkCore.Query.MultipleCollectionIncludeWarning"},"SourceContext":"Microsoft.EntityFrameworkCore.Query","TransportConnectionId":"Hi0aCLWJXUwiWO8MHzzyyA","RequestId":"0HNG4C66A9K15:00000017","RequestPath":"/_blazor","ConnectionId":"0HNG4C66A9K15","Application":"MiniJira"}
2025-10-06 00:50:20.749 +02:00 [INF] Retrieving all tasks {"SourceContext":"MiniJira.Services.TaskService","TransportConnectionId":"Hi0aCLWJXUwiWO8MHzzyyA","RequestId":"0HNG4C66A9K15:00000017","RequestPath":"/_blazor","ConnectionId":"0HNG4C66A9K15","Application":"MiniJira"}
2025-10-06 00:50:22.498 +02:00 [INF] Retrieving task with ID "b93754f7-233b-40fd-9bb2-5b5cf6cfb246" {"SourceContext":"MiniJira.Services.TaskService","TransportConnectionId":"Hi0aCLWJXUwiWO8MHzzyyA","RequestId":"0HNG4C66A9K15:00000017","RequestPath":"/_blazor","ConnectionId":"0HNG4C66A9K15","Application":"MiniJira"}
2025-10-06 00:50:22.540 +02:00 [INF] Retrieving all columns for culture en-US {"SourceContext":"MiniJira.Services.ColumnService","TransportConnectionId":"Hi0aCLWJXUwiWO8MHzzyyA","RequestId":"0HNG4C66A9K15:00000017","RequestPath":"/_blazor","ConnectionId":"0HNG4C66A9K15","Application":"MiniJira"}
2025-10-06 00:50:22.701 +02:00 [WRN] Compiling a query which loads related collections for more than one collection navigation, either via 'Include' or through projection, but no 'QuerySplittingBehavior' has been configured. By default, Entity Framework will use 'QuerySplittingBehavior.SingleQuery', which can potentially result in slow query performance. See https://go.microsoft.com/fwlink/?linkid=2134277 for more information. To identify the query that's triggering this warning call 'ConfigureWarnings(w => w.Throw(RelationalEventId.MultipleCollectionIncludeWarning))'. {"EventId":{"Id":20504,"Name":"Microsoft.EntityFrameworkCore.Query.MultipleCollectionIncludeWarning"},"SourceContext":"Microsoft.EntityFrameworkCore.Query","TransportConnectionId":"Hi0aCLWJXUwiWO8MHzzyyA","RequestId":"0HNG4C66A9K15:00000017","RequestPath":"/_blazor","ConnectionId":"0HNG4C66A9K15","Application":"MiniJira"}
2025-10-06 00:50:22.834 +02:00 [INF] Retrieving owner history for task "b93754f7-233b-40fd-9bb2-5b5cf6cfb246" {"SourceContext":"MiniJira.Services.TaskService","TransportConnectionId":"Hi0aCLWJXUwiWO8MHzzyyA","RequestId":"0HNG4C66A9K15:00000017","RequestPath":"/_blazor","ConnectionId":"0HNG4C66A9K15","Application":"MiniJira"}
2025-10-06 00:50:22.853 +02:00 [INF] Retrieving owner history for task "b93754f7-233b-40fd-9bb2-5b5cf6cfb246" {"SourceContext":"MiniJira.Services.TaskService","TransportConnectionId":"Hi0aCLWJXUwiWO8MHzzyyA","RequestId":"0HNG4C66A9K15:00000017","RequestPath":"/_blazor","ConnectionId":"0HNG4C66A9K15","Application":"MiniJira"}
2025-10-06 00:58:13.875 +02:00 [INF] Applying database migrations... {"SourceContext":"Program","Application":"MiniJira"}
2025-10-06 00:58:14.432 +02:00 [WRN] The 'TaskPriority' property 'Priority' on entity type 'Task' is configured with a database-generated default, but has no configured sentinel value. The database-generated default will always be used for inserts when the property has the value 'Low', since this is the CLR default for the 'TaskPriority' type. Consider using a nullable type, using a nullable backing field, or setting the sentinel value for the property to ensure the database default is used when, and only when, appropriate. See https://aka.ms/efcore-docs-default-values for more information. {"EventId":{"Id":20601,"Name":"Microsoft.EntityFrameworkCore.Model.Validation.BoolWithDefaultWarning"},"SourceContext":"Microsoft.EntityFrameworkCore.Model.Validation","Application":"MiniJira"}
2025-10-06 00:58:14.642 +02:00 [INF] Acquiring an exclusive lock for migration application. See https://aka.ms/efcore-docs-migrations-lock for more information if this takes too long. {"EventId":{"Id":20411,"Name":"Microsoft.EntityFrameworkCore.Migrations.AcquiringMigrationLock"},"SourceContext":"Microsoft.EntityFrameworkCore.Migrations","Application":"MiniJira"}
2025-10-06 00:58:14.750 +02:00 [INF] No migrations were applied. The database is already up to date. {"EventId":{"Id":20405,"Name":"Microsoft.EntityFrameworkCore.Migrations.MigrationsNotApplied"},"SourceContext":"Microsoft.EntityFrameworkCore.Migrations","Application":"MiniJira"}
2025-10-06 00:58:14.761 +02:00 [INF] Database migrations applied successfully {"SourceContext":"Program","Application":"MiniJira"}
2025-10-06 00:58:15.242 +02:00 [INF] Now listening on: https://localhost:7105 {"EventId":{"Id":14,"Name":"ListeningOnAddress"},"SourceContext":"Microsoft.Hosting.Lifetime","Application":"MiniJira"}
2025-10-06 00:58:15.247 +02:00 [INF] Now listening on: http://localhost:5194 {"EventId":{"Id":14,"Name":"ListeningOnAddress"},"SourceContext":"Microsoft.Hosting.Lifetime","Application":"MiniJira"}
2025-10-06 00:58:15.337 +02:00 [INF] Application started. Press Ctrl+C to shut down. {"SourceContext":"Microsoft.Hosting.Lifetime","Application":"MiniJira"}
2025-10-06 00:58:15.341 +02:00 [INF] Hosting environment: Development {"SourceContext":"Microsoft.Hosting.Lifetime","Application":"MiniJira"}
2025-10-06 00:58:15.344 +02:00 [INF] Content root path: D:\KimiAi\MiniJira\MiniJira\MiniJira {"SourceContext":"Microsoft.Hosting.Lifetime","Application":"MiniJira"}
2025-10-06 00:58:50.711 +02:00 [INF] Retrieving all columns for culture en-US {"SourceContext":"MiniJira.Services.ColumnService","TransportConnectionId":"_nEprjMOZgsF6xgW0MideQ","RequestId":"0HNG4CALHL8R0:00000011","RequestPath":"/_blazor","ConnectionId":"0HNG4CALHL8R0","Application":"MiniJira"}
2025-10-06 00:58:51.030 +02:00 [WRN] Compiling a query which loads related collections for more than one collection navigation, either via 'Include' or through projection, but no 'QuerySplittingBehavior' has been configured. By default, Entity Framework will use 'QuerySplittingBehavior.SingleQuery', which can potentially result in slow query performance. See https://go.microsoft.com/fwlink/?linkid=2134277 for more information. To identify the query that's triggering this warning call 'ConfigureWarnings(w => w.Throw(RelationalEventId.MultipleCollectionIncludeWarning))'. {"EventId":{"Id":20504,"Name":"Microsoft.EntityFrameworkCore.Query.MultipleCollectionIncludeWarning"},"SourceContext":"Microsoft.EntityFrameworkCore.Query","TransportConnectionId":"_nEprjMOZgsF6xgW0MideQ","RequestId":"0HNG4CALHL8R0:00000011","RequestPath":"/_blazor","ConnectionId":"0HNG4CALHL8R0","Application":"MiniJira"}
2025-10-06 00:58:51.130 +02:00 [INF] Retrieving all tasks {"SourceContext":"MiniJira.Services.TaskService","TransportConnectionId":"_nEprjMOZgsF6xgW0MideQ","RequestId":"0HNG4CALHL8R0:00000011","RequestPath":"/_blazor","ConnectionId":"0HNG4CALHL8R0","Application":"MiniJira"}
2025-10-06 08:52:44.822 +02:00 [INF] Applying database migrations... {"SourceContext":"Program","Application":"MiniJira"}
2025-10-06 08:52:45.709 +02:00 [WRN] The 'TaskPriority' property 'Priority' on entity type 'Task' is configured with a database-generated default, but has no configured sentinel value. The database-generated default will always be used for inserts when the property has the value 'Low', since this is the CLR default for the 'TaskPriority' type. Consider using a nullable type, using a nullable backing field, or setting the sentinel value for the property to ensure the database default is used when, and only when, appropriate. See https://aka.ms/efcore-docs-default-values for more information. {"EventId":{"Id":20601,"Name":"Microsoft.EntityFrameworkCore.Model.Validation.BoolWithDefaultWarning"},"SourceContext":"Microsoft.EntityFrameworkCore.Model.Validation","Application":"MiniJira"}
2025-10-06 08:52:45.912 +02:00 [INF] Acquiring an exclusive lock for migration application. See https://aka.ms/efcore-docs-migrations-lock for more information if this takes too long. {"EventId":{"Id":20411,"Name":"Microsoft.EntityFrameworkCore.Migrations.AcquiringMigrationLock"},"SourceContext":"Microsoft.EntityFrameworkCore.Migrations","Application":"MiniJira"}
2025-10-06 08:52:46.003 +02:00 [INF] No migrations were applied. The database is already up to date. {"EventId":{"Id":20405,"Name":"Microsoft.EntityFrameworkCore.Migrations.MigrationsNotApplied"},"SourceContext":"Microsoft.EntityFrameworkCore.Migrations","Application":"MiniJira"}
2025-10-06 08:52:46.014 +02:00 [INF] Database migrations applied successfully {"SourceContext":"Program","Application":"MiniJira"}
2025-10-06 08:52:46.574 +02:00 [INF] Now listening on: https://localhost:7105 {"EventId":{"Id":14,"Name":"ListeningOnAddress"},"SourceContext":"Microsoft.Hosting.Lifetime","Application":"MiniJira"}
2025-10-06 08:52:46.581 +02:00 [INF] Now listening on: http://localhost:5194 {"EventId":{"Id":14,"Name":"ListeningOnAddress"},"SourceContext":"Microsoft.Hosting.Lifetime","Application":"MiniJira"}
2025-10-06 08:52:46.666 +02:00 [INF] Application started. Press Ctrl+C to shut down. {"SourceContext":"Microsoft.Hosting.Lifetime","Application":"MiniJira"}
2025-10-06 08:52:46.670 +02:00 [INF] Hosting environment: Development {"SourceContext":"Microsoft.Hosting.Lifetime","Application":"MiniJira"}
2025-10-06 08:52:46.673 +02:00 [INF] Content root path: D:\KimiAi\MiniJira\MiniJira\MiniJira {"SourceContext":"Microsoft.Hosting.Lifetime","Application":"MiniJira"}
2025-10-06 08:52:51.004 +02:00 [INF] Retrieving all columns for culture en-US {"SourceContext":"MiniJira.Services.ColumnService","TransportConnectionId":"5jOJ_NNhDSsVEgd4SH7-iw","RequestId":"0HNG4KJQKE0AE:0000000F","RequestPath":"/_blazor","ConnectionId":"0HNG4KJQKE0AE","Application":"MiniJira"}
2025-10-06 08:52:51.308 +02:00 [WRN] Compiling a query which loads related collections for more than one collection navigation, either via 'Include' or through projection, but no 'QuerySplittingBehavior' has been configured. By default, Entity Framework will use 'QuerySplittingBehavior.SingleQuery', which can potentially result in slow query performance. See https://go.microsoft.com/fwlink/?linkid=2134277 for more information. To identify the query that's triggering this warning call 'ConfigureWarnings(w => w.Throw(RelationalEventId.MultipleCollectionIncludeWarning))'. {"EventId":{"Id":20504,"Name":"Microsoft.EntityFrameworkCore.Query.MultipleCollectionIncludeWarning"},"SourceContext":"Microsoft.EntityFrameworkCore.Query","TransportConnectionId":"5jOJ_NNhDSsVEgd4SH7-iw","RequestId":"0HNG4KJQKE0AE:0000000F","RequestPath":"/_blazor","ConnectionId":"0HNG4KJQKE0AE","Application":"MiniJira"}
2025-10-06 08:52:51.407 +02:00 [INF] Retrieving all tasks {"SourceContext":"MiniJira.Services.TaskService","TransportConnectionId":"5jOJ_NNhDSsVEgd4SH7-iw","RequestId":"0HNG4KJQKE0AE:0000000F","RequestPath":"/_blazor","ConnectionId":"0HNG4KJQKE0AE","Application":"MiniJira"}
2025-10-06 08:56:37.966 +02:00 [INF] Retrieving task with ID "114053c3-52b3-46c7-8bc1-a05ec3f635fa" {"SourceContext":"MiniJira.Services.TaskService","TransportConnectionId":"5jOJ_NNhDSsVEgd4SH7-iw","RequestId":"0HNG4KJQKE0AE:0000000F","RequestPath":"/_blazor","ConnectionId":"0HNG4KJQKE0AE","Application":"MiniJira"}
2025-10-06 08:56:38.012 +02:00 [INF] Retrieving all columns for culture en-US {"SourceContext":"MiniJira.Services.ColumnService","TransportConnectionId":"5jOJ_NNhDSsVEgd4SH7-iw","RequestId":"0HNG4KJQKE0AE:0000000F","RequestPath":"/_blazor","ConnectionId":"0HNG4KJQKE0AE","Application":"MiniJira"}
2025-10-06 08:56:38.337 +02:00 [WRN] Compiling a query which loads related collections for more than one collection navigation, either via 'Include' or through projection, but no 'QuerySplittingBehavior' has been configured. By default, Entity Framework will use 'QuerySplittingBehavior.SingleQuery', which can potentially result in slow query performance. See https://go.microsoft.com/fwlink/?linkid=2134277 for more information. To identify the query that's triggering this warning call 'ConfigureWarnings(w => w.Throw(RelationalEventId.MultipleCollectionIncludeWarning))'. {"EventId":{"Id":20504,"Name":"Microsoft.EntityFrameworkCore.Query.MultipleCollectionIncludeWarning"},"SourceContext":"Microsoft.EntityFrameworkCore.Query","TransportConnectionId":"5jOJ_NNhDSsVEgd4SH7-iw","RequestId":"0HNG4KJQKE0AE:0000000F","RequestPath":"/_blazor","ConnectionId":"0HNG4KJQKE0AE","Application":"MiniJira"}
2025-10-06 08:56:38.393 +02:00 [INF] Retrieving owner history for task "114053c3-52b3-46c7-8bc1-a05ec3f635fa" {"SourceContext":"MiniJira.Services.TaskService","TransportConnectionId":"5jOJ_NNhDSsVEgd4SH7-iw","RequestId":"0HNG4KJQKE0AE:0000000F","RequestPath":"/_blazor","ConnectionId":"0HNG4KJQKE0AE","Application":"MiniJira"}
2025-10-06 08:56:38.411 +02:00 [INF] Retrieving owner history for task "114053c3-52b3-46c7-8bc1-a05ec3f635fa" {"SourceContext":"MiniJira.Services.TaskService","TransportConnectionId":"5jOJ_NNhDSsVEgd4SH7-iw","RequestId":"0HNG4KJQKE0AE:0000000F","RequestPath":"/_blazor","ConnectionId":"0HNG4KJQKE0AE","Application":"MiniJira"}
2025-10-06 08:59:03.527 +02:00 [INF] Applying database migrations... {"SourceContext":"Program","Application":"MiniJira"}
2025-10-06 08:59:03.955 +02:00 [WRN] The 'TaskPriority' property 'Priority' on entity type 'Task' is configured with a database-generated default, but has no configured sentinel value. The database-generated default will always be used for inserts when the property has the value 'Low', since this is the CLR default for the 'TaskPriority' type. Consider using a nullable type, using a nullable backing field, or setting the sentinel value for the property to ensure the database default is used when, and only when, appropriate. See https://aka.ms/efcore-docs-default-values for more information. {"EventId":{"Id":20601,"Name":"Microsoft.EntityFrameworkCore.Model.Validation.BoolWithDefaultWarning"},"SourceContext":"Microsoft.EntityFrameworkCore.Model.Validation","Application":"MiniJira"}
2025-10-06 08:59:04.108 +02:00 [INF] Acquiring an exclusive lock for migration application. See https://aka.ms/efcore-docs-migrations-lock for more information if this takes too long. {"EventId":{"Id":20411,"Name":"Microsoft.EntityFrameworkCore.Migrations.AcquiringMigrationLock"},"SourceContext":"Microsoft.EntityFrameworkCore.Migrations","Application":"MiniJira"}
2025-10-06 08:59:04.197 +02:00 [INF] No migrations were applied. The database is already up to date. {"EventId":{"Id":20405,"Name":"Microsoft.EntityFrameworkCore.Migrations.MigrationsNotApplied"},"SourceContext":"Microsoft.EntityFrameworkCore.Migrations","Application":"MiniJira"}
2025-10-06 08:59:04.203 +02:00 [INF] Database migrations applied successfully {"SourceContext":"Program","Application":"MiniJira"}
2025-10-06 08:59:04.432 +02:00 [INF] Now listening on: https://localhost:7105 {"EventId":{"Id":14,"Name":"ListeningOnAddress"},"SourceContext":"Microsoft.Hosting.Lifetime","Application":"MiniJira"}
2025-10-06 08:59:04.432 +02:00 [INF] Now listening on: http://localhost:5194 {"EventId":{"Id":14,"Name":"ListeningOnAddress"},"SourceContext":"Microsoft.Hosting.Lifetime","Application":"MiniJira"}
2025-10-06 08:59:04.432 +02:00 [INF] Application started. Press Ctrl+C to shut down. {"SourceContext":"Microsoft.Hosting.Lifetime","Application":"MiniJira"}
2025-10-06 08:59:04.433 +02:00 [INF] Hosting environment: Development {"SourceContext":"Microsoft.Hosting.Lifetime","Application":"MiniJira"}
2025-10-06 08:59:04.433 +02:00 [INF] Content root path: D:\KimiAi\MiniJira\MiniJira\MiniJira {"SourceContext":"Microsoft.Hosting.Lifetime","Application":"MiniJira"}
2025-10-06 08:59:56.263 +02:00 [INF] Retrieving all columns for culture en-US {"SourceContext":"MiniJira.Services.ColumnService","TransportConnectionId":"plTMKJIsmvw91kNxImRKzA","RequestId":"0HNG4KNPOA2UN:00000013","RequestPath":"/_blazor","ConnectionId":"0HNG4KNPOA2UN","Application":"MiniJira"}
2025-10-06 08:59:56.529 +02:00 [WRN] Compiling a query which loads related collections for more than one collection navigation, either via 'Include' or through projection, but no 'QuerySplittingBehavior' has been configured. By default, Entity Framework will use 'QuerySplittingBehavior.SingleQuery', which can potentially result in slow query performance. See https://go.microsoft.com/fwlink/?linkid=2134277 for more information. To identify the query that's triggering this warning call 'ConfigureWarnings(w => w.Throw(RelationalEventId.MultipleCollectionIncludeWarning))'. {"EventId":{"Id":20504,"Name":"Microsoft.EntityFrameworkCore.Query.MultipleCollectionIncludeWarning"},"SourceContext":"Microsoft.EntityFrameworkCore.Query","TransportConnectionId":"plTMKJIsmvw91kNxImRKzA","RequestId":"0HNG4KNPOA2UN:00000013","RequestPath":"/_blazor","ConnectionId":"0HNG4KNPOA2UN","Application":"MiniJira"}
2025-10-06 08:59:56.596 +02:00 [INF] Retrieving all tasks {"SourceContext":"MiniJira.Services.TaskService","TransportConnectionId":"plTMKJIsmvw91kNxImRKzA","RequestId":"0HNG4KNPOA2UN:00000013","RequestPath":"/_blazor","ConnectionId":"0HNG4KNPOA2UN","Application":"MiniJira"}
2025-10-06 09:00:01.552 +02:00 [WRN] Unhandled exception rendering component: JavaScript interop calls cannot be issued at this time. This is because the circuit has disconnected and is being disposed. {"EventId":{"Id":100,"Name":"ExceptionRenderingComponent"},"SourceContext":"Microsoft.AspNetCore.Components.Server.Circuits.RemoteRenderer","RequestId":"0HNG4KNPOA2UN:00000017","RequestPath":"/_blazor/disconnect","ConnectionId":"0HNG4KNPOA2UN","Application":"MiniJira"}
Microsoft.JSInterop.JSDisconnectedException: JavaScript interop calls cannot be issued at this time. This is because the circuit has disconnected and is being disposed.
   at Microsoft.AspNetCore.Components.Server.Circuits.RemoteJSRuntime.BeginInvokeJS(Int64 asyncHandle, String identifier, String argsJson, JSCallResultType resultType, Int64 targetInstanceId)
   at Microsoft.JSInterop.JSRuntime.InvokeAsync[TValue](Int64 targetInstanceId, String identifier, CancellationToken cancellationToken, Object[] args)
   at Microsoft.JSInterop.JSRuntime.InvokeAsync[TValue](Int64 targetInstanceId, String identifier, Object[] args)
   at Microsoft.JSInterop.JSRuntimeExtensions.InvokeVoidAsync(IJSRuntime jsRuntime, String identifier, Object[] args)
   at Microsoft.JSInterop.Implementation.JSObjectReference.DisposeAsync()
   at MiniJira.Shared.MainLayout.DisposeAsync() in D:\KimiAi\MiniJira\MiniJira\MiniJira\Shared\MainLayout.razor.cs:line 77
   at Microsoft.AspNetCore.Components.RenderTree.Renderer.<>c__DisplayClass85_0.<<Dispose>g__HandleAsyncExceptions|1>d.MoveNext()
2025-10-06 09:00:01.581 +02:00 [WRN] Unhandled exception rendering component: JavaScript interop calls cannot be issued at this time. This is because the circuit has disconnected and is being disposed. {"EventId":{"Id":100,"Name":"ExceptionRenderingComponent"},"SourceContext":"Microsoft.AspNetCore.Components.Server.Circuits.RemoteRenderer","RequestId":"0HNG4KNPOA2UN:00000017","RequestPath":"/_blazor/disconnect","ConnectionId":"0HNG4KNPOA2UN","Application":"MiniJira"}
Microsoft.JSInterop.JSDisconnectedException: JavaScript interop calls cannot be issued at this time. This is because the circuit has disconnected and is being disposed.
   at Microsoft.AspNetCore.Components.Server.Circuits.RemoteJSRuntime.BeginInvokeJS(Int64 asyncHandle, String identifier, String argsJson, JSCallResultType resultType, Int64 targetInstanceId)
   at Microsoft.JSInterop.JSRuntime.InvokeAsync[TValue](Int64 targetInstanceId, String identifier, CancellationToken cancellationToken, Object[] args)
   at Microsoft.JSInterop.JSRuntime.InvokeAsync[TValue](Int64 targetInstanceId, String identifier, Object[] args)
   at Microsoft.JSInterop.JSRuntimeExtensions.InvokeVoidAsync(IJSRuntime jsRuntime, String identifier, Object[] args)
   at MiniJira.Components.Pages.Index.DisposeAsync() in D:\KimiAi\MiniJira\MiniJira\MiniJira\Components\Pages\Index.razor.cs:line 254
   at Microsoft.AspNetCore.Components.RenderTree.Renderer.<>c__DisplayClass85_0.<<Dispose>g__HandleAsyncExceptions|1>d.MoveNext()
2025-10-06 09:00:01.590 +02:00 [ERR] Unhandled exception in circuit 'XQDYSd5Hdr2A4gwYzw3YQ5UEmUg_Bt2iMFzxQDag2gE'. {"EventId":{"Id":111,"Name":"CircuitUnhandledException"},"SourceContext":"Microsoft.AspNetCore.Components.Server.Circuits.CircuitHost","RequestId":"0HNG4KNPOA2UN:00000017","RequestPath":"/_blazor/disconnect","ConnectionId":"0HNG4KNPOA2UN","Application":"MiniJira"}
System.AggregateException: Exceptions were encountered while disposing components. (JavaScript interop calls cannot be issued at this time. This is because the circuit has disconnected and is being disposed.) (JavaScript interop calls cannot be issued at this time. This is because the circuit has disconnected and is being disposed.)
 ---> Microsoft.JSInterop.JSDisconnectedException: JavaScript interop calls cannot be issued at this time. This is because the circuit has disconnected and is being disposed.
   at Microsoft.AspNetCore.Components.Server.Circuits.RemoteJSRuntime.BeginInvokeJS(Int64 asyncHandle, String identifier, String argsJson, JSCallResultType resultType, Int64 targetInstanceId)
   at Microsoft.JSInterop.JSRuntime.InvokeAsync[TValue](Int64 targetInstanceId, String identifier, CancellationToken cancellationToken, Object[] args)
   at Microsoft.JSInterop.JSRuntime.InvokeAsync[TValue](Int64 targetInstanceId, String identifier, Object[] args)
   at Microsoft.JSInterop.JSRuntimeExtensions.InvokeVoidAsync(IJSRuntime jsRuntime, String identifier, Object[] args)
   at Microsoft.JSInterop.Implementation.JSObjectReference.DisposeAsync()
   at MiniJira.Shared.MainLayout.DisposeAsync() in D:\KimiAi\MiniJira\MiniJira\MiniJira\Shared\MainLayout.razor.cs:line 77
   at Microsoft.AspNetCore.Components.RenderTree.Renderer.<>c__DisplayClass85_0.<<Dispose>g__HandleAsyncExceptions|1>d.MoveNext()
   --- End of inner exception stack trace ---
 ---> (Inner Exception #1) Microsoft.JSInterop.JSDisconnectedException: JavaScript interop calls cannot be issued at this time. This is because the circuit has disconnected and is being disposed.
   at Microsoft.AspNetCore.Components.Server.Circuits.RemoteJSRuntime.BeginInvokeJS(Int64 asyncHandle, String identifier, String argsJson, JSCallResultType resultType, Int64 targetInstanceId)
   at Microsoft.JSInterop.JSRuntime.InvokeAsync[TValue](Int64 targetInstanceId, String identifier, CancellationToken cancellationToken, Object[] args)
   at Microsoft.JSInterop.JSRuntime.InvokeAsync[TValue](Int64 targetInstanceId, String identifier, Object[] args)
   at Microsoft.JSInterop.JSRuntimeExtensions.InvokeVoidAsync(IJSRuntime jsRuntime, String identifier, Object[] args)
   at MiniJira.Components.Pages.Index.DisposeAsync() in D:\KimiAi\MiniJira\MiniJira\MiniJira\Components\Pages\Index.razor.cs:line 254
   at Microsoft.AspNetCore.Components.RenderTree.Renderer.<>c__DisplayClass85_0.<<Dispose>g__HandleAsyncExceptions|1>d.MoveNext()<---

