2025-10-05 11:23:21.992 +02:00 [WRN] The 'TaskPriority' property 'Priority' on entity type 'Task' is configured with a database-generated default, but has no configured sentinel value. The database-generated default will always be used for inserts when the property has the value 'Low', since this is the CLR default for the 'TaskPriority' type. Consider using a nullable type, using a nullable backing field, or setting the sentinel value for the property to ensure the database default is used when, and only when, appropriate. See https://aka.ms/efcore-docs-default-values for more information. {"EventId":{"Id":20601,"Name":"Microsoft.EntityFrameworkCore.Model.Validation.BoolWithDefaultWarning"},"SourceContext":"Microsoft.EntityFrameworkCore.Model.Validation","Application":"MiniJira"}
2025-10-05 11:23:35.832 +02:00 [WRN] The 'TaskPriority' property 'Priority' on entity type 'Task' is configured with a database-generated default, but has no configured sentinel value. The database-generated default will always be used for inserts when the property has the value 'Low', since this is the CLR default for the 'TaskPriority' type. Consider using a nullable type, using a nullable backing field, or setting the sentinel value for the property to ensure the database default is used when, and only when, appropriate. See https://aka.ms/efcore-docs-default-values for more information. {"EventId":{"Id":20601,"Name":"Microsoft.EntityFrameworkCore.Model.Validation.BoolWithDefaultWarning"},"SourceContext":"Microsoft.EntityFrameworkCore.Model.Validation","Application":"MiniJira"}
2025-10-05 11:23:36.020 +02:00 [INF] Acquiring an exclusive lock for migration application. See https://aka.ms/efcore-docs-migrations-lock for more information if this takes too long. {"EventId":{"Id":20411,"Name":"Microsoft.EntityFrameworkCore.Migrations.AcquiringMigrationLock"},"SourceContext":"Microsoft.EntityFrameworkCore.Migrations","Application":"MiniJira"}
2025-10-05 11:23:36.114 +02:00 [INF] Applying migration '20251005092322_AddRowVersionToTask'. {"EventId":{"Id":20402,"Name":"Microsoft.EntityFrameworkCore.Migrations.MigrationApplying"},"SourceContext":"Microsoft.EntityFrameworkCore.Migrations","Application":"MiniJira"}
2025-10-05 11:29:45.749 +02:00 [INF] Applying database migrations... {"SourceContext":"Program","Application":"MiniJira"}
2025-10-05 11:29:46.186 +02:00 [WRN] The 'TaskPriority' property 'Priority' on entity type 'Task' is configured with a database-generated default, but has no configured sentinel value. The database-generated default will always be used for inserts when the property has the value 'Low', since this is the CLR default for the 'TaskPriority' type. Consider using a nullable type, using a nullable backing field, or setting the sentinel value for the property to ensure the database default is used when, and only when, appropriate. See https://aka.ms/efcore-docs-default-values for more information. {"EventId":{"Id":20601,"Name":"Microsoft.EntityFrameworkCore.Model.Validation.BoolWithDefaultWarning"},"SourceContext":"Microsoft.EntityFrameworkCore.Model.Validation","Application":"MiniJira"}
2025-10-05 11:29:46.359 +02:00 [INF] Acquiring an exclusive lock for migration application. See https://aka.ms/efcore-docs-migrations-lock for more information if this takes too long. {"EventId":{"Id":20411,"Name":"Microsoft.EntityFrameworkCore.Migrations.AcquiringMigrationLock"},"SourceContext":"Microsoft.EntityFrameworkCore.Migrations","Application":"MiniJira"}
2025-10-05 11:29:46.457 +02:00 [INF] No migrations were applied. The database is already up to date. {"EventId":{"Id":20405,"Name":"Microsoft.EntityFrameworkCore.Migrations.MigrationsNotApplied"},"SourceContext":"Microsoft.EntityFrameworkCore.Migrations","Application":"MiniJira"}
2025-10-05 11:29:46.468 +02:00 [INF] Database migrations applied successfully {"SourceContext":"Program","Application":"MiniJira"}
2025-10-05 11:29:47.006 +02:00 [INF] Now listening on: https://localhost:7105 {"EventId":{"Id":14,"Name":"ListeningOnAddress"},"SourceContext":"Microsoft.Hosting.Lifetime","Application":"MiniJira"}
2025-10-05 11:29:47.010 +02:00 [INF] Now listening on: http://localhost:5194 {"EventId":{"Id":14,"Name":"ListeningOnAddress"},"SourceContext":"Microsoft.Hosting.Lifetime","Application":"MiniJira"}
2025-10-05 11:29:47.079 +02:00 [INF] Application started. Press Ctrl+C to shut down. {"SourceContext":"Microsoft.Hosting.Lifetime","Application":"MiniJira"}
2025-10-05 11:29:47.089 +02:00 [INF] Hosting environment: Development {"SourceContext":"Microsoft.Hosting.Lifetime","Application":"MiniJira"}
2025-10-05 11:29:47.092 +02:00 [INF] Content root path: D:\KimiAi\MiniJira\MiniJira\MiniJira {"SourceContext":"Microsoft.Hosting.Lifetime","Application":"MiniJira"}
2025-10-05 11:29:51.054 +02:00 [ERR] An unhandled exception has occurred while executing the request. {"EventId":{"Id":1,"Name":"UnhandledException"},"SourceContext":"Microsoft.AspNetCore.Diagnostics.DeveloperExceptionPageMiddleware","RequestId":"0HNG3U6SRBO87:00000001","RequestPath":"/","ConnectionId":"0HNG3U6SRBO87","Application":"MiniJira"}
System.InvalidOperationException: The following routes are ambiguous:
'' in 'MiniJira.Components.Pages.Index'
'' in 'MiniJira.Pages.Index'

   at Microsoft.AspNetCore.Components.RouteTableFactory.DetectAmbiguousRoutes(TreeRouteBuilder builder)
   at Microsoft.AspNetCore.Components.RouteTableFactory.Create(Dictionary`2 templatesByHandler, IServiceProvider serviceProvider)
   at Microsoft.AspNetCore.Components.RouteTableFactory.Create(List`1 componentTypes, IServiceProvider serviceProvider)
   at Microsoft.AspNetCore.Components.RouteTableFactory.Create(RouteKey routeKey, IServiceProvider serviceProvider)
   at Microsoft.AspNetCore.Components.Routing.Router.RefreshRouteTable()
   at Microsoft.AspNetCore.Components.Routing.Router.Refresh(Boolean isNavigationIntercepted)
   at Microsoft.AspNetCore.Components.Routing.Router.RunOnNavigateAsync(String path, Boolean isNavigationIntercepted)
   at Microsoft.AspNetCore.Components.Rendering.ComponentState.RenderIntoBatch(RenderBatchBuilder batchBuilder, RenderFragment renderFragment, Exception& renderFragmentException)
--- End of stack trace from previous location ---
   at Microsoft.AspNetCore.Components.RenderTree.Renderer.ProcessRenderQueue()
--- End of stack trace from previous location ---
   at Microsoft.AspNetCore.Components.RenderTree.Renderer.ProcessRenderQueue()
   at Microsoft.AspNetCore.Components.RenderTree.Renderer.AddToRenderQueue(Int32 componentId, RenderFragment renderFragment)
   at Microsoft.AspNetCore.Components.Endpoints.SSRRenderModeBoundary.SetParametersAsync(ParameterView parameters)
   at Microsoft.AspNetCore.Components.Rendering.ComponentState.SupplyCombinedParameters(ParameterView directAndCascadingParameters)
--- End of stack trace from previous location ---
   at Microsoft.AspNetCore.Components.Rendering.ComponentState.SetDirectParameters(ParameterView parameters)
   at Microsoft.AspNetCore.Components.RenderTree.Renderer.RenderRootComponentAsync(Int32 componentId, ParameterView initialParameters)
   at Microsoft.AspNetCore.Components.HtmlRendering.Infrastructure.StaticHtmlRenderer.BeginRenderingComponent(IComponent component, ParameterView initialParameters)
   at Microsoft.AspNetCore.Components.Endpoints.EndpointHtmlRenderer.<>c__DisplayClass35_0.<PrerenderComponentAsync>b__0()
   at Microsoft.AspNetCore.Components.Rendering.RendererSynchronizationContext.<InvokeAsync>g__Execute|9_0[TResult](ValueTuple`3 state)
--- End of stack trace from previous location ---
   at Microsoft.AspNetCore.Components.Endpoints.EndpointHtmlRenderer.PrerenderComponentAsync(HttpContext httpContext, Type componentType, IComponentRenderMode prerenderMode, ParameterView parameters, Boolean waitForQuiescence)
   at Microsoft.AspNetCore.Mvc.TagHelpers.ComponentTagHelper.ProcessAsync(TagHelperContext context, TagHelperOutput output)
   at Microsoft.AspNetCore.Razor.Runtime.TagHelpers.TagHelperRunner.<RunAsync>g__Awaited|0_0(Task task, TagHelperExecutionContext executionContext, Int32 i, Int32 count)
   at MiniJira.Pages.Pages__Host.ExecuteAsync() in D:\KimiAi\MiniJira\MiniJira\MiniJira\Pages\_Host.cshtml:line 5
   at Microsoft.AspNetCore.Mvc.Razor.RazorView.RenderPageCoreAsync(IRazorPage page, ViewContext context)
   at Microsoft.AspNetCore.Mvc.Razor.RazorView.RenderPageAsync(IRazorPage page, ViewContext context, Boolean invokeViewStarts)
   at Microsoft.AspNetCore.Mvc.Razor.RazorView.RenderAsync(ViewContext context)
   at Microsoft.AspNetCore.Mvc.ViewFeatures.ViewExecutor.ExecuteAsync(ViewContext viewContext, String contentType, Nullable`1 statusCode)
   at Microsoft.AspNetCore.Mvc.ViewFeatures.ViewExecutor.ExecuteAsync(ViewContext viewContext, String contentType, Nullable`1 statusCode)
   at Microsoft.AspNetCore.Mvc.Infrastructure.ResourceInvoker.<InvokeNextResultFilterAsync>g__Awaited|30_0[TFilter,TFilterAsync](ResourceInvoker invoker, Task lastTask, State next, Scope scope, Object state, Boolean isCompleted)
   at Microsoft.AspNetCore.Mvc.Infrastructure.ResourceInvoker.Rethrow(ResultExecutedContextSealed context)
   at Microsoft.AspNetCore.Mvc.Infrastructure.ResourceInvoker.ResultNext[TFilter,TFilterAsync](State& next, Scope& scope, Object& state, Boolean& isCompleted)
   at Microsoft.AspNetCore.Mvc.Infrastructure.ResourceInvoker.InvokeResultFilters()
--- End of stack trace from previous location ---
   at Microsoft.AspNetCore.Mvc.Infrastructure.ResourceInvoker.<InvokeNextResourceFilter>g__Awaited|25_0(ResourceInvoker invoker, Task lastTask, State next, Scope scope, Object state, Boolean isCompleted)
   at Microsoft.AspNetCore.Mvc.Infrastructure.ResourceInvoker.Rethrow(ResourceExecutedContextSealed context)
   at Microsoft.AspNetCore.Mvc.Infrastructure.ResourceInvoker.Next(State& next, Scope& scope, Object& state, Boolean& isCompleted)
   at Microsoft.AspNetCore.Mvc.Infrastructure.ResourceInvoker.InvokeFilterPipelineAsync()
--- End of stack trace from previous location ---
   at Microsoft.AspNetCore.Mvc.Infrastructure.ResourceInvoker.<InvokeAsync>g__Awaited|17_0(ResourceInvoker invoker, Task task, IDisposable scope)
   at Microsoft.AspNetCore.Mvc.Infrastructure.ResourceInvoker.<InvokeAsync>g__Awaited|17_0(ResourceInvoker invoker, Task task, IDisposable scope)
   at Microsoft.AspNetCore.Authorization.AuthorizationMiddleware.Invoke(HttpContext context)
   at Microsoft.AspNetCore.Authentication.AuthenticationMiddleware.Invoke(HttpContext context)
   at Microsoft.AspNetCore.Diagnostics.DeveloperExceptionPageMiddlewareImpl.Invoke(HttpContext context)
2025-10-05 11:30:37.297 +02:00 [INF] Applying database migrations... {"SourceContext":"Program","Application":"MiniJira"}
2025-10-05 11:30:37.726 +02:00 [WRN] The 'TaskPriority' property 'Priority' on entity type 'Task' is configured with a database-generated default, but has no configured sentinel value. The database-generated default will always be used for inserts when the property has the value 'Low', since this is the CLR default for the 'TaskPriority' type. Consider using a nullable type, using a nullable backing field, or setting the sentinel value for the property to ensure the database default is used when, and only when, appropriate. See https://aka.ms/efcore-docs-default-values for more information. {"EventId":{"Id":20601,"Name":"Microsoft.EntityFrameworkCore.Model.Validation.BoolWithDefaultWarning"},"SourceContext":"Microsoft.EntityFrameworkCore.Model.Validation","Application":"MiniJira"}
2025-10-05 11:30:37.895 +02:00 [INF] Acquiring an exclusive lock for migration application. See https://aka.ms/efcore-docs-migrations-lock for more information if this takes too long. {"EventId":{"Id":20411,"Name":"Microsoft.EntityFrameworkCore.Migrations.AcquiringMigrationLock"},"SourceContext":"Microsoft.EntityFrameworkCore.Migrations","Application":"MiniJira"}
2025-10-05 11:30:37.995 +02:00 [INF] No migrations were applied. The database is already up to date. {"EventId":{"Id":20405,"Name":"Microsoft.EntityFrameworkCore.Migrations.MigrationsNotApplied"},"SourceContext":"Microsoft.EntityFrameworkCore.Migrations","Application":"MiniJira"}
2025-10-05 11:30:38.005 +02:00 [INF] Database migrations applied successfully {"SourceContext":"Program","Application":"MiniJira"}
2025-10-05 11:30:38.417 +02:00 [INF] Now listening on: https://localhost:7105 {"EventId":{"Id":14,"Name":"ListeningOnAddress"},"SourceContext":"Microsoft.Hosting.Lifetime","Application":"MiniJira"}
2025-10-05 11:30:38.424 +02:00 [INF] Now listening on: http://localhost:5194 {"EventId":{"Id":14,"Name":"ListeningOnAddress"},"SourceContext":"Microsoft.Hosting.Lifetime","Application":"MiniJira"}
2025-10-05 11:30:38.480 +02:00 [INF] Application started. Press Ctrl+C to shut down. {"SourceContext":"Microsoft.Hosting.Lifetime","Application":"MiniJira"}
2025-10-05 11:30:38.484 +02:00 [INF] Hosting environment: Development {"SourceContext":"Microsoft.Hosting.Lifetime","Application":"MiniJira"}
2025-10-05 11:30:38.487 +02:00 [INF] Content root path: D:\KimiAi\MiniJira\MiniJira\MiniJira {"SourceContext":"Microsoft.Hosting.Lifetime","Application":"MiniJira"}
2025-10-05 11:30:39.971 +02:00 [ERR] An unhandled exception has occurred while executing the request. {"EventId":{"Id":1,"Name":"UnhandledException"},"SourceContext":"Microsoft.AspNetCore.Diagnostics.DeveloperExceptionPageMiddleware","RequestId":"0HNG3U7C5QV5K:00000001","RequestPath":"/","ConnectionId":"0HNG3U7C5QV5K","Application":"MiniJira"}
System.InvalidOperationException: The following routes are ambiguous:
'' in 'MiniJira.Components.Pages.Index'
'' in 'MiniJira.Pages.Index'

   at Microsoft.AspNetCore.Components.RouteTableFactory.DetectAmbiguousRoutes(TreeRouteBuilder builder)
   at Microsoft.AspNetCore.Components.RouteTableFactory.Create(Dictionary`2 templatesByHandler, IServiceProvider serviceProvider)
   at Microsoft.AspNetCore.Components.RouteTableFactory.Create(List`1 componentTypes, IServiceProvider serviceProvider)
   at Microsoft.AspNetCore.Components.RouteTableFactory.Create(RouteKey routeKey, IServiceProvider serviceProvider)
   at Microsoft.AspNetCore.Components.Routing.Router.RefreshRouteTable()
   at Microsoft.AspNetCore.Components.Routing.Router.Refresh(Boolean isNavigationIntercepted)
   at Microsoft.AspNetCore.Components.Routing.Router.RunOnNavigateAsync(String path, Boolean isNavigationIntercepted)
   at Microsoft.AspNetCore.Components.Rendering.ComponentState.RenderIntoBatch(RenderBatchBuilder batchBuilder, RenderFragment renderFragment, Exception& renderFragmentException)
--- End of stack trace from previous location ---
   at Microsoft.AspNetCore.Components.RenderTree.Renderer.ProcessRenderQueue()
--- End of stack trace from previous location ---
   at Microsoft.AspNetCore.Components.RenderTree.Renderer.ProcessRenderQueue()
   at Microsoft.AspNetCore.Components.RenderTree.Renderer.AddToRenderQueue(Int32 componentId, RenderFragment renderFragment)
   at Microsoft.AspNetCore.Components.Endpoints.SSRRenderModeBoundary.SetParametersAsync(ParameterView parameters)
   at Microsoft.AspNetCore.Components.Rendering.ComponentState.SupplyCombinedParameters(ParameterView directAndCascadingParameters)
--- End of stack trace from previous location ---
   at Microsoft.AspNetCore.Components.Rendering.ComponentState.SetDirectParameters(ParameterView parameters)
   at Microsoft.AspNetCore.Components.RenderTree.Renderer.RenderRootComponentAsync(Int32 componentId, ParameterView initialParameters)
   at Microsoft.AspNetCore.Components.HtmlRendering.Infrastructure.StaticHtmlRenderer.BeginRenderingComponent(IComponent component, ParameterView initialParameters)
   at Microsoft.AspNetCore.Components.Endpoints.EndpointHtmlRenderer.<>c__DisplayClass35_0.<PrerenderComponentAsync>b__0()
   at Microsoft.AspNetCore.Components.Rendering.RendererSynchronizationContext.<InvokeAsync>g__Execute|9_0[TResult](ValueTuple`3 state)
--- End of stack trace from previous location ---
   at Microsoft.AspNetCore.Components.Endpoints.EndpointHtmlRenderer.PrerenderComponentAsync(HttpContext httpContext, Type componentType, IComponentRenderMode prerenderMode, ParameterView parameters, Boolean waitForQuiescence)
   at Microsoft.AspNetCore.Mvc.TagHelpers.ComponentTagHelper.ProcessAsync(TagHelperContext context, TagHelperOutput output)
   at Microsoft.AspNetCore.Razor.Runtime.TagHelpers.TagHelperRunner.<RunAsync>g__Awaited|0_0(Task task, TagHelperExecutionContext executionContext, Int32 i, Int32 count)
   at MiniJira.Pages.Pages__Host.ExecuteAsync() in D:\KimiAi\MiniJira\MiniJira\MiniJira\Pages\_Host.cshtml:line 5
   at Microsoft.AspNetCore.Mvc.Razor.RazorView.RenderPageCoreAsync(IRazorPage page, ViewContext context)
   at Microsoft.AspNetCore.Mvc.Razor.RazorView.RenderPageAsync(IRazorPage page, ViewContext context, Boolean invokeViewStarts)
   at Microsoft.AspNetCore.Mvc.Razor.RazorView.RenderAsync(ViewContext context)
   at Microsoft.AspNetCore.Mvc.ViewFeatures.ViewExecutor.ExecuteAsync(ViewContext viewContext, String contentType, Nullable`1 statusCode)
   at Microsoft.AspNetCore.Mvc.ViewFeatures.ViewExecutor.ExecuteAsync(ViewContext viewContext, String contentType, Nullable`1 statusCode)
   at Microsoft.AspNetCore.Mvc.Infrastructure.ResourceInvoker.<InvokeNextResultFilterAsync>g__Awaited|30_0[TFilter,TFilterAsync](ResourceInvoker invoker, Task lastTask, State next, Scope scope, Object state, Boolean isCompleted)
   at Microsoft.AspNetCore.Mvc.Infrastructure.ResourceInvoker.Rethrow(ResultExecutedContextSealed context)
   at Microsoft.AspNetCore.Mvc.Infrastructure.ResourceInvoker.ResultNext[TFilter,TFilterAsync](State& next, Scope& scope, Object& state, Boolean& isCompleted)
   at Microsoft.AspNetCore.Mvc.Infrastructure.ResourceInvoker.InvokeResultFilters()
--- End of stack trace from previous location ---
   at Microsoft.AspNetCore.Mvc.Infrastructure.ResourceInvoker.<InvokeNextResourceFilter>g__Awaited|25_0(ResourceInvoker invoker, Task lastTask, State next, Scope scope, Object state, Boolean isCompleted)
   at Microsoft.AspNetCore.Mvc.Infrastructure.ResourceInvoker.Rethrow(ResourceExecutedContextSealed context)
   at Microsoft.AspNetCore.Mvc.Infrastructure.ResourceInvoker.Next(State& next, Scope& scope, Object& state, Boolean& isCompleted)
   at Microsoft.AspNetCore.Mvc.Infrastructure.ResourceInvoker.InvokeFilterPipelineAsync()
--- End of stack trace from previous location ---
   at Microsoft.AspNetCore.Mvc.Infrastructure.ResourceInvoker.<InvokeAsync>g__Awaited|17_0(ResourceInvoker invoker, Task task, IDisposable scope)
   at Microsoft.AspNetCore.Mvc.Infrastructure.ResourceInvoker.<InvokeAsync>g__Awaited|17_0(ResourceInvoker invoker, Task task, IDisposable scope)
   at Microsoft.AspNetCore.Authorization.AuthorizationMiddleware.Invoke(HttpContext context)
   at Microsoft.AspNetCore.Authentication.AuthenticationMiddleware.Invoke(HttpContext context)
   at Microsoft.AspNetCore.Diagnostics.DeveloperExceptionPageMiddlewareImpl.Invoke(HttpContext context)
2025-10-05 11:32:15.556 +02:00 [INF] Applying database migrations... {"SourceContext":"Program","Application":"MiniJira"}
2025-10-05 11:32:16.310 +02:00 [WRN] The 'TaskPriority' property 'Priority' on entity type 'Task' is configured with a database-generated default, but has no configured sentinel value. The database-generated default will always be used for inserts when the property has the value 'Low', since this is the CLR default for the 'TaskPriority' type. Consider using a nullable type, using a nullable backing field, or setting the sentinel value for the property to ensure the database default is used when, and only when, appropriate. See https://aka.ms/efcore-docs-default-values for more information. {"EventId":{"Id":20601,"Name":"Microsoft.EntityFrameworkCore.Model.Validation.BoolWithDefaultWarning"},"SourceContext":"Microsoft.EntityFrameworkCore.Model.Validation","Application":"MiniJira"}
2025-10-05 11:32:16.496 +02:00 [INF] Acquiring an exclusive lock for migration application. See https://aka.ms/efcore-docs-migrations-lock for more information if this takes too long. {"EventId":{"Id":20411,"Name":"Microsoft.EntityFrameworkCore.Migrations.AcquiringMigrationLock"},"SourceContext":"Microsoft.EntityFrameworkCore.Migrations","Application":"MiniJira"}
2025-10-05 11:32:16.616 +02:00 [INF] No migrations were applied. The database is already up to date. {"EventId":{"Id":20405,"Name":"Microsoft.EntityFrameworkCore.Migrations.MigrationsNotApplied"},"SourceContext":"Microsoft.EntityFrameworkCore.Migrations","Application":"MiniJira"}
2025-10-05 11:32:16.626 +02:00 [INF] Database migrations applied successfully {"SourceContext":"Program","Application":"MiniJira"}
2025-10-05 11:32:17.063 +02:00 [INF] Now listening on: https://localhost:7105 {"EventId":{"Id":14,"Name":"ListeningOnAddress"},"SourceContext":"Microsoft.Hosting.Lifetime","Application":"MiniJira"}
2025-10-05 11:32:17.070 +02:00 [INF] Now listening on: http://localhost:5194 {"EventId":{"Id":14,"Name":"ListeningOnAddress"},"SourceContext":"Microsoft.Hosting.Lifetime","Application":"MiniJira"}
2025-10-05 11:32:17.133 +02:00 [INF] Application started. Press Ctrl+C to shut down. {"SourceContext":"Microsoft.Hosting.Lifetime","Application":"MiniJira"}
2025-10-05 11:32:17.136 +02:00 [INF] Hosting environment: Development {"SourceContext":"Microsoft.Hosting.Lifetime","Application":"MiniJira"}
2025-10-05 11:32:17.139 +02:00 [INF] Content root path: D:\KimiAi\MiniJira\MiniJira\MiniJira {"SourceContext":"Microsoft.Hosting.Lifetime","Application":"MiniJira"}
2025-10-05 11:32:18.322 +02:00 [INF] Retrieving all tasks {"SourceContext":"MiniJira.Services.TaskService","ActionId":"233feb16-0d0d-4380-8e8c-881cb3f2a1a2","ActionName":"/_Host","RequestId":"0HNG3U89JRSUI:00000001","RequestPath":"/","ConnectionId":"0HNG3U89JRSUI","Application":"MiniJira"}
2025-10-05 11:32:19.326 +02:00 [INF] Retrieving all tasks {"SourceContext":"MiniJira.Services.TaskService","TransportConnectionId":"J_8lXPCAQ_fmtnDA54vNRQ","RequestId":"0HNG3U89JRSUI:00000017","RequestPath":"/_blazor","ConnectionId":"0HNG3U89JRSUI","Application":"MiniJira"}
2025-10-05 11:32:44.123 +02:00 [INF] Creating new task with title 'hngfbghf' {"SourceContext":"MiniJira.Services.TaskService","TransportConnectionId":"J_8lXPCAQ_fmtnDA54vNRQ","RequestId":"0HNG3U89JRSUI:00000017","RequestPath":"/_blazor","ConnectionId":"0HNG3U89JRSUI","Application":"MiniJira"}
2025-10-05 11:32:44.337 +02:00 [INF] Task created successfully with ID "1b727d35-f4ff-4332-adff-90c224f2e49a" {"SourceContext":"MiniJira.Services.TaskService","TransportConnectionId":"J_8lXPCAQ_fmtnDA54vNRQ","RequestId":"0HNG3U89JRSUI:00000017","RequestPath":"/_blazor","ConnectionId":"0HNG3U89JRSUI","Application":"MiniJira"}
2025-10-05 11:32:44.361 +02:00 [INF] Retrieving all tasks {"SourceContext":"MiniJira.Services.TaskService","TransportConnectionId":"J_8lXPCAQ_fmtnDA54vNRQ","RequestId":"0HNG3U89JRSUI:00000017","RequestPath":"/_blazor","ConnectionId":"0HNG3U89JRSUI","Application":"MiniJira"}
2025-10-05 11:32:52.728 +02:00 [INF] Retrieving task with ID "1b727d35-f4ff-4332-adff-90c224f2e49a" {"SourceContext":"MiniJira.Services.TaskService","TransportConnectionId":"J_8lXPCAQ_fmtnDA54vNRQ","RequestId":"0HNG3U89JRSUI:00000017","RequestPath":"/_blazor","ConnectionId":"0HNG3U89JRSUI","Application":"MiniJira"}
2025-10-05 11:32:55.723 +02:00 [INF] Updating status for task "1b727d35-f4ff-4332-adff-90c224f2e49a" to "InProgress" {"SourceContext":"MiniJira.Services.TaskService","TransportConnectionId":"J_8lXPCAQ_fmtnDA54vNRQ","RequestId":"0HNG3U89JRSUI:00000017","RequestPath":"/_blazor","ConnectionId":"0HNG3U89JRSUI","Application":"MiniJira"}
2025-10-05 11:32:55.756 +02:00 [INF] Task "1b727d35-f4ff-4332-adff-90c224f2e49a" status updated successfully to "InProgress" {"SourceContext":"MiniJira.Services.TaskService","TransportConnectionId":"J_8lXPCAQ_fmtnDA54vNRQ","RequestId":"0HNG3U89JRSUI:00000017","RequestPath":"/_blazor","ConnectionId":"0HNG3U89JRSUI","Application":"MiniJira"}
2025-10-05 11:32:59.011 +02:00 [INF] Retrieving all tasks {"SourceContext":"MiniJira.Services.TaskService","TransportConnectionId":"J_8lXPCAQ_fmtnDA54vNRQ","RequestId":"0HNG3U89JRSUI:00000017","RequestPath":"/_blazor","ConnectionId":"0HNG3U89JRSUI","Application":"MiniJira"}
2025-10-05 11:33:01.278 +02:00 [INF] Retrieving task with ID "1b727d35-f4ff-4332-adff-90c224f2e49a" {"SourceContext":"MiniJira.Services.TaskService","TransportConnectionId":"J_8lXPCAQ_fmtnDA54vNRQ","RequestId":"0HNG3U89JRSUI:00000017","RequestPath":"/_blazor","ConnectionId":"0HNG3U89JRSUI","Application":"MiniJira"}
2025-10-05 11:33:02.802 +02:00 [INF] Updating status for task "1b727d35-f4ff-4332-adff-90c224f2e49a" to "Done" {"SourceContext":"MiniJira.Services.TaskService","TransportConnectionId":"J_8lXPCAQ_fmtnDA54vNRQ","RequestId":"0HNG3U89JRSUI:00000017","RequestPath":"/_blazor","ConnectionId":"0HNG3U89JRSUI","Application":"MiniJira"}
2025-10-05 11:33:02.812 +02:00 [INF] Task "1b727d35-f4ff-4332-adff-90c224f2e49a" status updated successfully to "Done" {"SourceContext":"MiniJira.Services.TaskService","TransportConnectionId":"J_8lXPCAQ_fmtnDA54vNRQ","RequestId":"0HNG3U89JRSUI:00000017","RequestPath":"/_blazor","ConnectionId":"0HNG3U89JRSUI","Application":"MiniJira"}
2025-10-05 11:33:04.202 +02:00 [INF] Retrieving all tasks {"SourceContext":"MiniJira.Services.TaskService","TransportConnectionId":"J_8lXPCAQ_fmtnDA54vNRQ","RequestId":"0HNG3U89JRSUI:00000017","RequestPath":"/_blazor","ConnectionId":"0HNG3U89JRSUI","Application":"MiniJira"}
2025-10-05 11:45:12.316 +02:00 [INF] Applying database migrations... {"SourceContext":"Program","Application":"MiniJira"}
2025-10-05 11:45:12.782 +02:00 [WRN] The 'TaskPriority' property 'Priority' on entity type 'Task' is configured with a database-generated default, but has no configured sentinel value. The database-generated default will always be used for inserts when the property has the value 'Low', since this is the CLR default for the 'TaskPriority' type. Consider using a nullable type, using a nullable backing field, or setting the sentinel value for the property to ensure the database default is used when, and only when, appropriate. See https://aka.ms/efcore-docs-default-values for more information. {"EventId":{"Id":20601,"Name":"Microsoft.EntityFrameworkCore.Model.Validation.BoolWithDefaultWarning"},"SourceContext":"Microsoft.EntityFrameworkCore.Model.Validation","Application":"MiniJira"}
2025-10-05 11:45:12.986 +02:00 [INF] Acquiring an exclusive lock for migration application. See https://aka.ms/efcore-docs-migrations-lock for more information if this takes too long. {"EventId":{"Id":20411,"Name":"Microsoft.EntityFrameworkCore.Migrations.AcquiringMigrationLock"},"SourceContext":"Microsoft.EntityFrameworkCore.Migrations","Application":"MiniJira"}
2025-10-05 11:45:13.104 +02:00 [INF] No migrations were applied. The database is already up to date. {"EventId":{"Id":20405,"Name":"Microsoft.EntityFrameworkCore.Migrations.MigrationsNotApplied"},"SourceContext":"Microsoft.EntityFrameworkCore.Migrations","Application":"MiniJira"}
2025-10-05 11:45:13.115 +02:00 [INF] Database migrations applied successfully {"SourceContext":"Program","Application":"MiniJira"}
2025-10-05 11:45:13.665 +02:00 [INF] Now listening on: https://localhost:7105 {"EventId":{"Id":14,"Name":"ListeningOnAddress"},"SourceContext":"Microsoft.Hosting.Lifetime","Application":"MiniJira"}
2025-10-05 11:45:13.670 +02:00 [INF] Now listening on: http://localhost:5194 {"EventId":{"Id":14,"Name":"ListeningOnAddress"},"SourceContext":"Microsoft.Hosting.Lifetime","Application":"MiniJira"}
2025-10-05 11:45:13.739 +02:00 [INF] Application started. Press Ctrl+C to shut down. {"SourceContext":"Microsoft.Hosting.Lifetime","Application":"MiniJira"}
2025-10-05 11:45:13.743 +02:00 [INF] Hosting environment: Development {"SourceContext":"Microsoft.Hosting.Lifetime","Application":"MiniJira"}
2025-10-05 11:45:13.746 +02:00 [INF] Content root path: D:\KimiAi\MiniJira\MiniJira\MiniJira {"SourceContext":"Microsoft.Hosting.Lifetime","Application":"MiniJira"}
2025-10-05 11:45:14.617 +02:00 [INF] Retrieving all tasks {"SourceContext":"MiniJira.Services.TaskService","ActionId":"28ff6a25-db34-4fb8-9386-f2ca854afea7","ActionName":"/_Host","RequestId":"0HNG3UFH0R35Q:00000001","RequestPath":"/","ConnectionId":"0HNG3UFH0R35Q","Application":"MiniJira"}
2025-10-05 11:45:15.555 +02:00 [INF] Retrieving all tasks {"SourceContext":"MiniJira.Services.TaskService","TransportConnectionId":"77GqDYPvMpa1g9iPhmSFTg","RequestId":"0HNG3UFH0R35Q:00000017","RequestPath":"/_blazor","ConnectionId":"0HNG3UFH0R35Q","Application":"MiniJira"}
2025-10-05 11:45:35.242 +02:00 [INF] Retrieving task with ID "1b727d35-f4ff-4332-adff-90c224f2e49a" {"SourceContext":"MiniJira.Services.TaskService","TransportConnectionId":"77GqDYPvMpa1g9iPhmSFTg","RequestId":"0HNG3UFH0R35Q:00000017","RequestPath":"/_blazor","ConnectionId":"0HNG3UFH0R35Q","Application":"MiniJira"}
2025-10-05 11:45:36.898 +02:00 [INF] Retrieving all tasks {"SourceContext":"MiniJira.Services.TaskService","TransportConnectionId":"77GqDYPvMpa1g9iPhmSFTg","RequestId":"0HNG3UFH0R35Q:00000017","RequestPath":"/_blazor","ConnectionId":"0HNG3UFH0R35Q","Application":"MiniJira"}
2025-10-05 11:48:13.920 +02:00 [INF] Retrieving task with ID "1b727d35-f4ff-4332-adff-90c224f2e49a" {"SourceContext":"MiniJira.Services.TaskService","TransportConnectionId":"77GqDYPvMpa1g9iPhmSFTg","RequestId":"0HNG3UFH0R35Q:00000017","RequestPath":"/_blazor","ConnectionId":"0HNG3UFH0R35Q","Application":"MiniJira"}
2025-10-05 11:48:30.228 +02:00 [INF] Updating status for task "1b727d35-f4ff-4332-adff-90c224f2e49a" to "ToDo" {"SourceContext":"MiniJira.Services.TaskService","TransportConnectionId":"77GqDYPvMpa1g9iPhmSFTg","RequestId":"0HNG3UFH0R35Q:00000017","RequestPath":"/_blazor","ConnectionId":"0HNG3UFH0R35Q","Application":"MiniJira"}
2025-10-05 11:48:30.407 +02:00 [INF] Task "1b727d35-f4ff-4332-adff-90c224f2e49a" status updated successfully to "ToDo" {"SourceContext":"MiniJira.Services.TaskService","TransportConnectionId":"77GqDYPvMpa1g9iPhmSFTg","RequestId":"0HNG3UFH0R35Q:00000017","RequestPath":"/_blazor","ConnectionId":"0HNG3UFH0R35Q","Application":"MiniJira"}
2025-10-05 11:48:31.307 +02:00 [INF] Updating status for task "1b727d35-f4ff-4332-adff-90c224f2e49a" to "InProgress" {"SourceContext":"MiniJira.Services.TaskService","TransportConnectionId":"77GqDYPvMpa1g9iPhmSFTg","RequestId":"0HNG3UFH0R35Q:00000017","RequestPath":"/_blazor","ConnectionId":"0HNG3UFH0R35Q","Application":"MiniJira"}
2025-10-05 11:48:31.315 +02:00 [INF] Task "1b727d35-f4ff-4332-adff-90c224f2e49a" status updated successfully to "InProgress" {"SourceContext":"MiniJira.Services.TaskService","TransportConnectionId":"77GqDYPvMpa1g9iPhmSFTg","RequestId":"0HNG3UFH0R35Q:00000017","RequestPath":"/_blazor","ConnectionId":"0HNG3UFH0R35Q","Application":"MiniJira"}
2025-10-05 11:48:32.167 +02:00 [INF] Updating status for task "1b727d35-f4ff-4332-adff-90c224f2e49a" to "Done" {"SourceContext":"MiniJira.Services.TaskService","TransportConnectionId":"77GqDYPvMpa1g9iPhmSFTg","RequestId":"0HNG3UFH0R35Q:00000017","RequestPath":"/_blazor","ConnectionId":"0HNG3UFH0R35Q","Application":"MiniJira"}
2025-10-05 11:48:32.177 +02:00 [INF] Task "1b727d35-f4ff-4332-adff-90c224f2e49a" status updated successfully to "Done" {"SourceContext":"MiniJira.Services.TaskService","TransportConnectionId":"77GqDYPvMpa1g9iPhmSFTg","RequestId":"0HNG3UFH0R35Q:00000017","RequestPath":"/_blazor","ConnectionId":"0HNG3UFH0R35Q","Application":"MiniJira"}
2025-10-05 12:13:33.640 +02:00 [INF] Applying database migrations... {"SourceContext":"Program","Application":"MiniJira"}
2025-10-05 12:13:34.025 +02:00 [WRN] The 'TaskPriority' property 'Priority' on entity type 'Task' is configured with a database-generated default, but has no configured sentinel value. The database-generated default will always be used for inserts when the property has the value 'Low', since this is the CLR default for the 'TaskPriority' type. Consider using a nullable type, using a nullable backing field, or setting the sentinel value for the property to ensure the database default is used when, and only when, appropriate. See https://aka.ms/efcore-docs-default-values for more information. {"EventId":{"Id":20601,"Name":"Microsoft.EntityFrameworkCore.Model.Validation.BoolWithDefaultWarning"},"SourceContext":"Microsoft.EntityFrameworkCore.Model.Validation","Application":"MiniJira"}
2025-10-05 12:13:34.192 +02:00 [INF] Acquiring an exclusive lock for migration application. See https://aka.ms/efcore-docs-migrations-lock for more information if this takes too long. {"EventId":{"Id":20411,"Name":"Microsoft.EntityFrameworkCore.Migrations.AcquiringMigrationLock"},"SourceContext":"Microsoft.EntityFrameworkCore.Migrations","Application":"MiniJira"}
2025-10-05 12:13:34.295 +02:00 [INF] No migrations were applied. The database is already up to date. {"EventId":{"Id":20405,"Name":"Microsoft.EntityFrameworkCore.Migrations.MigrationsNotApplied"},"SourceContext":"Microsoft.EntityFrameworkCore.Migrations","Application":"MiniJira"}
2025-10-05 12:13:34.306 +02:00 [INF] Database migrations applied successfully {"SourceContext":"Program","Application":"MiniJira"}
2025-10-05 12:13:34.720 +02:00 [INF] Now listening on: https://localhost:7105 {"EventId":{"Id":14,"Name":"ListeningOnAddress"},"SourceContext":"Microsoft.Hosting.Lifetime","Application":"MiniJira"}
2025-10-05 12:13:34.726 +02:00 [INF] Now listening on: http://localhost:5194 {"EventId":{"Id":14,"Name":"ListeningOnAddress"},"SourceContext":"Microsoft.Hosting.Lifetime","Application":"MiniJira"}
2025-10-05 12:13:34.795 +02:00 [INF] Application started. Press Ctrl+C to shut down. {"SourceContext":"Microsoft.Hosting.Lifetime","Application":"MiniJira"}
2025-10-05 12:13:34.799 +02:00 [INF] Hosting environment: Development {"SourceContext":"Microsoft.Hosting.Lifetime","Application":"MiniJira"}
2025-10-05 12:13:34.802 +02:00 [INF] Content root path: D:\KimiAi\MiniJira\MiniJira\MiniJira {"SourceContext":"Microsoft.Hosting.Lifetime","Application":"MiniJira"}
2025-10-05 12:13:35.473 +02:00 [INF] Retrieving all tasks {"SourceContext":"MiniJira.Services.TaskService","ActionId":"3c62a51c-949a-47f6-a0cb-ef2ab4a01ead","ActionName":"/_Host","RequestId":"0HNG3UVBUQRO0:00000001","RequestPath":"/","ConnectionId":"0HNG3UVBUQRO0","Application":"MiniJira"}
2025-10-05 12:13:36.223 +02:00 [INF] Retrieving all tasks {"SourceContext":"MiniJira.Services.TaskService","TransportConnectionId":"V9F9TXjGZe-VgOyvvRtf7Q","RequestId":"0HNG3UVBUQRO0:00000017","RequestPath":"/_blazor","ConnectionId":"0HNG3UVBUQRO0","Application":"MiniJira"}
2025-10-05 12:20:32.207 +02:00 [INF] Applying database migrations... {"SourceContext":"Program","Application":"MiniJira"}
2025-10-05 12:20:32.651 +02:00 [WRN] The 'TaskPriority' property 'Priority' on entity type 'Task' is configured with a database-generated default, but has no configured sentinel value. The database-generated default will always be used for inserts when the property has the value 'Low', since this is the CLR default for the 'TaskPriority' type. Consider using a nullable type, using a nullable backing field, or setting the sentinel value for the property to ensure the database default is used when, and only when, appropriate. See https://aka.ms/efcore-docs-default-values for more information. {"EventId":{"Id":20601,"Name":"Microsoft.EntityFrameworkCore.Model.Validation.BoolWithDefaultWarning"},"SourceContext":"Microsoft.EntityFrameworkCore.Model.Validation","Application":"MiniJira"}
2025-10-05 12:20:32.851 +02:00 [INF] Acquiring an exclusive lock for migration application. See https://aka.ms/efcore-docs-migrations-lock for more information if this takes too long. {"EventId":{"Id":20411,"Name":"Microsoft.EntityFrameworkCore.Migrations.AcquiringMigrationLock"},"SourceContext":"Microsoft.EntityFrameworkCore.Migrations","Application":"MiniJira"}
2025-10-05 12:20:32.946 +02:00 [INF] No migrations were applied. The database is already up to date. {"EventId":{"Id":20405,"Name":"Microsoft.EntityFrameworkCore.Migrations.MigrationsNotApplied"},"SourceContext":"Microsoft.EntityFrameworkCore.Migrations","Application":"MiniJira"}
2025-10-05 12:20:32.957 +02:00 [INF] Database migrations applied successfully {"SourceContext":"Program","Application":"MiniJira"}
2025-10-05 12:20:33.370 +02:00 [INF] Now listening on: https://localhost:7105 {"EventId":{"Id":14,"Name":"ListeningOnAddress"},"SourceContext":"Microsoft.Hosting.Lifetime","Application":"MiniJira"}
2025-10-05 12:20:33.377 +02:00 [INF] Now listening on: http://localhost:5194 {"EventId":{"Id":14,"Name":"ListeningOnAddress"},"SourceContext":"Microsoft.Hosting.Lifetime","Application":"MiniJira"}
2025-10-05 12:20:33.431 +02:00 [INF] Application started. Press Ctrl+C to shut down. {"SourceContext":"Microsoft.Hosting.Lifetime","Application":"MiniJira"}
2025-10-05 12:20:33.435 +02:00 [INF] Hosting environment: Development {"SourceContext":"Microsoft.Hosting.Lifetime","Application":"MiniJira"}
2025-10-05 12:20:33.438 +02:00 [INF] Content root path: D:\KimiAi\MiniJira\MiniJira\MiniJira {"SourceContext":"Microsoft.Hosting.Lifetime","Application":"MiniJira"}
2025-10-05 12:20:34.410 +02:00 [INF] Retrieving all tasks {"SourceContext":"MiniJira.Services.TaskService","ActionId":"ac86715d-2450-47f8-9c29-fbbd4d50e738","ActionName":"/_Host","RequestId":"0HNG3V38PUJQF:00000001","RequestPath":"/","ConnectionId":"0HNG3V38PUJQF","Application":"MiniJira"}
2025-10-05 12:20:35.165 +02:00 [INF] Retrieving all tasks {"SourceContext":"MiniJira.Services.TaskService","TransportConnectionId":"2CMiP4HgRYeok4K4K8baUg","RequestId":"0HNG3V38PUJQF:00000015","RequestPath":"/_blazor","ConnectionId":"0HNG3V38PUJQF","Application":"MiniJira"}
2025-10-05 12:20:50.103 +02:00 [INF] Applying database migrations... {"SourceContext":"Program","Application":"MiniJira"}
2025-10-05 12:20:50.592 +02:00 [WRN] The 'TaskPriority' property 'Priority' on entity type 'Task' is configured with a database-generated default, but has no configured sentinel value. The database-generated default will always be used for inserts when the property has the value 'Low', since this is the CLR default for the 'TaskPriority' type. Consider using a nullable type, using a nullable backing field, or setting the sentinel value for the property to ensure the database default is used when, and only when, appropriate. See https://aka.ms/efcore-docs-default-values for more information. {"EventId":{"Id":20601,"Name":"Microsoft.EntityFrameworkCore.Model.Validation.BoolWithDefaultWarning"},"SourceContext":"Microsoft.EntityFrameworkCore.Model.Validation","Application":"MiniJira"}
2025-10-05 12:20:50.797 +02:00 [INF] Acquiring an exclusive lock for migration application. See https://aka.ms/efcore-docs-migrations-lock for more information if this takes too long. {"EventId":{"Id":20411,"Name":"Microsoft.EntityFrameworkCore.Migrations.AcquiringMigrationLock"},"SourceContext":"Microsoft.EntityFrameworkCore.Migrations","Application":"MiniJira"}
2025-10-05 12:20:50.916 +02:00 [INF] No migrations were applied. The database is already up to date. {"EventId":{"Id":20405,"Name":"Microsoft.EntityFrameworkCore.Migrations.MigrationsNotApplied"},"SourceContext":"Microsoft.EntityFrameworkCore.Migrations","Application":"MiniJira"}
2025-10-05 12:20:50.925 +02:00 [INF] Database migrations applied successfully {"SourceContext":"Program","Application":"MiniJira"}
2025-10-05 12:20:51.372 +02:00 [INF] Now listening on: https://localhost:7105 {"EventId":{"Id":14,"Name":"ListeningOnAddress"},"SourceContext":"Microsoft.Hosting.Lifetime","Application":"MiniJira"}
2025-10-05 12:20:51.378 +02:00 [INF] Now listening on: http://localhost:5194 {"EventId":{"Id":14,"Name":"ListeningOnAddress"},"SourceContext":"Microsoft.Hosting.Lifetime","Application":"MiniJira"}
2025-10-05 12:20:51.433 +02:00 [INF] Application started. Press Ctrl+C to shut down. {"SourceContext":"Microsoft.Hosting.Lifetime","Application":"MiniJira"}
2025-10-05 12:20:51.437 +02:00 [INF] Hosting environment: Development {"SourceContext":"Microsoft.Hosting.Lifetime","Application":"MiniJira"}
2025-10-05 12:20:51.439 +02:00 [INF] Content root path: D:\KimiAi\MiniJira\MiniJira\MiniJira {"SourceContext":"Microsoft.Hosting.Lifetime","Application":"MiniJira"}
2025-10-05 12:20:52.563 +02:00 [INF] Retrieving all tasks {"SourceContext":"MiniJira.Services.TaskService","ActionId":"3d0695c7-adbf-48ef-aefb-0c4063e5d698","ActionName":"/_Host","RequestId":"0HNG3V3E6G320:00000001","RequestPath":"/","ConnectionId":"0HNG3V3E6G320","Application":"MiniJira"}
2025-10-05 12:20:53.362 +02:00 [INF] Retrieving all tasks {"SourceContext":"MiniJira.Services.TaskService","TransportConnectionId":"q7JmofhQQ8Ph7gZ4AGtdDA","RequestId":"0HNG3V3E6G320:0000000F","RequestPath":"/_blazor","ConnectionId":"0HNG3V3E6G320","Application":"MiniJira"}
2025-10-05 12:21:07.964 +02:00 [INF] Retrieving all tasks {"SourceContext":"MiniJira.Services.TaskService","TransportConnectionId":"CIbkLr4P9WXMy1b_8SJpfw","RequestId":"0HNG3V3E6G320:0000004F","RequestPath":"/_blazor","ConnectionId":"0HNG3V3E6G320","Application":"MiniJira"}
2025-10-05 12:21:11.264 +02:00 [INF] Retrieving all tasks {"SourceContext":"MiniJira.Services.TaskService","TransportConnectionId":"rtycbgEchRQuc8EpQAVOEw","RequestId":"0HNG3V3E6G320:0000008F","RequestPath":"/_blazor","ConnectionId":"0HNG3V3E6G320","Application":"MiniJira"}
2025-10-05 12:35:36.200 +02:00 [INF] Applying database migrations... {"SourceContext":"Program","Application":"MiniJira"}
2025-10-05 12:35:36.619 +02:00 [WRN] The 'TaskPriority' property 'Priority' on entity type 'Task' is configured with a database-generated default, but has no configured sentinel value. The database-generated default will always be used for inserts when the property has the value 'Low', since this is the CLR default for the 'TaskPriority' type. Consider using a nullable type, using a nullable backing field, or setting the sentinel value for the property to ensure the database default is used when, and only when, appropriate. See https://aka.ms/efcore-docs-default-values for more information. {"EventId":{"Id":20601,"Name":"Microsoft.EntityFrameworkCore.Model.Validation.BoolWithDefaultWarning"},"SourceContext":"Microsoft.EntityFrameworkCore.Model.Validation","Application":"MiniJira"}
2025-10-05 12:35:36.782 +02:00 [INF] Acquiring an exclusive lock for migration application. See https://aka.ms/efcore-docs-migrations-lock for more information if this takes too long. {"EventId":{"Id":20411,"Name":"Microsoft.EntityFrameworkCore.Migrations.AcquiringMigrationLock"},"SourceContext":"Microsoft.EntityFrameworkCore.Migrations","Application":"MiniJira"}
2025-10-05 12:35:36.877 +02:00 [INF] No migrations were applied. The database is already up to date. {"EventId":{"Id":20405,"Name":"Microsoft.EntityFrameworkCore.Migrations.MigrationsNotApplied"},"SourceContext":"Microsoft.EntityFrameworkCore.Migrations","Application":"MiniJira"}
2025-10-05 12:35:36.887 +02:00 [INF] Database migrations applied successfully {"SourceContext":"Program","Application":"MiniJira"}
2025-10-05 12:35:37.328 +02:00 [INF] Now listening on: https://localhost:7105 {"EventId":{"Id":14,"Name":"ListeningOnAddress"},"SourceContext":"Microsoft.Hosting.Lifetime","Application":"MiniJira"}
2025-10-05 12:35:37.334 +02:00 [INF] Now listening on: http://localhost:5194 {"EventId":{"Id":14,"Name":"ListeningOnAddress"},"SourceContext":"Microsoft.Hosting.Lifetime","Application":"MiniJira"}
2025-10-05 12:35:37.422 +02:00 [INF] Application started. Press Ctrl+C to shut down. {"SourceContext":"Microsoft.Hosting.Lifetime","Application":"MiniJira"}
2025-10-05 12:35:37.425 +02:00 [INF] Hosting environment: Development {"SourceContext":"Microsoft.Hosting.Lifetime","Application":"MiniJira"}
2025-10-05 12:35:37.428 +02:00 [INF] Content root path: D:\KimiAi\MiniJira\MiniJira\MiniJira {"SourceContext":"Microsoft.Hosting.Lifetime","Application":"MiniJira"}
2025-10-05 12:35:38.470 +02:00 [INF] Retrieving all tasks {"SourceContext":"MiniJira.Services.TaskService","ActionId":"6708700f-14dd-4ec7-9099-8c05c1f56316","ActionName":"/_Host","RequestId":"0HNG3VBM7PPDQ:00000001","RequestPath":"/","ConnectionId":"0HNG3VBM7PPDQ","Application":"MiniJira"}
2025-10-05 12:35:39.293 +02:00 [INF] Retrieving all tasks {"SourceContext":"MiniJira.Services.TaskService","TransportConnectionId":"g9ZZjgAy33ubP8RRK0DpsA","RequestId":"0HNG3VBM7PPDQ:00000015","RequestPath":"/_blazor","ConnectionId":"0HNG3VBM7PPDQ","Application":"MiniJira"}
2025-10-05 12:46:13.928 +02:00 [INF] Applying database migrations... {"SourceContext":"Program","Application":"MiniJira"}
2025-10-05 12:46:14.340 +02:00 [WRN] The 'TaskPriority' property 'Priority' on entity type 'Task' is configured with a database-generated default, but has no configured sentinel value. The database-generated default will always be used for inserts when the property has the value 'Low', since this is the CLR default for the 'TaskPriority' type. Consider using a nullable type, using a nullable backing field, or setting the sentinel value for the property to ensure the database default is used when, and only when, appropriate. See https://aka.ms/efcore-docs-default-values for more information. {"EventId":{"Id":20601,"Name":"Microsoft.EntityFrameworkCore.Model.Validation.BoolWithDefaultWarning"},"SourceContext":"Microsoft.EntityFrameworkCore.Model.Validation","Application":"MiniJira"}
2025-10-05 12:46:14.502 +02:00 [INF] Acquiring an exclusive lock for migration application. See https://aka.ms/efcore-docs-migrations-lock for more information if this takes too long. {"EventId":{"Id":20411,"Name":"Microsoft.EntityFrameworkCore.Migrations.AcquiringMigrationLock"},"SourceContext":"Microsoft.EntityFrameworkCore.Migrations","Application":"MiniJira"}
2025-10-05 12:46:14.607 +02:00 [INF] No migrations were applied. The database is already up to date. {"EventId":{"Id":20405,"Name":"Microsoft.EntityFrameworkCore.Migrations.MigrationsNotApplied"},"SourceContext":"Microsoft.EntityFrameworkCore.Migrations","Application":"MiniJira"}
2025-10-05 12:46:14.618 +02:00 [INF] Database migrations applied successfully {"SourceContext":"Program","Application":"MiniJira"}
2025-10-05 12:46:15.106 +02:00 [INF] Now listening on: https://localhost:7105 {"EventId":{"Id":14,"Name":"ListeningOnAddress"},"SourceContext":"Microsoft.Hosting.Lifetime","Application":"MiniJira"}
2025-10-05 12:46:15.111 +02:00 [INF] Now listening on: http://localhost:5194 {"EventId":{"Id":14,"Name":"ListeningOnAddress"},"SourceContext":"Microsoft.Hosting.Lifetime","Application":"MiniJira"}
2025-10-05 12:46:15.170 +02:00 [INF] Application started. Press Ctrl+C to shut down. {"SourceContext":"Microsoft.Hosting.Lifetime","Application":"MiniJira"}
2025-10-05 12:46:15.174 +02:00 [INF] Hosting environment: Development {"SourceContext":"Microsoft.Hosting.Lifetime","Application":"MiniJira"}
2025-10-05 12:46:15.176 +02:00 [INF] Content root path: D:\KimiAi\MiniJira\MiniJira\MiniJira {"SourceContext":"Microsoft.Hosting.Lifetime","Application":"MiniJira"}
2025-10-05 12:46:16.281 +02:00 [INF] Retrieving all tasks {"SourceContext":"MiniJira.Services.TaskService","ActionId":"63219c94-735b-4031-9475-60e3f37fba26","ActionName":"/_Host","RequestId":"0HNG3VHKAG5Q3:00000001","RequestPath":"/","ConnectionId":"0HNG3VHKAG5Q3","Application":"MiniJira"}
2025-10-05 12:46:17.076 +02:00 [INF] Retrieving all tasks {"SourceContext":"MiniJira.Services.TaskService","TransportConnectionId":"HatpwYJStcY3nR3le1YLdg","RequestId":"0HNG3VHKAG5Q3:00000011","RequestPath":"/_blazor","ConnectionId":"0HNG3VHKAG5Q3","Application":"MiniJira"}
2025-10-05 12:48:01.913 +02:00 [INF] Applying database migrations... {"SourceContext":"Program","Application":"MiniJira"}
2025-10-05 12:48:02.342 +02:00 [WRN] The 'TaskPriority' property 'Priority' on entity type 'Task' is configured with a database-generated default, but has no configured sentinel value. The database-generated default will always be used for inserts when the property has the value 'Low', since this is the CLR default for the 'TaskPriority' type. Consider using a nullable type, using a nullable backing field, or setting the sentinel value for the property to ensure the database default is used when, and only when, appropriate. See https://aka.ms/efcore-docs-default-values for more information. {"EventId":{"Id":20601,"Name":"Microsoft.EntityFrameworkCore.Model.Validation.BoolWithDefaultWarning"},"SourceContext":"Microsoft.EntityFrameworkCore.Model.Validation","Application":"MiniJira"}
2025-10-05 12:48:02.485 +02:00 [INF] Acquiring an exclusive lock for migration application. See https://aka.ms/efcore-docs-migrations-lock for more information if this takes too long. {"EventId":{"Id":20411,"Name":"Microsoft.EntityFrameworkCore.Migrations.AcquiringMigrationLock"},"SourceContext":"Microsoft.EntityFrameworkCore.Migrations","Application":"MiniJira"}
2025-10-05 12:48:02.569 +02:00 [INF] No migrations were applied. The database is already up to date. {"EventId":{"Id":20405,"Name":"Microsoft.EntityFrameworkCore.Migrations.MigrationsNotApplied"},"SourceContext":"Microsoft.EntityFrameworkCore.Migrations","Application":"MiniJira"}
2025-10-05 12:48:02.574 +02:00 [INF] Database migrations applied successfully {"SourceContext":"Program","Application":"MiniJira"}
2025-10-05 12:48:02.764 +02:00 [INF] Now listening on: https://localhost:7105 {"EventId":{"Id":14,"Name":"ListeningOnAddress"},"SourceContext":"Microsoft.Hosting.Lifetime","Application":"MiniJira"}
2025-10-05 12:48:02.765 +02:00 [INF] Now listening on: http://localhost:5194 {"EventId":{"Id":14,"Name":"ListeningOnAddress"},"SourceContext":"Microsoft.Hosting.Lifetime","Application":"MiniJira"}
2025-10-05 12:48:02.765 +02:00 [INF] Application started. Press Ctrl+C to shut down. {"SourceContext":"Microsoft.Hosting.Lifetime","Application":"MiniJira"}
2025-10-05 12:48:02.765 +02:00 [INF] Hosting environment: Development {"SourceContext":"Microsoft.Hosting.Lifetime","Application":"MiniJira"}
2025-10-05 12:48:02.765 +02:00 [INF] Content root path: D:\KimiAi\MiniJira\MiniJira\MiniJira {"SourceContext":"Microsoft.Hosting.Lifetime","Application":"MiniJira"}
2025-10-05 12:48:08.766 +02:00 [INF] Retrieving all tasks {"SourceContext":"MiniJira.Services.TaskService","ActionId":"a2f922a1-b03a-4f5a-9a64-148c3d06c401","ActionName":"/_Host","RequestId":"0HNG3VIM0C1IK:00000001","RequestPath":"/","ConnectionId":"0HNG3VIM0C1IK","Application":"MiniJira"}
2025-10-05 12:48:09.782 +02:00 [INF] Retrieving all tasks {"SourceContext":"MiniJira.Services.TaskService","TransportConnectionId":"j1RN1JRTocC2IFzInWrtDg","RequestId":"0HNG3VIM0C1IK:00000013","RequestPath":"/_blazor","ConnectionId":"0HNG3VIM0C1IK","Application":"MiniJira"}
2025-10-05 12:50:44.264 +02:00 [INF] Retrieving all tasks {"SourceContext":"MiniJira.Services.TaskService","ActionId":"a2f922a1-b03a-4f5a-9a64-148c3d06c401","ActionName":"/_Host","RequestId":"0HNG3VIM0C1IM:00000001","RequestPath":"/","ConnectionId":"0HNG3VIM0C1IM","Application":"MiniJira"}
2025-10-05 12:50:44.330 +02:00 [INF] Retrieving all tasks {"SourceContext":"MiniJira.Services.TaskService","TransportConnectionId":"DbxRimadRfJz0BxjLgp9GQ","RequestId":"0HNG3VIM0C1IM:0000000F","RequestPath":"/_blazor","ConnectionId":"0HNG3VIM0C1IM","Application":"MiniJira"}
2025-10-05 12:53:00.258 +02:00 [INF] Retrieving all tasks {"SourceContext":"MiniJira.Services.TaskService","ActionId":"a2f922a1-b03a-4f5a-9a64-148c3d06c401","ActionName":"/_Host","RequestId":"0HNG3VIM0C1IO:00000001","RequestPath":"/","ConnectionId":"0HNG3VIM0C1IO","Application":"MiniJira"}
2025-10-05 12:53:00.733 +02:00 [INF] Retrieving all tasks {"SourceContext":"MiniJira.Services.TaskService","TransportConnectionId":"P8OWDoVMWTMzUKgHIi8G2A","RequestId":"0HNG3VIM0C1IO:00000011","RequestPath":"/_blazor","ConnectionId":"0HNG3VIM0C1IO","Application":"MiniJira"}
