2025-10-05 12:53:01.735 +02:00 [INF] Applying database migrations... {"SourceContext":"Program","Application":"MiniJira"}
2025-10-05 12:53:02.190 +02:00 [WRN] The 'TaskPriority' property 'Priority' on entity type 'Task' is configured with a database-generated default, but has no configured sentinel value. The database-generated default will always be used for inserts when the property has the value 'Low', since this is the CLR default for the 'TaskPriority' type. Consider using a nullable type, using a nullable backing field, or setting the sentinel value for the property to ensure the database default is used when, and only when, appropriate. See https://aka.ms/efcore-docs-default-values for more information. {"EventId":{"Id":20601,"Name":"Microsoft.EntityFrameworkCore.Model.Validation.BoolWithDefaultWarning"},"SourceContext":"Microsoft.EntityFrameworkCore.Model.Validation","Application":"MiniJira"}
2025-10-05 12:53:02.367 +02:00 [INF] Acquiring an exclusive lock for migration application. See https://aka.ms/efcore-docs-migrations-lock for more information if this takes too long. {"EventId":{"Id":20411,"Name":"Microsoft.EntityFrameworkCore.Migrations.AcquiringMigrationLock"},"SourceContext":"Microsoft.EntityFrameworkCore.Migrations","Application":"MiniJira"}
2025-10-05 12:53:02.451 +02:00 [INF] No migrations were applied. The database is already up to date. {"EventId":{"Id":20405,"Name":"Microsoft.EntityFrameworkCore.Migrations.MigrationsNotApplied"},"SourceContext":"Microsoft.EntityFrameworkCore.Migrations","Application":"MiniJira"}
2025-10-05 12:53:02.460 +02:00 [INF] Database migrations applied successfully {"SourceContext":"Program","Application":"MiniJira"}
2025-10-05 12:53:03.164 +02:00 [ERR] Hosting failed to start {"EventId":{"Id":11,"Name":"HostedServiceStartupFaulted"},"SourceContext":"Microsoft.Extensions.Hosting.Internal.Host","Application":"MiniJira"}
System.IO.IOException: Failed to bind to address https://127.0.0.1:7105: address already in use.
 ---> Microsoft.AspNetCore.Connections.AddressInUseException: Only one usage of each socket address (protocol/network address/port) is normally permitted.
 ---> System.Net.Sockets.SocketException (10048): Only one usage of each socket address (protocol/network address/port) is normally permitted.
   at System.Net.Sockets.Socket.UpdateStatusAfterSocketErrorAndThrowException(SocketError error, Boolean disconnectOnFailure, String callerName)
   at System.Net.Sockets.Socket.DoBind(EndPoint endPointSnapshot, SocketAddress socketAddress)
   at System.Net.Sockets.Socket.Bind(EndPoint localEP)
   at Microsoft.AspNetCore.Server.Kestrel.Transport.Sockets.SocketTransportOptions.CreateDefaultBoundListenSocket(EndPoint endpoint)
   at Microsoft.AspNetCore.Server.Kestrel.Transport.Sockets.SocketConnectionListener.Bind()
   --- End of inner exception stack trace ---
   at Microsoft.AspNetCore.Server.Kestrel.Transport.Sockets.SocketConnectionListener.Bind()
   at Microsoft.AspNetCore.Server.Kestrel.Transport.Sockets.SocketTransportFactory.BindAsync(EndPoint endpoint, CancellationToken cancellationToken)
   at Microsoft.AspNetCore.Server.Kestrel.Core.Internal.Infrastructure.TransportManager.BindAsync(EndPoint endPoint, ConnectionDelegate connectionDelegate, EndpointConfig endpointConfig, CancellationToken cancellationToken)
   at Microsoft.AspNetCore.Server.Kestrel.Core.KestrelServerImpl.<>c__DisplayClass28_0`1.<<StartAsync>g__OnBind|0>d.MoveNext()
--- End of stack trace from previous location ---
   at Microsoft.AspNetCore.Server.Kestrel.Core.Internal.AddressBinder.BindEndpointAsync(ListenOptions endpoint, AddressBindContext context, CancellationToken cancellationToken)
   --- End of inner exception stack trace ---
   at Microsoft.AspNetCore.Server.Kestrel.Core.Internal.AddressBinder.BindEndpointAsync(ListenOptions endpoint, AddressBindContext context, CancellationToken cancellationToken)
   at Microsoft.AspNetCore.Server.Kestrel.Core.LocalhostListenOptions.BindAsync(AddressBindContext context, CancellationToken cancellationToken)
   at Microsoft.AspNetCore.Server.Kestrel.Core.Internal.AddressBinder.AddressesStrategy.BindAsync(AddressBindContext context, CancellationToken cancellationToken)
   at Microsoft.AspNetCore.Server.Kestrel.Core.Internal.AddressBinder.BindAsync(ListenOptions[] listenOptions, AddressBindContext context, Func`2 useHttps, CancellationToken cancellationToken)
   at Microsoft.AspNetCore.Server.Kestrel.Core.KestrelServerImpl.BindAsync(CancellationToken cancellationToken)
   at Microsoft.AspNetCore.Server.Kestrel.Core.KestrelServerImpl.StartAsync[TContext](IHttpApplication`1 application, CancellationToken cancellationToken)
   at Microsoft.AspNetCore.Hosting.GenericWebHostService.StartAsync(CancellationToken cancellationToken)
   at Microsoft.Extensions.Hosting.Internal.Host.<StartAsync>b__15_1(IHostedService service, CancellationToken token)
   at Microsoft.Extensions.Hosting.Internal.Host.ForeachService[T](IEnumerable`1 services, CancellationToken token, Boolean concurrent, Boolean abortOnFirstException, List`1 exceptions, Func`3 operation)
2025-10-05 12:58:57.905 +02:00 [INF] Applying database migrations... {"SourceContext":"Program","Application":"MiniJira"}
2025-10-05 12:58:58.390 +02:00 [WRN] The 'TaskPriority' property 'Priority' on entity type 'Task' is configured with a database-generated default, but has no configured sentinel value. The database-generated default will always be used for inserts when the property has the value 'Low', since this is the CLR default for the 'TaskPriority' type. Consider using a nullable type, using a nullable backing field, or setting the sentinel value for the property to ensure the database default is used when, and only when, appropriate. See https://aka.ms/efcore-docs-default-values for more information. {"EventId":{"Id":20601,"Name":"Microsoft.EntityFrameworkCore.Model.Validation.BoolWithDefaultWarning"},"SourceContext":"Microsoft.EntityFrameworkCore.Model.Validation","Application":"MiniJira"}
2025-10-05 12:58:58.615 +02:00 [INF] Acquiring an exclusive lock for migration application. See https://aka.ms/efcore-docs-migrations-lock for more information if this takes too long. {"EventId":{"Id":20411,"Name":"Microsoft.EntityFrameworkCore.Migrations.AcquiringMigrationLock"},"SourceContext":"Microsoft.EntityFrameworkCore.Migrations","Application":"MiniJira"}
2025-10-05 12:58:58.727 +02:00 [INF] No migrations were applied. The database is already up to date. {"EventId":{"Id":20405,"Name":"Microsoft.EntityFrameworkCore.Migrations.MigrationsNotApplied"},"SourceContext":"Microsoft.EntityFrameworkCore.Migrations","Application":"MiniJira"}
2025-10-05 12:58:58.738 +02:00 [INF] Database migrations applied successfully {"SourceContext":"Program","Application":"MiniJira"}
2025-10-05 12:58:59.185 +02:00 [INF] Now listening on: https://localhost:7105 {"EventId":{"Id":14,"Name":"ListeningOnAddress"},"SourceContext":"Microsoft.Hosting.Lifetime","Application":"MiniJira"}
2025-10-05 12:58:59.211 +02:00 [INF] Now listening on: http://localhost:5194 {"EventId":{"Id":14,"Name":"ListeningOnAddress"},"SourceContext":"Microsoft.Hosting.Lifetime","Application":"MiniJira"}
2025-10-05 12:58:59.291 +02:00 [INF] Application started. Press Ctrl+C to shut down. {"SourceContext":"Microsoft.Hosting.Lifetime","Application":"MiniJira"}
2025-10-05 12:58:59.294 +02:00 [INF] Hosting environment: Development {"SourceContext":"Microsoft.Hosting.Lifetime","Application":"MiniJira"}
2025-10-05 12:58:59.297 +02:00 [INF] Content root path: D:\KimiAi\MiniJira\MiniJira\MiniJira {"SourceContext":"Microsoft.Hosting.Lifetime","Application":"MiniJira"}
2025-10-05 12:59:00.232 +02:00 [INF] Retrieving all tasks {"SourceContext":"MiniJira.Services.TaskService","ActionId":"fd41cdbd-911c-48f7-83ff-9917a2739442","ActionName":"/_Host","RequestId":"0HNG3VOO09I62:00000001","RequestPath":"/","ConnectionId":"0HNG3VOO09I62","Application":"MiniJira"}
2025-10-05 12:59:01.040 +02:00 [INF] Retrieving all tasks {"SourceContext":"MiniJira.Services.TaskService","TransportConnectionId":"tkTnzUJcA4tdk_4U-O7MqA","RequestId":"0HNG3VOO09I62:00000011","RequestPath":"/_blazor","ConnectionId":"0HNG3VOO09I62","Application":"MiniJira"}
2025-10-05 13:01:10.353 +02:00 [INF] Applying database migrations... {"SourceContext":"Program","Application":"MiniJira"}
2025-10-05 13:01:10.640 +02:00 [WRN] The 'TaskPriority' property 'Priority' on entity type 'Task' is configured with a database-generated default, but has no configured sentinel value. The database-generated default will always be used for inserts when the property has the value 'Low', since this is the CLR default for the 'TaskPriority' type. Consider using a nullable type, using a nullable backing field, or setting the sentinel value for the property to ensure the database default is used when, and only when, appropriate. See https://aka.ms/efcore-docs-default-values for more information. {"EventId":{"Id":20601,"Name":"Microsoft.EntityFrameworkCore.Model.Validation.BoolWithDefaultWarning"},"SourceContext":"Microsoft.EntityFrameworkCore.Model.Validation","Application":"MiniJira"}
2025-10-05 13:01:10.767 +02:00 [INF] Acquiring an exclusive lock for migration application. See https://aka.ms/efcore-docs-migrations-lock for more information if this takes too long. {"EventId":{"Id":20411,"Name":"Microsoft.EntityFrameworkCore.Migrations.AcquiringMigrationLock"},"SourceContext":"Microsoft.EntityFrameworkCore.Migrations","Application":"MiniJira"}
2025-10-05 13:01:10.858 +02:00 [INF] No migrations were applied. The database is already up to date. {"EventId":{"Id":20405,"Name":"Microsoft.EntityFrameworkCore.Migrations.MigrationsNotApplied"},"SourceContext":"Microsoft.EntityFrameworkCore.Migrations","Application":"MiniJira"}
2025-10-05 13:01:10.862 +02:00 [INF] Database migrations applied successfully {"SourceContext":"Program","Application":"MiniJira"}
2025-10-05 13:01:11.073 +02:00 [INF] Now listening on: https://localhost:7105 {"EventId":{"Id":14,"Name":"ListeningOnAddress"},"SourceContext":"Microsoft.Hosting.Lifetime","Application":"MiniJira"}
2025-10-05 13:01:11.073 +02:00 [INF] Now listening on: http://localhost:5194 {"EventId":{"Id":14,"Name":"ListeningOnAddress"},"SourceContext":"Microsoft.Hosting.Lifetime","Application":"MiniJira"}
2025-10-05 13:01:11.074 +02:00 [INF] Application started. Press Ctrl+C to shut down. {"SourceContext":"Microsoft.Hosting.Lifetime","Application":"MiniJira"}
2025-10-05 13:01:11.074 +02:00 [INF] Hosting environment: Development {"SourceContext":"Microsoft.Hosting.Lifetime","Application":"MiniJira"}
2025-10-05 13:01:11.074 +02:00 [INF] Content root path: D:\KimiAi\MiniJira\MiniJira\MiniJira {"SourceContext":"Microsoft.Hosting.Lifetime","Application":"MiniJira"}
2025-10-05 13:01:19.743 +02:00 [INF] Retrieving all tasks {"SourceContext":"MiniJira.Services.TaskService","ActionId":"013e399c-b6ef-4a00-9e25-394c5ebf4cb7","ActionName":"/_Host","RequestId":"0HNG3VQ1NK8L3:00000001","RequestPath":"/","ConnectionId":"0HNG3VQ1NK8L3","Application":"MiniJira"}
2025-10-05 13:01:20.357 +02:00 [INF] Retrieving all tasks {"SourceContext":"MiniJira.Services.TaskService","TransportConnectionId":"yImCIt2mrChyBbqR9pU80g","RequestId":"0HNG3VQ1NK8L3:0000000D","RequestPath":"/_blazor","ConnectionId":"0HNG3VQ1NK8L3","Application":"MiniJira"}
2025-10-05 13:01:34.052 +02:00 [INF] Retrieving all tasks {"SourceContext":"MiniJira.Services.TaskService","ActionId":"013e399c-b6ef-4a00-9e25-394c5ebf4cb7","ActionName":"/_Host","RequestId":"0HNG3VQ1NK8L4:00000001","RequestPath":"/","ConnectionId":"0HNG3VQ1NK8L4","Application":"MiniJira"}
2025-10-05 13:01:34.142 +02:00 [INF] Retrieving all tasks {"SourceContext":"MiniJira.Services.TaskService","TransportConnectionId":"Z2-tQl_EgUeIs0P1ci5RDg","RequestId":"0HNG3VQ1NK8L4:0000000B","RequestPath":"/_blazor","ConnectionId":"0HNG3VQ1NK8L4","Application":"MiniJira"}
2025-10-05 13:02:49.088 +02:00 [INF] Applying database migrations... {"SourceContext":"Program","Application":"MiniJira"}
2025-10-05 13:02:49.548 +02:00 [WRN] The 'TaskPriority' property 'Priority' on entity type 'Task' is configured with a database-generated default, but has no configured sentinel value. The database-generated default will always be used for inserts when the property has the value 'Low', since this is the CLR default for the 'TaskPriority' type. Consider using a nullable type, using a nullable backing field, or setting the sentinel value for the property to ensure the database default is used when, and only when, appropriate. See https://aka.ms/efcore-docs-default-values for more information. {"EventId":{"Id":20601,"Name":"Microsoft.EntityFrameworkCore.Model.Validation.BoolWithDefaultWarning"},"SourceContext":"Microsoft.EntityFrameworkCore.Model.Validation","Application":"MiniJira"}
2025-10-05 13:02:49.766 +02:00 [INF] Acquiring an exclusive lock for migration application. See https://aka.ms/efcore-docs-migrations-lock for more information if this takes too long. {"EventId":{"Id":20411,"Name":"Microsoft.EntityFrameworkCore.Migrations.AcquiringMigrationLock"},"SourceContext":"Microsoft.EntityFrameworkCore.Migrations","Application":"MiniJira"}
2025-10-05 13:02:49.870 +02:00 [INF] No migrations were applied. The database is already up to date. {"EventId":{"Id":20405,"Name":"Microsoft.EntityFrameworkCore.Migrations.MigrationsNotApplied"},"SourceContext":"Microsoft.EntityFrameworkCore.Migrations","Application":"MiniJira"}
2025-10-05 13:02:49.880 +02:00 [INF] Database migrations applied successfully {"SourceContext":"Program","Application":"MiniJira"}
2025-10-05 13:02:50.292 +02:00 [INF] Now listening on: https://localhost:7105 {"EventId":{"Id":14,"Name":"ListeningOnAddress"},"SourceContext":"Microsoft.Hosting.Lifetime","Application":"MiniJira"}
2025-10-05 13:02:50.299 +02:00 [INF] Now listening on: http://localhost:5194 {"EventId":{"Id":14,"Name":"ListeningOnAddress"},"SourceContext":"Microsoft.Hosting.Lifetime","Application":"MiniJira"}
2025-10-05 13:02:50.361 +02:00 [INF] Application started. Press Ctrl+C to shut down. {"SourceContext":"Microsoft.Hosting.Lifetime","Application":"MiniJira"}
2025-10-05 13:02:50.365 +02:00 [INF] Hosting environment: Development {"SourceContext":"Microsoft.Hosting.Lifetime","Application":"MiniJira"}
2025-10-05 13:02:50.369 +02:00 [INF] Content root path: D:\KimiAi\MiniJira\MiniJira\MiniJira {"SourceContext":"Microsoft.Hosting.Lifetime","Application":"MiniJira"}
2025-10-05 13:02:51.512 +02:00 [INF] Retrieving all tasks {"SourceContext":"MiniJira.Services.TaskService","ActionId":"be4c6083-7213-4205-8a32-d522f39bc223","ActionName":"/_Host","RequestId":"0HNG3VQST68NJ:00000001","RequestPath":"/","ConnectionId":"0HNG3VQST68NJ","Application":"MiniJira"}
2025-10-05 13:02:52.250 +02:00 [INF] Retrieving all tasks {"SourceContext":"MiniJira.Services.TaskService","TransportConnectionId":"fPmV6G3E3Z2lCOq94yXu2g","RequestId":"0HNG3VQST68NJ:00000011","RequestPath":"/_blazor","ConnectionId":"0HNG3VQST68NJ","Application":"MiniJira"}
2025-10-05 13:08:50.674 +02:00 [INF] Applying database migrations... {"SourceContext":"Program","Application":"MiniJira"}
2025-10-05 13:08:50.972 +02:00 [WRN] The 'TaskPriority' property 'Priority' on entity type 'Task' is configured with a database-generated default, but has no configured sentinel value. The database-generated default will always be used for inserts when the property has the value 'Low', since this is the CLR default for the 'TaskPriority' type. Consider using a nullable type, using a nullable backing field, or setting the sentinel value for the property to ensure the database default is used when, and only when, appropriate. See https://aka.ms/efcore-docs-default-values for more information. {"EventId":{"Id":20601,"Name":"Microsoft.EntityFrameworkCore.Model.Validation.BoolWithDefaultWarning"},"SourceContext":"Microsoft.EntityFrameworkCore.Model.Validation","Application":"MiniJira"}
2025-10-05 13:08:51.107 +02:00 [INF] Acquiring an exclusive lock for migration application. See https://aka.ms/efcore-docs-migrations-lock for more information if this takes too long. {"EventId":{"Id":20411,"Name":"Microsoft.EntityFrameworkCore.Migrations.AcquiringMigrationLock"},"SourceContext":"Microsoft.EntityFrameworkCore.Migrations","Application":"MiniJira"}
2025-10-05 13:08:51.189 +02:00 [INF] No migrations were applied. The database is already up to date. {"EventId":{"Id":20405,"Name":"Microsoft.EntityFrameworkCore.Migrations.MigrationsNotApplied"},"SourceContext":"Microsoft.EntityFrameworkCore.Migrations","Application":"MiniJira"}
2025-10-05 13:08:51.195 +02:00 [INF] Database migrations applied successfully {"SourceContext":"Program","Application":"MiniJira"}
2025-10-05 13:08:51.426 +02:00 [INF] Now listening on: https://localhost:7105 {"EventId":{"Id":14,"Name":"ListeningOnAddress"},"SourceContext":"Microsoft.Hosting.Lifetime","Application":"MiniJira"}
2025-10-05 13:08:51.426 +02:00 [INF] Now listening on: http://localhost:5194 {"EventId":{"Id":14,"Name":"ListeningOnAddress"},"SourceContext":"Microsoft.Hosting.Lifetime","Application":"MiniJira"}
2025-10-05 13:08:51.427 +02:00 [INF] Application started. Press Ctrl+C to shut down. {"SourceContext":"Microsoft.Hosting.Lifetime","Application":"MiniJira"}
2025-10-05 13:08:51.427 +02:00 [INF] Hosting environment: Development {"SourceContext":"Microsoft.Hosting.Lifetime","Application":"MiniJira"}
2025-10-05 13:08:51.427 +02:00 [INF] Content root path: D:\KimiAi\MiniJira\MiniJira\MiniJira {"SourceContext":"Microsoft.Hosting.Lifetime","Application":"MiniJira"}
2025-10-05 13:08:59.709 +02:00 [INF] Retrieving all tasks {"SourceContext":"MiniJira.Services.TaskService","ActionId":"341cf50f-e385-459f-b6f5-e579c24b4e7e","ActionName":"/_Host","RequestId":"0HNG3VUAQA53N:00000001","RequestPath":"/","ConnectionId":"0HNG3VUAQA53N","Application":"MiniJira"}
2025-10-05 13:09:00.338 +02:00 [INF] Retrieving all tasks {"SourceContext":"MiniJira.Services.TaskService","TransportConnectionId":"UQgZHkDlGs8XEXajBYJxRQ","RequestId":"0HNG3VUAQA53N:00000011","RequestPath":"/_blazor","ConnectionId":"0HNG3VUAQA53N","Application":"MiniJira"}
2025-10-05 13:10:47.606 +02:00 [INF] Applying database migrations... {"SourceContext":"Program","Application":"MiniJira"}
2025-10-05 13:10:48.120 +02:00 [WRN] The 'TaskPriority' property 'Priority' on entity type 'Task' is configured with a database-generated default, but has no configured sentinel value. The database-generated default will always be used for inserts when the property has the value 'Low', since this is the CLR default for the 'TaskPriority' type. Consider using a nullable type, using a nullable backing field, or setting the sentinel value for the property to ensure the database default is used when, and only when, appropriate. See https://aka.ms/efcore-docs-default-values for more information. {"EventId":{"Id":20601,"Name":"Microsoft.EntityFrameworkCore.Model.Validation.BoolWithDefaultWarning"},"SourceContext":"Microsoft.EntityFrameworkCore.Model.Validation","Application":"MiniJira"}
2025-10-05 13:10:48.327 +02:00 [INF] Acquiring an exclusive lock for migration application. See https://aka.ms/efcore-docs-migrations-lock for more information if this takes too long. {"EventId":{"Id":20411,"Name":"Microsoft.EntityFrameworkCore.Migrations.AcquiringMigrationLock"},"SourceContext":"Microsoft.EntityFrameworkCore.Migrations","Application":"MiniJira"}
2025-10-05 13:10:48.432 +02:00 [INF] No migrations were applied. The database is already up to date. {"EventId":{"Id":20405,"Name":"Microsoft.EntityFrameworkCore.Migrations.MigrationsNotApplied"},"SourceContext":"Microsoft.EntityFrameworkCore.Migrations","Application":"MiniJira"}
2025-10-05 13:10:48.442 +02:00 [INF] Database migrations applied successfully {"SourceContext":"Program","Application":"MiniJira"}
2025-10-05 13:10:48.902 +02:00 [INF] Now listening on: https://localhost:7105 {"EventId":{"Id":14,"Name":"ListeningOnAddress"},"SourceContext":"Microsoft.Hosting.Lifetime","Application":"MiniJira"}
2025-10-05 13:10:48.911 +02:00 [INF] Now listening on: http://localhost:5194 {"EventId":{"Id":14,"Name":"ListeningOnAddress"},"SourceContext":"Microsoft.Hosting.Lifetime","Application":"MiniJira"}
2025-10-05 13:10:49.007 +02:00 [INF] Application started. Press Ctrl+C to shut down. {"SourceContext":"Microsoft.Hosting.Lifetime","Application":"MiniJira"}
2025-10-05 13:10:49.011 +02:00 [INF] Hosting environment: Development {"SourceContext":"Microsoft.Hosting.Lifetime","Application":"MiniJira"}
2025-10-05 13:10:49.015 +02:00 [INF] Content root path: D:\KimiAi\MiniJira\MiniJira\MiniJira {"SourceContext":"Microsoft.Hosting.Lifetime","Application":"MiniJira"}
2025-10-05 13:10:49.888 +02:00 [INF] Retrieving all tasks {"SourceContext":"MiniJira.Services.TaskService","ActionId":"6b1d3639-0137-49a6-acc1-1e51f37600ea","ActionName":"/_Host","RequestId":"0HNG3VVBFSTS3:00000001","RequestPath":"/","ConnectionId":"0HNG3VVBFSTS3","Application":"MiniJira"}
2025-10-05 13:10:50.697 +02:00 [INF] Retrieving all tasks {"SourceContext":"MiniJira.Services.TaskService","TransportConnectionId":"N6PNTddenYBN-G8lHu_5Qg","RequestId":"0HNG3VVBFSTS3:00000015","RequestPath":"/_blazor","ConnectionId":"0HNG3VVBFSTS3","Application":"MiniJira"}
2025-10-05 13:11:08.972 +02:00 [INF] Creating new task with title 'gedrff' {"SourceContext":"MiniJira.Services.TaskService","TransportConnectionId":"N6PNTddenYBN-G8lHu_5Qg","RequestId":"0HNG3VVBFSTS3:00000015","RequestPath":"/_blazor","ConnectionId":"0HNG3VVBFSTS3","Application":"MiniJira"}
2025-10-05 13:11:09.149 +02:00 [INF] Task created successfully with ID "114053c3-52b3-46c7-8bc1-a05ec3f635fa" {"SourceContext":"MiniJira.Services.TaskService","TransportConnectionId":"N6PNTddenYBN-G8lHu_5Qg","RequestId":"0HNG3VVBFSTS3:00000015","RequestPath":"/_blazor","ConnectionId":"0HNG3VVBFSTS3","Application":"MiniJira"}
2025-10-05 13:11:09.165 +02:00 [INF] Retrieving all tasks {"SourceContext":"MiniJira.Services.TaskService","TransportConnectionId":"N6PNTddenYBN-G8lHu_5Qg","RequestId":"0HNG3VVBFSTS3:00000015","RequestPath":"/_blazor","ConnectionId":"0HNG3VVBFSTS3","Application":"MiniJira"}
2025-10-05 13:12:24.577 +02:00 [INF] Applying database migrations... {"SourceContext":"Program","Application":"MiniJira"}
2025-10-05 13:12:24.942 +02:00 [WRN] The 'TaskPriority' property 'Priority' on entity type 'Task' is configured with a database-generated default, but has no configured sentinel value. The database-generated default will always be used for inserts when the property has the value 'Low', since this is the CLR default for the 'TaskPriority' type. Consider using a nullable type, using a nullable backing field, or setting the sentinel value for the property to ensure the database default is used when, and only when, appropriate. See https://aka.ms/efcore-docs-default-values for more information. {"EventId":{"Id":20601,"Name":"Microsoft.EntityFrameworkCore.Model.Validation.BoolWithDefaultWarning"},"SourceContext":"Microsoft.EntityFrameworkCore.Model.Validation","Application":"MiniJira"}
2025-10-05 13:12:25.090 +02:00 [INF] Acquiring an exclusive lock for migration application. See https://aka.ms/efcore-docs-migrations-lock for more information if this takes too long. {"EventId":{"Id":20411,"Name":"Microsoft.EntityFrameworkCore.Migrations.AcquiringMigrationLock"},"SourceContext":"Microsoft.EntityFrameworkCore.Migrations","Application":"MiniJira"}
2025-10-05 13:12:25.172 +02:00 [INF] No migrations were applied. The database is already up to date. {"EventId":{"Id":20405,"Name":"Microsoft.EntityFrameworkCore.Migrations.MigrationsNotApplied"},"SourceContext":"Microsoft.EntityFrameworkCore.Migrations","Application":"MiniJira"}
2025-10-05 13:12:25.176 +02:00 [INF] Database migrations applied successfully {"SourceContext":"Program","Application":"MiniJira"}
2025-10-05 13:12:25.368 +02:00 [INF] Now listening on: https://localhost:7105 {"EventId":{"Id":14,"Name":"ListeningOnAddress"},"SourceContext":"Microsoft.Hosting.Lifetime","Application":"MiniJira"}
2025-10-05 13:12:25.368 +02:00 [INF] Now listening on: http://localhost:5194 {"EventId":{"Id":14,"Name":"ListeningOnAddress"},"SourceContext":"Microsoft.Hosting.Lifetime","Application":"MiniJira"}
2025-10-05 13:12:25.368 +02:00 [INF] Application started. Press Ctrl+C to shut down. {"SourceContext":"Microsoft.Hosting.Lifetime","Application":"MiniJira"}
2025-10-05 13:12:25.369 +02:00 [INF] Hosting environment: Development {"SourceContext":"Microsoft.Hosting.Lifetime","Application":"MiniJira"}
2025-10-05 13:12:25.369 +02:00 [INF] Content root path: D:\KimiAi\MiniJira\MiniJira\MiniJira {"SourceContext":"Microsoft.Hosting.Lifetime","Application":"MiniJira"}
2025-10-05 13:12:37.009 +02:00 [INF] Retrieving all tasks {"SourceContext":"MiniJira.Services.TaskService","ActionId":"f6e2b8f6-1f40-47b5-b772-2be33f99eaf5","ActionName":"/_Host","RequestId":"0HNG400BIQ2MC:00000001","RequestPath":"/","ConnectionId":"0HNG400BIQ2MC","Application":"MiniJira"}
2025-10-05 13:12:37.536 +02:00 [INF] Retrieving all tasks {"SourceContext":"MiniJira.Services.TaskService","TransportConnectionId":"RLw7AgyKt8tnAIMQyxVZYQ","RequestId":"0HNG400BIQ2MC:0000000B","RequestPath":"/_blazor","ConnectionId":"0HNG400BIQ2MC","Application":"MiniJira"}
2025-10-05 13:14:17.345 +02:00 [INF] Applying database migrations... {"SourceContext":"Program","Application":"MiniJira"}
2025-10-05 13:14:17.768 +02:00 [WRN] The 'TaskPriority' property 'Priority' on entity type 'Task' is configured with a database-generated default, but has no configured sentinel value. The database-generated default will always be used for inserts when the property has the value 'Low', since this is the CLR default for the 'TaskPriority' type. Consider using a nullable type, using a nullable backing field, or setting the sentinel value for the property to ensure the database default is used when, and only when, appropriate. See https://aka.ms/efcore-docs-default-values for more information. {"EventId":{"Id":20601,"Name":"Microsoft.EntityFrameworkCore.Model.Validation.BoolWithDefaultWarning"},"SourceContext":"Microsoft.EntityFrameworkCore.Model.Validation","Application":"MiniJira"}
2025-10-05 13:14:17.950 +02:00 [INF] Acquiring an exclusive lock for migration application. See https://aka.ms/efcore-docs-migrations-lock for more information if this takes too long. {"EventId":{"Id":20411,"Name":"Microsoft.EntityFrameworkCore.Migrations.AcquiringMigrationLock"},"SourceContext":"Microsoft.EntityFrameworkCore.Migrations","Application":"MiniJira"}
2025-10-05 13:14:18.066 +02:00 [INF] No migrations were applied. The database is already up to date. {"EventId":{"Id":20405,"Name":"Microsoft.EntityFrameworkCore.Migrations.MigrationsNotApplied"},"SourceContext":"Microsoft.EntityFrameworkCore.Migrations","Application":"MiniJira"}
2025-10-05 13:14:18.077 +02:00 [INF] Database migrations applied successfully {"SourceContext":"Program","Application":"MiniJira"}
2025-10-05 13:14:18.493 +02:00 [INF] Now listening on: https://localhost:7105 {"EventId":{"Id":14,"Name":"ListeningOnAddress"},"SourceContext":"Microsoft.Hosting.Lifetime","Application":"MiniJira"}
2025-10-05 13:14:18.501 +02:00 [INF] Now listening on: http://localhost:5194 {"EventId":{"Id":14,"Name":"ListeningOnAddress"},"SourceContext":"Microsoft.Hosting.Lifetime","Application":"MiniJira"}
2025-10-05 13:14:18.560 +02:00 [INF] Application started. Press Ctrl+C to shut down. {"SourceContext":"Microsoft.Hosting.Lifetime","Application":"MiniJira"}
2025-10-05 13:14:18.564 +02:00 [INF] Hosting environment: Development {"SourceContext":"Microsoft.Hosting.Lifetime","Application":"MiniJira"}
2025-10-05 13:14:18.568 +02:00 [INF] Content root path: D:\KimiAi\MiniJira\MiniJira\MiniJira {"SourceContext":"Microsoft.Hosting.Lifetime","Application":"MiniJira"}
2025-10-05 13:14:19.270 +02:00 [INF] Retrieving all tasks {"SourceContext":"MiniJira.Services.TaskService","ActionId":"826dc2f2-eae5-4324-b18c-53d287a803b3","ActionName":"/_Host","RequestId":"0HNG4019SPTJD:00000001","RequestPath":"/","ConnectionId":"0HNG4019SPTJD","Application":"MiniJira"}
2025-10-05 13:14:20.000 +02:00 [INF] Retrieving all tasks {"SourceContext":"MiniJira.Services.TaskService","TransportConnectionId":"Q2xNCDtFW7y0FaM33MW48w","RequestId":"0HNG4019SPTJD:0000000F","RequestPath":"/_blazor","ConnectionId":"0HNG4019SPTJD","Application":"MiniJira"}
2025-10-05 13:15:22.765 +02:00 [INF] Retrieving all tasks {"SourceContext":"MiniJira.Services.TaskService","ActionId":"826dc2f2-eae5-4324-b18c-53d287a803b3","ActionName":"/_Host","RequestId":"0HNG4019SPTJE:00000001","RequestPath":"/","ConnectionId":"0HNG4019SPTJE","Application":"MiniJira"}
2025-10-05 13:15:22.931 +02:00 [INF] Retrieving all tasks {"SourceContext":"MiniJira.Services.TaskService","TransportConnectionId":"L7KMZpBEQ1FFWkZPxr-c3A","RequestId":"0HNG4019SPTJE:00000011","RequestPath":"/_blazor","ConnectionId":"0HNG4019SPTJE","Application":"MiniJira"}
2025-10-05 13:16:16.083 +02:00 [INF] Retrieving all tasks {"SourceContext":"MiniJira.Services.TaskService","ActionId":"826dc2f2-eae5-4324-b18c-53d287a803b3","ActionName":"/_Host","RequestId":"0HNG4019SPTJE:00000013","RequestPath":"/","ConnectionId":"0HNG4019SPTJE","Application":"MiniJira"}
2025-10-05 13:16:16.274 +02:00 [INF] Retrieving all tasks {"SourceContext":"MiniJira.Services.TaskService","TransportConnectionId":"QS6PKSkFNN5WqZyTg3KzuQ","RequestId":"0HNG4019SPTJE:00000023","RequestPath":"/_blazor","ConnectionId":"0HNG4019SPTJE","Application":"MiniJira"}
2025-10-05 13:18:00.003 +02:00 [INF] Applying database migrations... {"SourceContext":"Program","Application":"MiniJira"}
2025-10-05 13:18:00.529 +02:00 [WRN] The 'TaskPriority' property 'Priority' on entity type 'Task' is configured with a database-generated default, but has no configured sentinel value. The database-generated default will always be used for inserts when the property has the value 'Low', since this is the CLR default for the 'TaskPriority' type. Consider using a nullable type, using a nullable backing field, or setting the sentinel value for the property to ensure the database default is used when, and only when, appropriate. See https://aka.ms/efcore-docs-default-values for more information. {"EventId":{"Id":20601,"Name":"Microsoft.EntityFrameworkCore.Model.Validation.BoolWithDefaultWarning"},"SourceContext":"Microsoft.EntityFrameworkCore.Model.Validation","Application":"MiniJira"}
2025-10-05 13:18:00.810 +02:00 [INF] Acquiring an exclusive lock for migration application. See https://aka.ms/efcore-docs-migrations-lock for more information if this takes too long. {"EventId":{"Id":20411,"Name":"Microsoft.EntityFrameworkCore.Migrations.AcquiringMigrationLock"},"SourceContext":"Microsoft.EntityFrameworkCore.Migrations","Application":"MiniJira"}
2025-10-05 13:18:00.962 +02:00 [INF] No migrations were applied. The database is already up to date. {"EventId":{"Id":20405,"Name":"Microsoft.EntityFrameworkCore.Migrations.MigrationsNotApplied"},"SourceContext":"Microsoft.EntityFrameworkCore.Migrations","Application":"MiniJira"}
2025-10-05 13:18:00.967 +02:00 [INF] Database migrations applied successfully {"SourceContext":"Program","Application":"MiniJira"}
2025-10-05 13:18:01.252 +02:00 [INF] Now listening on: https://localhost:7105 {"EventId":{"Id":14,"Name":"ListeningOnAddress"},"SourceContext":"Microsoft.Hosting.Lifetime","Application":"MiniJira"}
2025-10-05 13:18:01.253 +02:00 [INF] Now listening on: http://localhost:5194 {"EventId":{"Id":14,"Name":"ListeningOnAddress"},"SourceContext":"Microsoft.Hosting.Lifetime","Application":"MiniJira"}
2025-10-05 13:18:01.253 +02:00 [INF] Application started. Press Ctrl+C to shut down. {"SourceContext":"Microsoft.Hosting.Lifetime","Application":"MiniJira"}
2025-10-05 13:18:01.254 +02:00 [INF] Hosting environment: Development {"SourceContext":"Microsoft.Hosting.Lifetime","Application":"MiniJira"}
2025-10-05 13:18:01.254 +02:00 [INF] Content root path: D:\KimiAi\MiniJira\MiniJira\MiniJira {"SourceContext":"Microsoft.Hosting.Lifetime","Application":"MiniJira"}
2025-10-05 13:18:14.647 +02:00 [INF] Retrieving all tasks {"SourceContext":"MiniJira.Services.TaskService","ActionId":"7681b14c-3872-41e4-bd5f-210184dab030","ActionName":"/_Host","RequestId":"0HNG403FUPHQ2:00000005","RequestPath":"/","ConnectionId":"0HNG403FUPHQ2","Application":"MiniJira"}
2025-10-05 13:18:15.092 +02:00 [INF] Retrieving all tasks {"SourceContext":"MiniJira.Services.TaskService","TransportConnectionId":"bFHtd1w6uzT34e87TGfeUg","RequestId":"0HNG403FUPHQ2:00000013","RequestPath":"/_blazor","ConnectionId":"0HNG403FUPHQ2","Application":"MiniJira"}
2025-10-05 13:19:26.347 +02:00 [INF] Applying database migrations... {"SourceContext":"Program","Application":"MiniJira"}
2025-10-05 13:19:26.877 +02:00 [WRN] The 'TaskPriority' property 'Priority' on entity type 'Task' is configured with a database-generated default, but has no configured sentinel value. The database-generated default will always be used for inserts when the property has the value 'Low', since this is the CLR default for the 'TaskPriority' type. Consider using a nullable type, using a nullable backing field, or setting the sentinel value for the property to ensure the database default is used when, and only when, appropriate. See https://aka.ms/efcore-docs-default-values for more information. {"EventId":{"Id":20601,"Name":"Microsoft.EntityFrameworkCore.Model.Validation.BoolWithDefaultWarning"},"SourceContext":"Microsoft.EntityFrameworkCore.Model.Validation","Application":"MiniJira"}
2025-10-05 13:19:27.066 +02:00 [INF] Acquiring an exclusive lock for migration application. See https://aka.ms/efcore-docs-migrations-lock for more information if this takes too long. {"EventId":{"Id":20411,"Name":"Microsoft.EntityFrameworkCore.Migrations.AcquiringMigrationLock"},"SourceContext":"Microsoft.EntityFrameworkCore.Migrations","Application":"MiniJira"}
2025-10-05 13:19:27.165 +02:00 [INF] No migrations were applied. The database is already up to date. {"EventId":{"Id":20405,"Name":"Microsoft.EntityFrameworkCore.Migrations.MigrationsNotApplied"},"SourceContext":"Microsoft.EntityFrameworkCore.Migrations","Application":"MiniJira"}
2025-10-05 13:19:27.176 +02:00 [INF] Database migrations applied successfully {"SourceContext":"Program","Application":"MiniJira"}
2025-10-05 13:19:27.609 +02:00 [INF] Now listening on: https://localhost:7105 {"EventId":{"Id":14,"Name":"ListeningOnAddress"},"SourceContext":"Microsoft.Hosting.Lifetime","Application":"MiniJira"}
2025-10-05 13:19:27.615 +02:00 [INF] Now listening on: http://localhost:5194 {"EventId":{"Id":14,"Name":"ListeningOnAddress"},"SourceContext":"Microsoft.Hosting.Lifetime","Application":"MiniJira"}
2025-10-05 13:19:27.680 +02:00 [INF] Application started. Press Ctrl+C to shut down. {"SourceContext":"Microsoft.Hosting.Lifetime","Application":"MiniJira"}
2025-10-05 13:19:27.684 +02:00 [INF] Hosting environment: Development {"SourceContext":"Microsoft.Hosting.Lifetime","Application":"MiniJira"}
2025-10-05 13:19:27.688 +02:00 [INF] Content root path: D:\KimiAi\MiniJira\MiniJira\MiniJira {"SourceContext":"Microsoft.Hosting.Lifetime","Application":"MiniJira"}
2025-10-05 13:19:28.642 +02:00 [INF] Retrieving all tasks {"SourceContext":"MiniJira.Services.TaskService","ActionId":"6b7fcb25-f554-44c0-8191-ad0cdb352b86","ActionName":"/_Host","RequestId":"0HNG40463CQ8O:00000001","RequestPath":"/","ConnectionId":"0HNG40463CQ8O","Application":"MiniJira"}
2025-10-05 13:19:29.353 +02:00 [INF] Retrieving all tasks {"SourceContext":"MiniJira.Services.TaskService","TransportConnectionId":"Tde7CTN4j9f5KKyf4VGLtw","RequestId":"0HNG40463CQ8O:00000013","RequestPath":"/_blazor","ConnectionId":"0HNG40463CQ8O","Application":"MiniJira"}
2025-10-05 13:21:07.842 +02:00 [INF] Retrieving task with ID "114053c3-52b3-46c7-8bc1-a05ec3f635fa" {"SourceContext":"MiniJira.Services.TaskService","TransportConnectionId":"Tde7CTN4j9f5KKyf4VGLtw","RequestId":"0HNG40463CQ8O:00000013","RequestPath":"/_blazor","ConnectionId":"0HNG40463CQ8O","Application":"MiniJira"}
2025-10-05 13:21:18.780 +02:00 [INF] Retrieving all tasks {"SourceContext":"MiniJira.Services.TaskService","TransportConnectionId":"Tde7CTN4j9f5KKyf4VGLtw","RequestId":"0HNG40463CQ8O:00000013","RequestPath":"/_blazor","ConnectionId":"0HNG40463CQ8O","Application":"MiniJira"}
2025-10-05 13:21:32.679 +02:00 [INF] Retrieving task with ID "114053c3-52b3-46c7-8bc1-a05ec3f635fa" {"SourceContext":"MiniJira.Services.TaskService","TransportConnectionId":"Tde7CTN4j9f5KKyf4VGLtw","RequestId":"0HNG40463CQ8O:00000013","RequestPath":"/_blazor","ConnectionId":"0HNG40463CQ8O","Application":"MiniJira"}
2025-10-05 13:22:46.434 +02:00 [INF] Retrieving task with ID "114053c3-52b3-46c7-8bc1-a05ec3f635fa" {"SourceContext":"MiniJira.Services.TaskService","ActionId":"6b7fcb25-f554-44c0-8191-ad0cdb352b86","ActionName":"/_Host","RequestId":"0HNG40463CQ8O:00000015","RequestPath":"/task/114053c3-52b3-46c7-8bc1-a05ec3f635fa","ConnectionId":"0HNG40463CQ8O","Application":"MiniJira"}
2025-10-05 13:22:46.611 +02:00 [INF] Retrieving task with ID "114053c3-52b3-46c7-8bc1-a05ec3f635fa" {"SourceContext":"MiniJira.Services.TaskService","TransportConnectionId":"g5dnmR8_jywW3TxWSt-5bg","RequestId":"0HNG40463CQ8O:00000027","RequestPath":"/_blazor","ConnectionId":"0HNG40463CQ8O","Application":"MiniJira"}
2025-10-05 13:28:02.998 +02:00 [INF] Applying database migrations... {"SourceContext":"Program","Application":"MiniJira"}
2025-10-05 13:28:03.452 +02:00 [WRN] The 'TaskPriority' property 'Priority' on entity type 'Task' is configured with a database-generated default, but has no configured sentinel value. The database-generated default will always be used for inserts when the property has the value 'Low', since this is the CLR default for the 'TaskPriority' type. Consider using a nullable type, using a nullable backing field, or setting the sentinel value for the property to ensure the database default is used when, and only when, appropriate. See https://aka.ms/efcore-docs-default-values for more information. {"EventId":{"Id":20601,"Name":"Microsoft.EntityFrameworkCore.Model.Validation.BoolWithDefaultWarning"},"SourceContext":"Microsoft.EntityFrameworkCore.Model.Validation","Application":"MiniJira"}
2025-10-05 13:28:03.647 +02:00 [INF] Acquiring an exclusive lock for migration application. See https://aka.ms/efcore-docs-migrations-lock for more information if this takes too long. {"EventId":{"Id":20411,"Name":"Microsoft.EntityFrameworkCore.Migrations.AcquiringMigrationLock"},"SourceContext":"Microsoft.EntityFrameworkCore.Migrations","Application":"MiniJira"}
2025-10-05 13:28:03.772 +02:00 [INF] No migrations were applied. The database is already up to date. {"EventId":{"Id":20405,"Name":"Microsoft.EntityFrameworkCore.Migrations.MigrationsNotApplied"},"SourceContext":"Microsoft.EntityFrameworkCore.Migrations","Application":"MiniJira"}
2025-10-05 13:28:03.792 +02:00 [INF] Database migrations applied successfully {"SourceContext":"Program","Application":"MiniJira"}
2025-10-05 13:28:04.093 +02:00 [INF] Now listening on: https://localhost:7105 {"EventId":{"Id":14,"Name":"ListeningOnAddress"},"SourceContext":"Microsoft.Hosting.Lifetime","Application":"MiniJira"}
2025-10-05 13:28:04.094 +02:00 [INF] Now listening on: http://localhost:5194 {"EventId":{"Id":14,"Name":"ListeningOnAddress"},"SourceContext":"Microsoft.Hosting.Lifetime","Application":"MiniJira"}
2025-10-05 13:28:04.094 +02:00 [INF] Application started. Press Ctrl+C to shut down. {"SourceContext":"Microsoft.Hosting.Lifetime","Application":"MiniJira"}
2025-10-05 13:28:04.095 +02:00 [INF] Hosting environment: Development {"SourceContext":"Microsoft.Hosting.Lifetime","Application":"MiniJira"}
2025-10-05 13:28:04.095 +02:00 [INF] Content root path: D:\KimiAi\MiniJira\MiniJira\MiniJira {"SourceContext":"Microsoft.Hosting.Lifetime","Application":"MiniJira"}
2025-10-05 13:30:27.234 +02:00 [INF] Applying database migrations... {"SourceContext":"Program","Application":"MiniJira"}
2025-10-05 13:30:27.638 +02:00 [WRN] The 'TaskPriority' property 'Priority' on entity type 'Task' is configured with a database-generated default, but has no configured sentinel value. The database-generated default will always be used for inserts when the property has the value 'Low', since this is the CLR default for the 'TaskPriority' type. Consider using a nullable type, using a nullable backing field, or setting the sentinel value for the property to ensure the database default is used when, and only when, appropriate. See https://aka.ms/efcore-docs-default-values for more information. {"EventId":{"Id":20601,"Name":"Microsoft.EntityFrameworkCore.Model.Validation.BoolWithDefaultWarning"},"SourceContext":"Microsoft.EntityFrameworkCore.Model.Validation","Application":"MiniJira"}
2025-10-05 13:30:27.809 +02:00 [INF] Acquiring an exclusive lock for migration application. See https://aka.ms/efcore-docs-migrations-lock for more information if this takes too long. {"EventId":{"Id":20411,"Name":"Microsoft.EntityFrameworkCore.Migrations.AcquiringMigrationLock"},"SourceContext":"Microsoft.EntityFrameworkCore.Migrations","Application":"MiniJira"}
2025-10-05 13:30:27.928 +02:00 [INF] No migrations were applied. The database is already up to date. {"EventId":{"Id":20405,"Name":"Microsoft.EntityFrameworkCore.Migrations.MigrationsNotApplied"},"SourceContext":"Microsoft.EntityFrameworkCore.Migrations","Application":"MiniJira"}
2025-10-05 13:30:27.933 +02:00 [INF] Database migrations applied successfully {"SourceContext":"Program","Application":"MiniJira"}
2025-10-05 13:30:28.191 +02:00 [INF] Now listening on: https://localhost:7105 {"EventId":{"Id":14,"Name":"ListeningOnAddress"},"SourceContext":"Microsoft.Hosting.Lifetime","Application":"MiniJira"}
2025-10-05 13:30:28.192 +02:00 [INF] Now listening on: http://localhost:5194 {"EventId":{"Id":14,"Name":"ListeningOnAddress"},"SourceContext":"Microsoft.Hosting.Lifetime","Application":"MiniJira"}
2025-10-05 13:30:28.192 +02:00 [INF] Application started. Press Ctrl+C to shut down. {"SourceContext":"Microsoft.Hosting.Lifetime","Application":"MiniJira"}
2025-10-05 13:30:28.192 +02:00 [INF] Hosting environment: Development {"SourceContext":"Microsoft.Hosting.Lifetime","Application":"MiniJira"}
2025-10-05 13:30:28.192 +02:00 [INF] Content root path: D:\KimiAi\MiniJira\MiniJira\MiniJira {"SourceContext":"Microsoft.Hosting.Lifetime","Application":"MiniJira"}
2025-10-05 13:30:37.561 +02:00 [INF] Retrieving all tasks {"SourceContext":"MiniJira.Services.TaskService","ActionId":"760625ca-d76e-4fd7-b6ce-7fc028342994","ActionName":"/_Host","RequestId":"0HNG40ADJK4P6:00000001","RequestPath":"/","ConnectionId":"0HNG40ADJK4P6","Application":"MiniJira"}
2025-10-05 13:30:38.105 +02:00 [INF] Retrieving all tasks {"SourceContext":"MiniJira.Services.TaskService","TransportConnectionId":"USB1Z9f1GP5LaTGnCfDeVw","RequestId":"0HNG40ADJK4P6:00000015","RequestPath":"/_blazor","ConnectionId":"0HNG40ADJK4P6","Application":"MiniJira"}
2025-10-05 13:31:07.985 +02:00 [INF] Updating status for task "114053c3-52b3-46c7-8bc1-a05ec3f635fa" to "InProgress" {"SourceContext":"MiniJira.Services.TaskService","TransportConnectionId":"USB1Z9f1GP5LaTGnCfDeVw","RequestId":"0HNG40ADJK4P6:00000015","RequestPath":"/_blazor","ConnectionId":"0HNG40ADJK4P6","Application":"MiniJira"}
2025-10-05 13:31:08.186 +02:00 [INF] Task "114053c3-52b3-46c7-8bc1-a05ec3f635fa" status updated successfully to "InProgress" {"SourceContext":"MiniJira.Services.TaskService","TransportConnectionId":"USB1Z9f1GP5LaTGnCfDeVw","RequestId":"0HNG40ADJK4P6:00000015","RequestPath":"/_blazor","ConnectionId":"0HNG40ADJK4P6","Application":"MiniJira"}
2025-10-05 13:34:16.863 +02:00 [INF] Applying database migrations... {"SourceContext":"Program","Application":"MiniJira"}
2025-10-05 13:34:17.392 +02:00 [WRN] The 'TaskPriority' property 'Priority' on entity type 'Task' is configured with a database-generated default, but has no configured sentinel value. The database-generated default will always be used for inserts when the property has the value 'Low', since this is the CLR default for the 'TaskPriority' type. Consider using a nullable type, using a nullable backing field, or setting the sentinel value for the property to ensure the database default is used when, and only when, appropriate. See https://aka.ms/efcore-docs-default-values for more information. {"EventId":{"Id":20601,"Name":"Microsoft.EntityFrameworkCore.Model.Validation.BoolWithDefaultWarning"},"SourceContext":"Microsoft.EntityFrameworkCore.Model.Validation","Application":"MiniJira"}
2025-10-05 13:34:17.564 +02:00 [INF] Acquiring an exclusive lock for migration application. See https://aka.ms/efcore-docs-migrations-lock for more information if this takes too long. {"EventId":{"Id":20411,"Name":"Microsoft.EntityFrameworkCore.Migrations.AcquiringMigrationLock"},"SourceContext":"Microsoft.EntityFrameworkCore.Migrations","Application":"MiniJira"}
2025-10-05 13:34:17.683 +02:00 [INF] No migrations were applied. The database is already up to date. {"EventId":{"Id":20405,"Name":"Microsoft.EntityFrameworkCore.Migrations.MigrationsNotApplied"},"SourceContext":"Microsoft.EntityFrameworkCore.Migrations","Application":"MiniJira"}
2025-10-05 13:34:17.692 +02:00 [INF] Database migrations applied successfully {"SourceContext":"Program","Application":"MiniJira"}
2025-10-05 13:34:18.162 +02:00 [INF] Now listening on: https://localhost:7105 {"EventId":{"Id":14,"Name":"ListeningOnAddress"},"SourceContext":"Microsoft.Hosting.Lifetime","Application":"MiniJira"}
2025-10-05 13:34:18.170 +02:00 [INF] Now listening on: http://localhost:5194 {"EventId":{"Id":14,"Name":"ListeningOnAddress"},"SourceContext":"Microsoft.Hosting.Lifetime","Application":"MiniJira"}
2025-10-05 13:34:18.242 +02:00 [INF] Application started. Press Ctrl+C to shut down. {"SourceContext":"Microsoft.Hosting.Lifetime","Application":"MiniJira"}
2025-10-05 13:34:18.247 +02:00 [INF] Hosting environment: Development {"SourceContext":"Microsoft.Hosting.Lifetime","Application":"MiniJira"}
2025-10-05 13:34:18.250 +02:00 [INF] Content root path: D:\KimiAi\MiniJira\MiniJira\MiniJira {"SourceContext":"Microsoft.Hosting.Lifetime","Application":"MiniJira"}
2025-10-05 13:34:19.126 +02:00 [INF] Retrieving all tasks {"SourceContext":"MiniJira.Services.TaskService","ActionId":"daa90c4b-effe-4f56-822b-49cc2dca9166","ActionName":"/_Host","RequestId":"0HNG40CFEMKI4:00000001","RequestPath":"/","ConnectionId":"0HNG40CFEMKI4","Application":"MiniJira"}
2025-10-05 13:34:19.941 +02:00 [INF] Retrieving all tasks {"SourceContext":"MiniJira.Services.TaskService","TransportConnectionId":"ILWPr4zt6kkH0fT83t8c_g","RequestId":"0HNG40CFEMKI4:00000017","RequestPath":"/_blazor","ConnectionId":"0HNG40CFEMKI4","Application":"MiniJira"}
2025-10-05 13:34:35.919 +02:00 [INF] Updating status for task "114053c3-52b3-46c7-8bc1-a05ec3f635fa" to "ToDo" {"SourceContext":"MiniJira.Services.TaskService","TransportConnectionId":"ILWPr4zt6kkH0fT83t8c_g","RequestId":"0HNG40CFEMKI4:00000017","RequestPath":"/_blazor","ConnectionId":"0HNG40CFEMKI4","Application":"MiniJira"}
2025-10-05 13:34:36.126 +02:00 [INF] Task "114053c3-52b3-46c7-8bc1-a05ec3f635fa" status updated successfully to "ToDo" {"SourceContext":"MiniJira.Services.TaskService","TransportConnectionId":"ILWPr4zt6kkH0fT83t8c_g","RequestId":"0HNG40CFEMKI4:00000017","RequestPath":"/_blazor","ConnectionId":"0HNG40CFEMKI4","Application":"MiniJira"}
2025-10-05 13:34:37.668 +02:00 [INF] Updating status for task "1b727d35-f4ff-4332-adff-90c224f2e49a" to "InProgress" {"SourceContext":"MiniJira.Services.TaskService","TransportConnectionId":"ILWPr4zt6kkH0fT83t8c_g","RequestId":"0HNG40CFEMKI4:00000017","RequestPath":"/_blazor","ConnectionId":"0HNG40CFEMKI4","Application":"MiniJira"}
2025-10-05 13:34:37.683 +02:00 [INF] Task "1b727d35-f4ff-4332-adff-90c224f2e49a" status updated successfully to "InProgress" {"SourceContext":"MiniJira.Services.TaskService","TransportConnectionId":"ILWPr4zt6kkH0fT83t8c_g","RequestId":"0HNG40CFEMKI4:00000017","RequestPath":"/_blazor","ConnectionId":"0HNG40CFEMKI4","Application":"MiniJira"}
2025-10-05 13:34:39.112 +02:00 [INF] Updating status for task "1b727d35-f4ff-4332-adff-90c224f2e49a" to "ToDo" {"SourceContext":"MiniJira.Services.TaskService","TransportConnectionId":"ILWPr4zt6kkH0fT83t8c_g","RequestId":"0HNG40CFEMKI4:00000017","RequestPath":"/_blazor","ConnectionId":"0HNG40CFEMKI4","Application":"MiniJira"}
2025-10-05 13:34:39.123 +02:00 [INF] Task "1b727d35-f4ff-4332-adff-90c224f2e49a" status updated successfully to "ToDo" {"SourceContext":"MiniJira.Services.TaskService","TransportConnectionId":"ILWPr4zt6kkH0fT83t8c_g","RequestId":"0HNG40CFEMKI4:00000017","RequestPath":"/_blazor","ConnectionId":"0HNG40CFEMKI4","Application":"MiniJira"}
2025-10-05 13:34:40.718 +02:00 [INF] Updating status for task "114053c3-52b3-46c7-8bc1-a05ec3f635fa" to "InProgress" {"SourceContext":"MiniJira.Services.TaskService","TransportConnectionId":"ILWPr4zt6kkH0fT83t8c_g","RequestId":"0HNG40CFEMKI4:00000017","RequestPath":"/_blazor","ConnectionId":"0HNG40CFEMKI4","Application":"MiniJira"}
2025-10-05 13:34:40.729 +02:00 [INF] Task "114053c3-52b3-46c7-8bc1-a05ec3f635fa" status updated successfully to "InProgress" {"SourceContext":"MiniJira.Services.TaskService","TransportConnectionId":"ILWPr4zt6kkH0fT83t8c_g","RequestId":"0HNG40CFEMKI4:00000017","RequestPath":"/_blazor","ConnectionId":"0HNG40CFEMKI4","Application":"MiniJira"}
2025-10-05 13:38:49.021 +02:00 [INF] Updating status for task "114053c3-52b3-46c7-8bc1-a05ec3f635fa" to "ToDo" {"SourceContext":"MiniJira.Services.TaskService","TransportConnectionId":"ILWPr4zt6kkH0fT83t8c_g","RequestId":"0HNG40CFEMKI4:00000017","RequestPath":"/_blazor","ConnectionId":"0HNG40CFEMKI4","Application":"MiniJira"}
2025-10-05 13:38:49.039 +02:00 [INF] Task "114053c3-52b3-46c7-8bc1-a05ec3f635fa" status updated successfully to "ToDo" {"SourceContext":"MiniJira.Services.TaskService","TransportConnectionId":"ILWPr4zt6kkH0fT83t8c_g","RequestId":"0HNG40CFEMKI4:00000017","RequestPath":"/_blazor","ConnectionId":"0HNG40CFEMKI4","Application":"MiniJira"}
2025-10-05 13:38:50.661 +02:00 [INF] Updating status for task "1b727d35-f4ff-4332-adff-90c224f2e49a" to "InProgress" {"SourceContext":"MiniJira.Services.TaskService","TransportConnectionId":"ILWPr4zt6kkH0fT83t8c_g","RequestId":"0HNG40CFEMKI4:00000017","RequestPath":"/_blazor","ConnectionId":"0HNG40CFEMKI4","Application":"MiniJira"}
2025-10-05 13:38:50.671 +02:00 [INF] Task "1b727d35-f4ff-4332-adff-90c224f2e49a" status updated successfully to "InProgress" {"SourceContext":"MiniJira.Services.TaskService","TransportConnectionId":"ILWPr4zt6kkH0fT83t8c_g","RequestId":"0HNG40CFEMKI4:00000017","RequestPath":"/_blazor","ConnectionId":"0HNG40CFEMKI4","Application":"MiniJira"}
2025-10-05 13:42:10.970 +02:00 [INF] Applying database migrations... {"SourceContext":"Program","Application":"MiniJira"}
2025-10-05 13:42:11.343 +02:00 [WRN] The 'TaskPriority' property 'Priority' on entity type 'Task' is configured with a database-generated default, but has no configured sentinel value. The database-generated default will always be used for inserts when the property has the value 'Low', since this is the CLR default for the 'TaskPriority' type. Consider using a nullable type, using a nullable backing field, or setting the sentinel value for the property to ensure the database default is used when, and only when, appropriate. See https://aka.ms/efcore-docs-default-values for more information. {"EventId":{"Id":20601,"Name":"Microsoft.EntityFrameworkCore.Model.Validation.BoolWithDefaultWarning"},"SourceContext":"Microsoft.EntityFrameworkCore.Model.Validation","Application":"MiniJira"}
2025-10-05 13:42:11.526 +02:00 [INF] Acquiring an exclusive lock for migration application. See https://aka.ms/efcore-docs-migrations-lock for more information if this takes too long. {"EventId":{"Id":20411,"Name":"Microsoft.EntityFrameworkCore.Migrations.AcquiringMigrationLock"},"SourceContext":"Microsoft.EntityFrameworkCore.Migrations","Application":"MiniJira"}
2025-10-05 13:42:11.624 +02:00 [INF] No migrations were applied. The database is already up to date. {"EventId":{"Id":20405,"Name":"Microsoft.EntityFrameworkCore.Migrations.MigrationsNotApplied"},"SourceContext":"Microsoft.EntityFrameworkCore.Migrations","Application":"MiniJira"}
2025-10-05 13:42:11.630 +02:00 [INF] Database migrations applied successfully {"SourceContext":"Program","Application":"MiniJira"}
2025-10-05 13:42:11.895 +02:00 [INF] Now listening on: https://localhost:7105 {"EventId":{"Id":14,"Name":"ListeningOnAddress"},"SourceContext":"Microsoft.Hosting.Lifetime","Application":"MiniJira"}
2025-10-05 13:42:11.896 +02:00 [INF] Now listening on: http://localhost:5194 {"EventId":{"Id":14,"Name":"ListeningOnAddress"},"SourceContext":"Microsoft.Hosting.Lifetime","Application":"MiniJira"}
2025-10-05 13:42:11.896 +02:00 [INF] Application started. Press Ctrl+C to shut down. {"SourceContext":"Microsoft.Hosting.Lifetime","Application":"MiniJira"}
2025-10-05 13:42:11.897 +02:00 [INF] Hosting environment: Development {"SourceContext":"Microsoft.Hosting.Lifetime","Application":"MiniJira"}
2025-10-05 13:42:11.897 +02:00 [INF] Content root path: D:\KimiAi\MiniJira\MiniJira\MiniJira {"SourceContext":"Microsoft.Hosting.Lifetime","Application":"MiniJira"}
2025-10-05 13:42:40.262 +02:00 [INF] Retrieving all tasks {"SourceContext":"MiniJira.Services.TaskService","ActionId":"70cc8596-2e6a-4f30-91c5-5e29b1decf50","ActionName":"/_Host","RequestId":"0HNG40H4O421J:00000001","RequestPath":"/","ConnectionId":"0HNG40H4O421J","Application":"MiniJira"}
2025-10-05 13:42:41.409 +02:00 [INF] Retrieving all tasks {"SourceContext":"MiniJira.Services.TaskService","TransportConnectionId":"u8T_OUK-uJENsX_UkLYz1Q","RequestId":"0HNG40H4O421J:00000013","RequestPath":"/_blazor","ConnectionId":"0HNG40H4O421J","Application":"MiniJira"}
2025-10-05 13:42:48.353 +02:00 [WRN] Unhandled exception rendering component: JavaScript interop calls cannot be issued at this time. This is because the circuit has disconnected and is being disposed. {"EventId":{"Id":100,"Name":"ExceptionRenderingComponent"},"SourceContext":"Microsoft.AspNetCore.Components.Server.Circuits.RemoteRenderer","RequestId":"0HNG40H4O421J:00000015","RequestPath":"/_blazor/disconnect","ConnectionId":"0HNG40H4O421J","Application":"MiniJira"}
Microsoft.JSInterop.JSDisconnectedException: JavaScript interop calls cannot be issued at this time. This is because the circuit has disconnected and is being disposed.
   at Microsoft.AspNetCore.Components.Server.Circuits.RemoteJSRuntime.BeginInvokeJS(Int64 asyncHandle, String identifier, String argsJson, JSCallResultType resultType, Int64 targetInstanceId)
   at Microsoft.JSInterop.JSRuntime.InvokeAsync[TValue](Int64 targetInstanceId, String identifier, CancellationToken cancellationToken, Object[] args)
   at Microsoft.JSInterop.JSRuntime.InvokeAsync[TValue](Int64 targetInstanceId, String identifier, Object[] args)
   at Microsoft.JSInterop.JSRuntimeExtensions.InvokeVoidAsync(IJSRuntime jsRuntime, String identifier, Object[] args)
   at MiniJira.Components.Pages.Index.DisposeAsync() in D:\KimiAi\MiniJira\MiniJira\MiniJira\Components\Pages\Index.razor:line 295
   at Microsoft.AspNetCore.Components.RenderTree.Renderer.<>c__DisplayClass85_0.<<Dispose>g__HandleAsyncExceptions|1>d.MoveNext()
2025-10-05 13:42:48.391 +02:00 [ERR] Unhandled exception in circuit '8AQ2g32FjwBPT08MxJmqKxek_qZ19VKkJG-_hcsBQAI'. {"EventId":{"Id":111,"Name":"CircuitUnhandledException"},"SourceContext":"Microsoft.AspNetCore.Components.Server.Circuits.CircuitHost","RequestId":"0HNG40H4O421J:00000015","RequestPath":"/_blazor/disconnect","ConnectionId":"0HNG40H4O421J","Application":"MiniJira"}
Microsoft.JSInterop.JSDisconnectedException: JavaScript interop calls cannot be issued at this time. This is because the circuit has disconnected and is being disposed.
   at Microsoft.AspNetCore.Components.Server.Circuits.RemoteJSRuntime.BeginInvokeJS(Int64 asyncHandle, String identifier, String argsJson, JSCallResultType resultType, Int64 targetInstanceId)
   at Microsoft.JSInterop.JSRuntime.InvokeAsync[TValue](Int64 targetInstanceId, String identifier, CancellationToken cancellationToken, Object[] args)
   at Microsoft.JSInterop.JSRuntime.InvokeAsync[TValue](Int64 targetInstanceId, String identifier, Object[] args)
   at Microsoft.JSInterop.JSRuntimeExtensions.InvokeVoidAsync(IJSRuntime jsRuntime, String identifier, Object[] args)
   at MiniJira.Components.Pages.Index.DisposeAsync() in D:\KimiAi\MiniJira\MiniJira\MiniJira\Components\Pages\Index.razor:line 295
   at Microsoft.AspNetCore.Components.RenderTree.Renderer.<>c__DisplayClass85_0.<<Dispose>g__HandleAsyncExceptions|1>d.MoveNext()
