2025-10-17 00:01:53.257 +02:00 [INF] Applying database migrations... {"SourceContext":"Program","Application":"MiniJira"}
2025-10-17 00:01:53.919 +02:00 [WRN] The 'TaskPriority' property 'Priority' on entity type 'Task' is configured with a database-generated default, but has no configured sentinel value. The database-generated default will always be used for inserts when the property has the value 'Low', since this is the CLR default for the 'TaskPriority' type. Consider using a nullable type, using a nullable backing field, or setting the sentinel value for the property to ensure the database default is used when, and only when, appropriate. See https://aka.ms/efcore-docs-default-values for more information. {"EventId":{"Id":20601,"Name":"Microsoft.EntityFrameworkCore.Model.Validation.BoolWithDefaultWarning"},"SourceContext":"Microsoft.EntityFrameworkCore.Model.Validation","Application":"MiniJira"}
2025-10-17 00:01:54.146 +02:00 [INF] Acquiring an exclusive lock for migration application. See https://aka.ms/efcore-docs-migrations-lock for more information if this takes too long. {"EventId":{"Id":20411,"Name":"Microsoft.EntityFrameworkCore.Migrations.AcquiringMigrationLock"},"SourceContext":"Microsoft.EntityFrameworkCore.Migrations","Application":"MiniJira"}
2025-10-17 00:01:54.273 +02:00 [INF] No migrations were applied. The database is already up to date. {"EventId":{"Id":20405,"Name":"Microsoft.EntityFrameworkCore.Migrations.MigrationsNotApplied"},"SourceContext":"Microsoft.EntityFrameworkCore.Migrations","Application":"MiniJira"}
2025-10-17 00:01:54.283 +02:00 [INF] Database migrations applied successfully {"SourceContext":"Program","Application":"MiniJira"}
2025-10-17 00:01:54.810 +02:00 [INF] Now listening on: https://localhost:7105 {"EventId":{"Id":14,"Name":"ListeningOnAddress"},"SourceContext":"Microsoft.Hosting.Lifetime","Application":"MiniJira"}
2025-10-17 00:01:54.817 +02:00 [INF] Now listening on: http://localhost:5194 {"EventId":{"Id":14,"Name":"ListeningOnAddress"},"SourceContext":"Microsoft.Hosting.Lifetime","Application":"MiniJira"}
2025-10-17 00:01:54.897 +02:00 [INF] Application started. Press Ctrl+C to shut down. {"SourceContext":"Microsoft.Hosting.Lifetime","Application":"MiniJira"}
2025-10-17 00:01:54.901 +02:00 [INF] Hosting environment: Development {"SourceContext":"Microsoft.Hosting.Lifetime","Application":"MiniJira"}
2025-10-17 00:01:54.904 +02:00 [INF] Content root path: D:\KimiAi\MiniJira\MiniJira\MiniJira {"SourceContext":"Microsoft.Hosting.Lifetime","Application":"MiniJira"}
2025-10-17 00:01:55.905 +02:00 [WRN] Unable to contact VS to retrieve Browser Link script tag. {"EventId":{"Id":5,"Name":"FailedToGetBrowserLinkScriptTag"},"SourceContext":"Microsoft.WebTools.BrowserLink.Net.BrowserLinkMiddleware","RequestId":"0HNGCVUF9HTUF:00000001","RequestPath":"/","ConnectionId":"0HNGCVUF9HTUF","Application":"MiniJira"}
2025-10-17 00:02:25.373 +02:00 [INF] Retrieving all columns for culture hr-HR {"SourceContext":"MiniJira.Services.ColumnService","TransportConnectionId":"VHt6D0tmRjKtb_Ia97c2lQ","RequestId":"0HNGCVUF9HTUF:0000000F","RequestPath":"/_blazor","ConnectionId":"0HNGCVUF9HTUF","Application":"MiniJira"}
2025-10-17 00:02:26.090 +02:00 [WRN] Compiling a query which loads related collections for more than one collection navigation, either via 'Include' or through projection, but no 'QuerySplittingBehavior' has been configured. By default, Entity Framework will use 'QuerySplittingBehavior.SingleQuery', which can potentially result in slow query performance. See https://go.microsoft.com/fwlink/?linkid=2134277 for more information. To identify the query that's triggering this warning call 'ConfigureWarnings(w => w.Throw(RelationalEventId.MultipleCollectionIncludeWarning))'. {"EventId":{"Id":20504,"Name":"Microsoft.EntityFrameworkCore.Query.MultipleCollectionIncludeWarning"},"SourceContext":"Microsoft.EntityFrameworkCore.Query","TransportConnectionId":"VHt6D0tmRjKtb_Ia97c2lQ","RequestId":"0HNGCVUF9HTUF:0000000F","RequestPath":"/_blazor","ConnectionId":"0HNGCVUF9HTUF","Application":"MiniJira"}
2025-10-17 00:02:26.262 +02:00 [INF] Retrieving all tasks {"SourceContext":"MiniJira.Services.TaskService","TransportConnectionId":"VHt6D0tmRjKtb_Ia97c2lQ","RequestId":"0HNGCVUF9HTUF:0000000F","RequestPath":"/_blazor","ConnectionId":"0HNGCVUF9HTUF","Application":"MiniJira"}
2025-10-17 00:02:38.844 +02:00 [INF] Retrieving all columns for culture hr-HR {"SourceContext":"MiniJira.Services.ColumnService","TransportConnectionId":"VHt6D0tmRjKtb_Ia97c2lQ","RequestId":"0HNGCVUF9HTUF:0000000F","RequestPath":"/_blazor","ConnectionId":"0HNGCVUF9HTUF","Application":"MiniJira"}
2025-10-17 00:02:38.866 +02:00 [INF] Retrieving all tasks {"SourceContext":"MiniJira.Services.TaskService","TransportConnectionId":"VHt6D0tmRjKtb_Ia97c2lQ","RequestId":"0HNGCVUF9HTUF:0000000F","RequestPath":"/_blazor","ConnectionId":"0HNGCVUF9HTUF","Application":"MiniJira"}
2025-10-17 00:14:50.393 +02:00 [INF] Applying database migrations... {"SourceContext":"Program","Application":"MiniJira"}
2025-10-17 00:14:51.147 +02:00 [WRN] The 'TaskPriority' property 'Priority' on entity type 'Task' is configured with a database-generated default, but has no configured sentinel value. The database-generated default will always be used for inserts when the property has the value 'Low', since this is the CLR default for the 'TaskPriority' type. Consider using a nullable type, using a nullable backing field, or setting the sentinel value for the property to ensure the database default is used when, and only when, appropriate. See https://aka.ms/efcore-docs-default-values for more information. {"EventId":{"Id":20601,"Name":"Microsoft.EntityFrameworkCore.Model.Validation.BoolWithDefaultWarning"},"SourceContext":"Microsoft.EntityFrameworkCore.Model.Validation","Application":"MiniJira"}
2025-10-17 00:14:51.414 +02:00 [INF] Acquiring an exclusive lock for migration application. See https://aka.ms/efcore-docs-migrations-lock for more information if this takes too long. {"EventId":{"Id":20411,"Name":"Microsoft.EntityFrameworkCore.Migrations.AcquiringMigrationLock"},"SourceContext":"Microsoft.EntityFrameworkCore.Migrations","Application":"MiniJira"}
2025-10-17 00:14:51.561 +02:00 [INF] No migrations were applied. The database is already up to date. {"EventId":{"Id":20405,"Name":"Microsoft.EntityFrameworkCore.Migrations.MigrationsNotApplied"},"SourceContext":"Microsoft.EntityFrameworkCore.Migrations","Application":"MiniJira"}
2025-10-17 00:14:51.571 +02:00 [INF] Database migrations applied successfully {"SourceContext":"Program","Application":"MiniJira"}
2025-10-17 00:14:52.022 +02:00 [INF] Now listening on: https://localhost:7105 {"EventId":{"Id":14,"Name":"ListeningOnAddress"},"SourceContext":"Microsoft.Hosting.Lifetime","Application":"MiniJira"}
2025-10-17 00:14:52.030 +02:00 [INF] Now listening on: http://localhost:5194 {"EventId":{"Id":14,"Name":"ListeningOnAddress"},"SourceContext":"Microsoft.Hosting.Lifetime","Application":"MiniJira"}
2025-10-17 00:14:52.115 +02:00 [INF] Application started. Press Ctrl+C to shut down. {"SourceContext":"Microsoft.Hosting.Lifetime","Application":"MiniJira"}
2025-10-17 00:14:52.118 +02:00 [INF] Hosting environment: Development {"SourceContext":"Microsoft.Hosting.Lifetime","Application":"MiniJira"}
2025-10-17 00:14:52.121 +02:00 [INF] Content root path: D:\KimiAi\MiniJira\MiniJira\MiniJira {"SourceContext":"Microsoft.Hosting.Lifetime","Application":"MiniJira"}
2025-10-17 00:14:53.304 +02:00 [WRN] Unable to contact VS to retrieve Browser Link script tag. {"EventId":{"Id":5,"Name":"FailedToGetBrowserLinkScriptTag"},"SourceContext":"Microsoft.WebTools.BrowserLink.Net.BrowserLinkMiddleware","RequestId":"0HNGD05MVUQF5:00000001","RequestPath":"/","ConnectionId":"0HNGD05MVUQF5","Application":"MiniJira"}
2025-10-17 00:15:24.081 +02:00 [WRN] Unhandled exception rendering component: JavaScript interop calls cannot be issued at this time. This is because the circuit has disconnected and is being disposed. {"EventId":{"Id":100,"Name":"ExceptionRenderingComponent"},"SourceContext":"Microsoft.AspNetCore.Components.Server.Circuits.RemoteRenderer","RequestId":"0HNGD05MVUQF5:00000015","RequestPath":"/_blazor/disconnect","ConnectionId":"0HNGD05MVUQF5","Application":"MiniJira"}
Microsoft.JSInterop.JSDisconnectedException: JavaScript interop calls cannot be issued at this time. This is because the circuit has disconnected and is being disposed.
   at Microsoft.AspNetCore.Components.Server.Circuits.RemoteJSRuntime.BeginInvokeJS(Int64 asyncHandle, String identifier, String argsJson, JSCallResultType resultType, Int64 targetInstanceId)
   at Microsoft.JSInterop.JSRuntime.InvokeAsync[TValue](Int64 targetInstanceId, String identifier, CancellationToken cancellationToken, Object[] args)
   at Microsoft.JSInterop.JSRuntime.InvokeAsync[TValue](Int64 targetInstanceId, String identifier, Object[] args)
   at Microsoft.JSInterop.JSRuntimeExtensions.InvokeVoidAsync(IJSRuntime jsRuntime, String identifier, Object[] args)
   at Microsoft.JSInterop.Implementation.JSObjectReference.DisposeAsync()
   at MiniJira.Shared.MainLayout.DisposeAsync() in D:\KimiAi\MiniJira\MiniJira\MiniJira\Shared\MainLayout.razor.cs:line 132
   at Microsoft.AspNetCore.Components.RenderTree.Renderer.<>c__DisplayClass85_0.<<Dispose>g__HandleAsyncExceptions|1>d.MoveNext()
